Component: ARM Compiler 5.06 update 6 (build 750) Tool: armlink [4d35ed]

==============================================================================

Section Cross References

    startup_stm32f407xx.o(RESET) refers to startup_stm32f407xx.o(STACK) for __initial_sp
    startup_stm32f407xx.o(RESET) refers to startup_stm32f407xx.o(.text) for Reset_Handler
    startup_stm32f407xx.o(RESET) refers to stm32f4xx_it.o(i.NMI_Handler) for NMI_Handler
    startup_stm32f407xx.o(RESET) refers to stm32f4xx_it.o(i.HardFault_Handler) for HardFault_Handler
    startup_stm32f407xx.o(RESET) refers to stm32f4xx_it.o(i.MemManage_Handler) for MemManage_Handler
    startup_stm32f407xx.o(RESET) refers to stm32f4xx_it.o(i.BusFault_Handler) for BusFault_Handler
    startup_stm32f407xx.o(RESET) refers to stm32f4xx_it.o(i.UsageFault_Handler) for UsageFault_Handler
    startup_stm32f407xx.o(RESET) refers to stm32f4xx_it.o(i.SVC_Handler) for SVC_Handler
    startup_stm32f407xx.o(RESET) refers to stm32f4xx_it.o(i.DebugMon_Handler) for DebugMon_Handler
    startup_stm32f407xx.o(RESET) refers to stm32f4xx_it.o(i.PendSV_Handler) for PendSV_Handler
    startup_stm32f407xx.o(RESET) refers to stm32f4xx_it.o(i.SysTick_Handler) for SysTick_Handler
    startup_stm32f407xx.o(RESET) refers to stm32f4xx_it.o(i.TIM1_CC_IRQHandler) for TIM1_CC_IRQHandler
    startup_stm32f407xx.o(RESET) refers to stm32f4xx_it.o(i.TIM3_IRQHandler) for TIM3_IRQHandler
    startup_stm32f407xx.o(.text) refers to system_stm32f4xx.o(i.SystemInit) for SystemInit
    startup_stm32f407xx.o(.text) refers to entry.o(.ARM.Collect$$$$00000000) for __main
    imu.o(i.IMU_AHRSupdate) refers to imu.o(i.invSqrt) for invSqrt
    imu.o(i.IMU_AHRSupdate) refers to f2d.o(.text) for __aeabi_f2d
    imu.o(i.IMU_AHRSupdate) refers to sqrt.o(i.__hardfp_sqrt) for __hardfp_sqrt
    imu.o(i.IMU_AHRSupdate) refers to d2f.o(.text) for __aeabi_d2f
    imu.o(i.IMU_AHRSupdate) refers to imu.o(.data) for .data
    imu.o(i.IMU_GetQuater) refers to imu.o(i.IMU_AHRSupdate) for IMU_AHRSupdate
    imu.o(i.IMU_GetQuater) refers to mpu9255.o(.data) for gyro
    imu.o(i.IMU_GetQuater) refers to imu.o(.data) for .data
    imu.o(i.IMU_GetYawPitchRoll) refers to imu.o(i.IMU_GetQuater) for IMU_GetQuater
    imu.o(i.IMU_GetYawPitchRoll) refers to f2d.o(.text) for __aeabi_f2d
    imu.o(i.IMU_GetYawPitchRoll) refers to asin.o(i.__hardfp_asin) for __hardfp_asin
    imu.o(i.IMU_GetYawPitchRoll) refers to dmul.o(.text) for __aeabi_dmul
    imu.o(i.IMU_GetYawPitchRoll) refers to d2f.o(.text) for __aeabi_d2f
    imu.o(i.IMU_GetYawPitchRoll) refers to atan2.o(i.__hardfp_atan2) for __hardfp_atan2
    imu.o(i.IMU_GetYawPitchRoll) refers to imu.o(.data) for .data
    imu.o(i.IMU_Init) refers to imu.o(.data) for .data
    mpu9255.o(i.Average_Filter) refers to dflti.o(.text) for __aeabi_i2d
    mpu9255.o(i.Average_Filter) refers to dmul.o(.text) for __aeabi_dmul
    mpu9255.o(i.Average_Filter) refers to d2f.o(.text) for __aeabi_d2f
    mpu9255.o(i.Average_Filter) refers to mpu9255.o(.data) for .data
    mpu9255.o(i.Average_Filter) refers to mpu9255.o(.bss) for .bss
    mpu9255.o(i.Average_Filter_2) refers to dflti.o(.text) for __aeabi_i2d
    mpu9255.o(i.Average_Filter_2) refers to dmul.o(.text) for __aeabi_dmul
    mpu9255.o(i.Average_Filter_2) refers to d2f.o(.text) for __aeabi_d2f
    mpu9255.o(i.Average_Filter_2) refers to mpu9255.o(.data) for .data
    mpu9255.o(i.Average_Filter_2) refers to mpu9255.o(.bss) for .bss
    mpu9255.o(i.InitGyrOffset) refers to mpu9255.o(i.readRegisterMPU9250) for readRegisterMPU9250
    mpu9255.o(i.InitGyrOffset) refers to stm32f4xx_hal.o(i.HAL_Delay) for HAL_Delay
    mpu9255.o(i.InitGyrOffset) refers to mpu9255.o(i.MPU9255_Get_Data) for MPU9255_Get_Data
    mpu9255.o(i.InitGyrOffset) refers to imu.o(i.IMU_GetYawPitchRoll) for IMU_GetYawPitchRoll
    mpu9255.o(i.InitGyrOffset) refers to mpu9255.o(.bss) for .bss
    mpu9255.o(i.InitGyrOffset) refers to mpu9255.o(.data) for .data
    mpu9255.o(i.MPU9255_Get_Data) refers to mpu9255.o(i.readRegisterMPU9250) for readRegisterMPU9250
    mpu9255.o(i.MPU9255_Get_Data) refers to mpu9255.o(i.Average_Filter_2) for Average_Filter_2
    mpu9255.o(i.MPU9255_Get_Data) refers to dflti.o(.text) for __aeabi_i2d
    mpu9255.o(i.MPU9255_Get_Data) refers to dmul.o(.text) for __aeabi_dmul
    mpu9255.o(i.MPU9255_Get_Data) refers to ddiv.o(.text) for __aeabi_ddiv
    mpu9255.o(i.MPU9255_Get_Data) refers to f2d.o(.text) for __aeabi_f2d
    mpu9255.o(i.MPU9255_Get_Data) refers to dadd.o(.text) for __aeabi_dadd
    mpu9255.o(i.MPU9255_Get_Data) refers to d2f.o(.text) for __aeabi_d2f
    mpu9255.o(i.MPU9255_Get_Data) refers to mpu9255.o(.bss) for .bss
    mpu9255.o(i.MPU9255_Get_Data) refers to mpu9255.o(.data) for .data
    mpu9255.o(i.MPU9255_Init) refers to mpu9255.o(i.writeRegisterMPU9250) for writeRegisterMPU9250
    mpu9255.o(i.MPU9255_Init) refers to stm32f4xx_hal_i2c.o(i.HAL_I2C_Master_Transmit) for HAL_I2C_Master_Transmit
[...]
    Removing stm32f4xx_hal_tim.o(i.HAL_TIM_OC_DeInit), (56 bytes).
    Removing stm32f4xx_hal_tim.o(i.HAL_TIM_OC_GetState), (6 bytes).
    Removing stm32f4xx_hal_tim.o(i.HAL_TIM_OC_Init), (54 bytes).
    Removing stm32f4xx_hal_tim.o(i.HAL_TIM_OC_MspDeInit), (2 bytes).
    Removing stm32f4xx_hal_tim.o(i.HAL_TIM_OC_MspInit), (2 bytes).
    Removing stm32f4xx_hal_tim.o(i.HAL_TIM_OC_Start), (56 bytes).
    Removing stm32f4xx_hal_tim.o(i.HAL_TIM_OC_Start_DMA), (240 bytes).
    Removing stm32f4xx_hal_tim.o(i.HAL_TIM_OC_Start_IT), (108 bytes).
    Removing stm32f4xx_hal_tim.o(i.HAL_TIM_OC_Stop), (88 bytes).
    Removing stm32f4xx_hal_tim.o(i.HAL_TIM_OC_Stop_DMA), (144 bytes).
    Removing stm32f4xx_hal_tim.o(i.HAL_TIM_OC_Stop_IT), (136 bytes).
    Removing stm32f4xx_hal_tim.o(i.HAL_TIM_OnePulse_ConfigChannel), (218 bytes).
    Removing stm32f4xx_hal_tim.o(i.HAL_TIM_OnePulse_DeInit), (56 bytes).
    Removing stm32f4xx_hal_tim.o(i.HAL_TIM_OnePulse_GetState), (6 bytes).
    Removing stm32f4xx_hal_tim.o(i.HAL_TIM_OnePulse_Init), (74 bytes).
    Removing stm32f4xx_hal_tim.o(i.HAL_TIM_OnePulse_MspDeInit), (2 bytes).
    Removing stm32f4xx_hal_tim.o(i.HAL_TIM_OnePulse_MspInit), (2 bytes).
    Removing stm32f4xx_hal_tim.o(i.HAL_TIM_OnePulse_Start), (60 bytes).
    Removing stm32f4xx_hal_tim.o(i.HAL_TIM_OnePulse_Start_IT), (80 bytes).
    Removing stm32f4xx_hal_tim.o(i.HAL_TIM_OnePulse_Stop), (100 bytes).
    Removing stm32f4xx_hal_tim.o(i.HAL_TIM_OnePulse_Stop_IT), (120 bytes).
    Removing stm32f4xx_hal_tim.o(i.HAL_TIM_PWM_DeInit), (56 bytes).
    Removing stm32f4xx_hal_tim.o(i.HAL_TIM_PWM_GetState), (6 bytes).
    Removing stm32f4xx_hal_tim.o(i.HAL_TIM_PWM_MspDeInit), (2 bytes).
    Removing stm32f4xx_hal_tim.o(i.HAL_TIM_PWM_Start_DMA), (240 bytes).
    Removing stm32f4xx_hal_tim.o(i.HAL_TIM_PWM_Start_IT), (108 bytes).
    Removing stm32f4xx_hal_tim.o(i.HAL_TIM_PWM_Stop), (92 bytes).
    Removing stm32f4xx_hal_tim.o(i.HAL_TIM_PWM_Stop_DMA), (144 bytes).
    Removing stm32f4xx_hal_tim.o(i.HAL_TIM_PWM_Stop_IT), (136 bytes).
    Removing stm32f4xx_hal_tim.o(i.HAL_TIM_PeriodElapsedCallback), (2 bytes).
    Removing stm32f4xx_hal_tim.o(i.HAL_TIM_ReadCapturedValue), (68 bytes).
    Removing stm32f4xx_hal_tim.o(i.HAL_TIM_SlaveConfigSynchronization), (66 bytes).
    Removing stm32f4xx_hal_tim.o(i.HAL_TIM_SlaveConfigSynchronization_IT), (66 bytes).
    Removing stm32f4xx_hal_tim.o(i.TIM_DMACaptureCplt), (62 bytes).
    Removing stm32f4xx_hal_tim.o(i.TIM_DMADelayPulseCplt), (62 bytes).
    Removing stm32f4xx_hal_tim.o(i.TIM_DMAError), (16 bytes).
    Removing stm32f4xx_hal_tim.o(i.TIM_DMAPeriodElapsedCplt), (16 bytes).
    Removing stm32f4xx_hal_tim.o(i.TIM_DMATriggerCplt), (16 bytes).
    Removing stm32f4xx_hal_tim.o(i.TIM_SlaveTimer_SetConfig), (124 bytes).
    Removing stm32f4xx_hal_tim_ex.o(.rev16_text), (4 bytes).
    Removing stm32f4xx_hal_tim_ex.o(.revsh_text), (4 bytes).
    Removing stm32f4xx_hal_tim_ex.o(.rrx_text), (6 bytes).
    Removing stm32f4xx_hal_tim_ex.o(i.HAL_TIMEx_ConfigBreakDeadTime), (90 bytes).
    Removing stm32f4xx_hal_tim_ex.o(i.HAL_TIMEx_ConfigCommutationEvent), (92 bytes).
    Removing stm32f4xx_hal_tim_ex.o(i.HAL_TIMEx_ConfigCommutationEvent_DMA), (124 bytes).
    Removing stm32f4xx_hal_tim_ex.o(i.HAL_TIMEx_ConfigCommutationEvent_IT), (102 bytes).
    Removing stm32f4xx_hal_tim_ex.o(i.HAL_TIMEx_HallSensor_DeInit), (56 bytes).
    Removing stm32f4xx_hal_tim_ex.o(i.HAL_TIMEx_HallSensor_GetState), (6 bytes).
    Removing stm32f4xx_hal_tim_ex.o(i.HAL_TIMEx_HallSensor_Init), (176 bytes).
    Removing stm32f4xx_hal_tim_ex.o(i.HAL_TIMEx_HallSensor_MspDeInit), (2 bytes).
    Removing stm32f4xx_hal_tim_ex.o(i.HAL_TIMEx_HallSensor_MspInit), (2 bytes).
    Removing stm32f4xx_hal_tim_ex.o(i.HAL_TIMEx_HallSensor_Start), (28 bytes).
    Removing stm32f4xx_hal_tim_ex.o(i.HAL_TIMEx_HallSensor_Start_DMA), (104 bytes).
    Removing stm32f4xx_hal_tim_ex.o(i.HAL_TIMEx_HallSensor_Start_IT), (38 bytes).
    Removing stm32f4xx_hal_tim_ex.o(i.HAL_TIMEx_HallSensor_Stop), (46 bytes).
    Removing stm32f4xx_hal_tim_ex.o(i.HAL_TIMEx_HallSensor_Stop_DMA), (56 bytes).
    Removing stm32f4xx_hal_tim_ex.o(i.HAL_TIMEx_HallSensor_Stop_IT), (56 bytes).
    Removing stm32f4xx_hal_tim_ex.o(i.HAL_TIMEx_OCN_Start), (36 bytes).
    Removing stm32f4xx_hal_tim_ex.o(i.HAL_TIMEx_OCN_Start_DMA), (220 bytes).
    Removing stm32f4xx_hal_tim_ex.o(i.HAL_TIMEx_OCN_Start_IT), (96 bytes).
    Removing stm32f4xx_hal_tim_ex.o(i.HAL_TIMEx_OCN_Stop), (68 bytes).
    Removing stm32f4xx_hal_tim_ex.o(i.HAL_TIMEx_OCN_Stop_DMA), (124 bytes).
    Removing stm32f4xx_hal_tim_ex.o(i.HAL_TIMEx_OCN_Stop_IT), (134 bytes).
    Removing stm32f4xx_hal_tim_ex.o(i.HAL_TIMEx_OnePulseN_Start), (26 bytes).
    Removing stm32f4xx_hal_tim_ex.o(i.HAL_TIMEx_OnePulseN_Start_IT), (46 bytes).
    Removing stm32f4xx_hal_tim_ex.o(i.HAL_TIMEx_OnePulseN_Stop), (68 bytes).
    Removing stm32f4xx_hal_tim_ex.o(i.HAL_TIMEx_OnePulseN_Stop_IT), (88 bytes).
    Removing stm32f4xx_hal_tim_ex.o(i.HAL_TIMEx_PWMN_Start), (36 bytes).
    Removing stm32f4xx_hal_tim_ex.o(i.HAL_TIMEx_PWMN_Start_DMA), (220 bytes).
    Removing stm32f4xx_hal_tim_ex.o(i.HAL_TIMEx_PWMN_Start_IT), (96 bytes).
    Removing stm32f4xx_hal_tim_ex.o(i.HAL_TIMEx_PWMN_Stop), (68 bytes).
    Removing stm32f4xx_hal_tim_ex.o(i.HAL_TIMEx_PWMN_Stop_DMA), (124 bytes).
    Removing stm32f4xx_hal_tim_ex.o(i.HAL_TIMEx_PWMN_Stop_IT), (134 bytes).
    Removing stm32f4xx_hal_tim_ex.o(i.HAL_TIMEx_RemapConfig), (34 bytes).
    Removing stm32f4xx_hal_tim_ex.o(i.TIMEx_DMACommutationCplt), (16 bytes).
    Removing stm32f4xx_hal_tim_ex.o(i.TIM_CCxNChannelCmd), (22 bytes).
    Removing dneg.o(.text), (6 bytes).
    Removing cdcmple.o(.text), (48 bytes).

422 unused section(s) (total 28632 bytes) removed from the image.

==============================================================================

Image Symbol Table

    Local Symbols

    Symbol Name                              Value     Ov Type        Size  Object(Section)

    ../Drivers/STM32F4xx_HAL_Driver/Src/stm32f4xx_hal.c 0x00000000   Number         0  stm32f4xx_hal.o ABSOLUTE
    ../Drivers/STM32F4xx_HAL_Driver/Src/stm32f4xx_hal_cortex.c 0x00000000   Number         0  stm32f4xx_hal_cortex.o ABSOLUTE
    ../Drivers/STM32F4xx_HAL_Driver/Src/stm32f4xx_hal_dma.c 0x00000000   Number         0  stm32f4xx_hal_dma.o ABSOLUTE
    ../Drivers/STM32F4xx_HAL_Driver/Src/stm32f4xx_hal_dma_ex.c 0x00000000   Number         0  stm32f4xx_hal_dma_ex.o ABSOLUTE
    ../Drivers/STM32F4xx_HAL_Driver/Src/stm32f4xx_hal_flash.c 0x00000000   Number         0  stm32f4xx_hal_flash.o ABSOLUTE
    ../Drivers/STM32F4xx_HAL_Driver/Src/stm32f4xx_hal_flash_ex.c 0x00000000   Number         0  stm32f4xx_hal_flash_ex.o ABSOLUTE
    ../Drivers/STM32F4xx_HAL_Driver/Src/stm32f4xx_hal_flash_ramfunc.c 0x00000000   Number         0  stm32f4xx_hal_flash_ramfunc.o ABSOLUTE
    ../Drivers/STM32F4xx_HAL_Driver/Src/stm32f4xx_hal_gpio.c 0x00000000   Number         0  stm32f4xx_hal_gpio.o ABSOLUTE
    ../Drivers/STM32F4xx_HAL_Driver/Src/stm32f4xx_hal_i2c.c 0x00000000   Number         0  stm32f4xx_hal_i2c.o ABSOLUTE
    ../Drivers/STM32F4xx_HAL_Driver/Src/stm32f4xx_hal_i2c_ex.c 0x00000000   Number         0  stm32f4xx_hal_i2c_ex.o ABSOLUTE
    ../Drivers/STM32F4xx_HAL_Driver/Src/stm32f4xx_hal_pwr.c 0x00000000   Number         0  stm32f4xx_hal_pwr.o ABSOLUTE
    ../Drivers/STM32F4xx_HAL_Driver/Src/stm32f4xx_hal_pwr_ex.c 0x00000000   Number         0  stm32f4xx_hal_pwr_ex.o ABSOLUTE
    ../Drivers/STM32F4xx_HAL_Driver/Src/stm32f4xx_hal_rcc.c 0x00000000   Number         0  stm32f4xx_hal_rcc.o ABSOLUTE
    ../Drivers/STM32F4xx_HAL_Driver/Src/stm32f4xx_hal_rcc_ex.c 0x00000000   Number         0  stm32f4xx_hal_rcc_ex.o ABSOLUTE
    ../Drivers/STM32F4xx_HAL_Driver/Src/stm32f4xx_hal_tim.c 0x00000000   Number         0  stm32f4xx_hal_tim.o ABSOLUTE
    ../Drivers/STM32F4xx_HAL_Driver/Src/stm32f4xx_hal_tim_ex.c 0x00000000   Number         0  stm32f4xx_hal_tim_ex.o ABSOLUTE
    ../Src/main.c                            0x00000000   Number         0  main.o ABSOLUTE
    ../Src/stm32f4xx_hal_msp.c               0x00000000   Number         0  stm32f4xx_hal_msp.o ABSOLUTE
    ../Src/stm32f4xx_it.c                    0x00000000   Number         0  stm32f4xx_it.o ABSOLUTE
    ../Src/system_stm32f4xx.c                0x00000000   Number         0  system_stm32f4xx.o ABSOLUTE
    ../clib/../cmprslib/zerorunl2.c          0x00000000   Number         0  __dczerorl2.o ABSOLUTE
    ../clib/microlib/division.c              0x00000000   Number         0  uldiv.o ABSOLUTE
    ../clib/microlib/errno.c                 0x00000000   Number         0  errno.o ABSOLUTE
    ../clib/microlib/init/entry.s            0x00000000   Number         0  entry11b.o ABSOLUTE
    ../clib/microlib/init/entry.s            0x00000000   Number         0  entry7b.o ABSOLUTE
    ../clib/microlib/init/entry.s            0x00000000   Number         0  entry10b.o ABSOLUTE
    ../clib/microlib/init/entry.s            0x00000000   Number         0  entry.o ABSOLUTE
    ../clib/microlib/init/entry.s            0x00000000   Number         0  entry8a.o ABSOLUTE
    ../clib/microlib/init/entry.s            0x00000000   Number         0  entry8b.o ABSOLUTE
    ../clib/microlib/init/entry.s            0x00000000   Number         0  entry10a.o ABSOLUTE
    ../clib/microlib/init/entry.s            0x00000000   Number         0  entry9a.o ABSOLUTE
    ../clib/microlib/init/entry.s            0x00000000   Number         0  entry9b.o ABSOLUTE
    ../clib/microlib/init/entry.s            0x00000000   Number         0  entry2.o ABSOLUTE
    ../clib/microlib/init/entry.s            0x00000000   Number         0  entry5.o ABSOLUTE
    ../clib/microlib/init/entry.s            0x00000000   Number         0  entry11a.o ABSOLUTE
    ../clib/microlib/init/entry.s            0x00000000   Number         0  entry7a.o ABSOLUTE
    ../clib/microlib/longlong.c              0x00000000   Number         0  llushr.o ABSOLUTE
    ../clib/microlib/longlong.c              0x00000000   Number         0  llshl.o ABSOLUTE
    ../clib/microlib/longlong.c              0x00000000   Number         0  llsshr.o ABSOLUTE
    ../clib/microlib/string/memset.c         0x00000000   Number         0  memseta.o ABSOLUTE
    ../clib/microlib/stubs.s                 0x00000000   Number         0  iusefp.o ABSOLUTE
    ../fplib/microlib/d2f.c                  0x00000000   Number         0  d2f.o ABSOLUTE
    ../fplib/microlib/f2d.c                  0x00000000   Number         0  f2d.o ABSOLUTE
    ../fplib/microlib/fpadd.c                0x00000000   Number         0  dadd.o ABSOLUTE
    ../fplib/microlib/fpdiv.c                0x00000000   Number         0  ddiv.o ABSOLUTE
    ../fplib/microlib/fpepilogue.c           0x00000000   Number         0  depilogue.o ABSOLUTE
    ../fplib/microlib/fpepilogue.c           0x00000000   Number         0  fepilogue.o ABSOLUTE
    ../fplib/microlib/fpflt.c                0x00000000   Number         0  dflti.o ABSOLUTE
    ../fplib/microlib/fpmul.c                0x00000000   Number         0  dmul.o ABSOLUTE
    ../fplib/microlib/fpneg.c                0x00000000   Number         0  dneg.o ABSOLUTE
    ../fplib/microlib/fpsqrt.c               0x00000000   Number         0  dsqrt.o ABSOLUTE
    ../mathlib/asin.c                        0x00000000   Number         0  asin.o ABSOLUTE
    ../mathlib/asin.c                        0x00000000   Number         0  asin_x.o ABSOLUTE
    ../mathlib/atan.c                        0x00000000   Number         0  atan_x.o ABSOLUTE
    ../mathlib/atan.c                        0x00000000   Number         0  atan.o ABSOLUTE
    ../mathlib/atan2.c                       0x00000000   Number         0  atan2_x.o ABSOLUTE
    ../mathlib/atan2.c                       0x00000000   Number         0  atan2.o ABSOLUTE
    ../mathlib/dunder.c                      0x00000000   Number         0  dunder.o ABSOLUTE
    ../mathlib/fabs.c                        0x00000000   Number         0  fabs.o ABSOLUTE
    ../mathlib/fpclassify.c                  0x00000000   Number         0  fpclassify.o ABSOLUTE
    ../mathlib/poly.c                        0x00000000   Number         0  poly.o ABSOLUTE
    ../mathlib/qnan.c                        0x00000000   Number         0  qnan.o ABSOLUTE
    ../mathlib/sqrt.c                        0x00000000   Number         0  sqrt.o ABSOLUTE
    ../mathlib/sqrt.c                        0x00000000   Number         0  sqrt_x.o ABSOLUTE
    ..\Drivers\STM32F4xx_HAL_Driver\Src\stm32f4xx_hal.c 0x00000000   Number         0  stm32f4xx_hal.o ABSOLUTE
    ..\Drivers\STM32F4xx_HAL_Driver\Src\stm32f4xx_hal_cortex.c 0x00000000   Number         0  stm32f4xx_hal_cortex.o ABSOLUTE
    ..\Drivers\STM32F4xx_HAL_Driver\Src\stm32f4xx_hal_dma.c 0x00000000   Number         0  stm32f4xx_hal_dma.o ABSOLUTE
    ..\Drivers\STM32F4xx_HAL_Driver\Src\stm32f4xx_hal_dma_ex.c 0x00000000   Number         0  stm32f4xx_hal_dma_ex.o ABSOLUTE
    ..\Drivers\STM32F4xx_HAL_Driver\Src\stm32f4xx_hal_flash.c 0x00000000   Number         0  stm32f4xx_hal_flash.o ABSOLUTE
    ..\Drivers\STM32F4xx_HAL_Driver\Src\stm32f4xx_hal_flash_ex.c 0x00000000   Number         0  stm32f4xx_hal_flash_ex.o ABSOLUTE
    ..\Drivers\STM32F4xx_HAL_Driver\Src\stm32f4xx_hal_flash_ramfunc.c 0x00000000   Number         0  stm32f4xx_hal_flash_ramfunc.o ABSOLUTE
    ..\Drivers\STM32F4xx_HAL_Driver\Src\stm32f4xx_hal_gpio.c 0x00000000   Number         0  stm32f4xx_hal_gpio.o ABSOLUTE
    ..\Drivers\STM32F4xx_HAL_Driver\Src\stm32f4xx_hal_i2c.c 0x00000000   Number         0  stm32f4xx_hal_i2c.o ABSOLUTE
    ..\Drivers\STM32F4xx_HAL_Driver\Src\stm32f4xx_hal_i2c_ex.c 0x00000000   Number         0  stm32f4xx_hal_i2c_ex.o ABSOLUTE
    ..\Drivers\STM32F4xx_HAL_Driver\Src\stm32f4xx_hal_pwr.c 0x00000000   Number         0  stm32f4xx_hal_pwr.o ABSOLUTE
    ..\Drivers\STM32F4xx_HAL_Driver\Src\stm32f4xx_hal_pwr_ex.c 0x00000000   Number         0  stm32f4xx_hal_pwr_ex.o ABSOLUTE
    ..\Drivers\STM32F4xx_HAL_Driver\Src\stm32f4xx_hal_rcc.c 0x00000000   Number         0  stm32f4xx_hal_rcc.o ABSOLUTE
    ..\Drivers\STM32F4xx_HAL_Driver\Src\stm32f4xx_hal_rcc_ex.c 0x00000000   Number         0  stm32f4xx_hal_rcc_ex.o ABSOLUTE
    ..\Drivers\STM32F4xx_HAL_Driver\Src\stm32f4xx_hal_tim.c 0x00000000   Number         0  stm32f4xx_hal_tim.o ABSOLUTE
    ..\Drivers\STM32F4xx_HAL_Driver\Src\stm32f4xx_hal_tim_ex.c 0x00000000   Number         0  stm32f4xx_hal_tim_ex.o ABSOLUTE
    ..\Src\IMU.c                             0x00000000   Number         0  imu.o ABSOLUTE
    ..\Src\main.c                            0x00000000   Number         0  main.o ABSOLUTE
    ..\Src\mpu9255.c                         0x00000000   Number         0  mpu9255.o ABSOLUTE
    ..\Src\stm32f4xx_hal_msp.c               0x00000000   Number         0  stm32f4xx_hal_msp.o ABSOLUTE
    ..\Src\stm32f4xx_it.c                    0x00000000   Number         0  stm32f4xx_it.o ABSOLUTE
    ..\Src\system_stm32f4xx.c                0x00000000   Number         0  system_stm32f4xx.o ABSOLUTE
    ..\\Src\\IMU.c                           0x00000000   Number         0  imu.o ABSOLUTE
    ..\\Src\\mpu9255.c                       0x00000000   Number         0  mpu9255.o ABSOLUTE
    cdcmple.s                                0x00000000   Number         0  cdcmple.o ABSOLUTE
    dc.s                                     0x00000000   Number         0  dc.o ABSOLUTE
    handlers.s                               0x00000000   Number         0  handlers.o ABSOLUTE
    init.s                                   0x00000000   Number         0  init.o ABSOLUTE
    startup_stm32f407xx.s                    0x00000000   Number         0  startup_stm32f407xx.o ABSOLUTE
    RESET                                    0x08000000   Section      392  startup_stm32f407xx.o(RESET)
    .ARM.Collect$$$$00000000                 0x08000188   Section        0  entry.o(.ARM.Collect$$$$00000000)
    .ARM.Collect$$$$00000001                 0x08000188   Section        4  entry2.o(.ARM.Collect$$$$00000001)
    .ARM.Collect$$$$00000004                 0x0800018c   Section        4  entry5.o(.ARM.Collect$$$$00000004)
    .ARM.Collect$$$$00000008                 0x08000190   Section        0  entry7b.o(.ARM.Collect$$$$00000008)
    .ARM.Collect$$$$0000000A                 0x08000190   Section        0  entry8b.o(.ARM.Collect$$$$0000000A)
    .ARM.Collect$$$$0000000B                 0x08000190   Section        8  entry9a.o(.ARM.Collect$$$$0000000B)
    .ARM.Collect$$$$0000000D                 0x08000198   Section        0  entry10a.o(.ARM.Collect$$$$0000000D)
    .ARM.Collect$$$$0000000F                 0x08000198   Section        0  entry11a.o(.ARM.Collect$$$$0000000F)
    .ARM.Collect$$$$00002712                 0x08000198   Section        4  entry2.o(.ARM.Collect$$$$00002712)
    __lit__00000000                          0x08000198   Data           4  entry2.o(.ARM.Collect$$$$00002712)
    .text                                    0x0800019c   Section       36  startup_stm32f407xx.o(.text)
    $v0                                      0x0800019c   Number         0  startup_stm32f407xx.o(.text)
    .text                                    0x080001c0   Section        0  uldiv.o(.text)
    .text                                    0x08000222   Section        0  memseta.o(.text)
    .text                                    0x08000246   Section        0  dadd.o(.text)
    .text                                    0x08000394   Section        0  dmul.o(.text)
    .text                                    0x08000478   Section        0  ddiv.o(.text)
    .text                                    0x08000556   Section        0  dflti.o(.text)
    .text                                    0x08000578   Section        0  f2d.o(.text)
    .text                                    0x0800059e   Section        0  d2f.o(.text)
    .text                                    0x080005d6   Section        0  llshl.o(.text)
    .text                                    0x080005f4   Section        0  llushr.o(.text)
    .text                                    0x08000614   Section        0  llsshr.o(.text)
    .text                                    0x08000638   Section        0  fepilogue.o(.text)
    .text                                    0x08000638   Section        0  iusefp.o(.text)
    .text                                    0x080006a6   Section        0  depilogue.o(.text)
    .text                                    0x08000760   Section        0  dsqrt.o(.text)
    .text                                    0x08000804   Section       36  init.o(.text)
    .text                                    0x08000828   Section        0  __dczerorl2.o(.text)
    i.Average_Filter_2                       0x08000880   Section        0  mpu9255.o(i.Average_Filter_2)
    i.BusFault_Handler                       0x08000a74   Section        0  stm32f4xx_it.o(i.BusFault_Handler)
    i.DebugMon_Handler                       0x08000a76   Section        0  stm32f4xx_it.o(i.DebugMon_Handler)
    i.HAL_Delay                              0x08000a78   Section        0  stm32f4xx_hal.o(i.HAL_Delay)
    i.HAL_GPIO_Init                          0x08000a9c   Section        0  stm32f4xx_hal_gpio.o(i.HAL_GPIO_Init)
    i.HAL_GPIO_ReadPin                       0x08000c4c   Section        0  stm32f4xx_hal_gpio.o(i.HAL_GPIO_ReadPin)
    i.HAL_GPIO_WritePin                      0x08000c56   Section        0  stm32f4xx_hal_gpio.o(i.HAL_GPIO_WritePin)
    i.HAL_GetTick                            0x08000c60   Section        0  stm32f4xx_hal.o(i.HAL_GetTick)
    i.HAL_I2C_Init                           0x08000c6c   Section        0  stm32f4xx_hal_i2c.o(i.HAL_I2C_Init)
    i.HAL_I2C_Master_Receive                 0x08000d74   Section        0  stm32f4xx_hal_i2c.o(i.HAL_I2C_Master_Receive)
    i.HAL_I2C_Master_Transmit                0x08000f5c   Section        0  stm32f4xx_hal_i2c.o(i.HAL_I2C_Master_Transmit)
    i.HAL_I2C_MspInit                        0x08001094   Section        0  stm32f4xx_hal_msp.o(i.HAL_I2C_MspInit)
    i.HAL_IncTick                            0x080010fc   Section        0  stm32f4xx_hal.o(i.HAL_IncTick)
    i.HAL_Init                               0x0800110c   Section        0  stm32f4xx_hal.o(i.HAL_Init)
    i.HAL_InitTick                           0x08001140   Section        0  stm32f4xx_hal.o(i.HAL_InitTick)
    i.HAL_MspInit                            0x08001180   Section        0  stm32f4xx_hal_msp.o(i.HAL_MspInit)
    i.HAL_NVIC_EnableIRQ                     0x080011b0   Section        0  stm32f4xx_hal_cortex.o(i.HAL_NVIC_EnableIRQ)
    i.HAL_NVIC_SetPriority                   0x080011c8   Section        0  stm32f4xx_hal_cortex.o(i.HAL_NVIC_SetPriority)
    i.HAL_NVIC_SetPriorityGrouping           0x08001208   Section        0  stm32f4xx_hal_cortex.o(i.HAL_NVIC_SetPriorityGrouping)
    i.HAL_RCC_ClockConfig                    0x0800122c   Section        0  stm32f4xx_hal_rcc.o(i.HAL_RCC_ClockConfig)
    i.HAL_RCC_GetPCLK1Freq                   0x0800135c   Section        0  stm32f4xx_hal_rcc.o(i.HAL_RCC_GetPCLK1Freq)
    i.HAL_RCC_GetSysClockFreq                0x0800137c   Section        0  stm32f4xx_hal_rcc.o(i.HAL_RCC_GetSysClockFreq)
    i.HAL_RCC_OscConfig                      0x080013dc   Section        0  stm32f4xx_hal_rcc.o(i.HAL_RCC_OscConfig)
    i.HAL_SYSTICK_Config                     0x080016f8   Section        0  stm32f4xx_hal_cortex.o(i.HAL_SYSTICK_Config)
    i.HAL_TIMEx_BreakCallback                0x08001720   Section        0  stm32f4xx_hal_tim_ex.o(i.HAL_TIMEx_BreakCallback)
    i.HAL_TIMEx_CommutationCallback          0x08001722   Section        0  stm32f4xx_hal_tim_ex.o(i.HAL_TIMEx_CommutationCallback)
    i.HAL_TIMEx_MasterConfigSynchronization  0x08001724   Section        0  stm32f4xx_hal_tim_ex.o(i.HAL_TIMEx_MasterConfigSynchronization)
    i.HAL_TIM_Base_Init                      0x08001774   Section        0  stm32f4xx_hal_tim.o(i.HAL_TIM_Base_Init)
    i.HAL_TIM_Base_MspInit                   0x080017ac   Section        0  stm32f4xx_hal_msp.o(i.HAL_TIM_Base_MspInit)
    i.HAL_TIM_Base_Start_IT                  0x08001868   Section        0  stm32f4xx_hal_tim.o(i.HAL_TIM_Base_Start_IT)
    i.HAL_TIM_ConfigClockSource              0x08001880   Section        0  stm32f4xx_hal_tim.o(i.HAL_TIM_ConfigClockSource)
    i.HAL_TIM_IC_CaptureCallback             0x08001974   Section        0  main.o(i.HAL_TIM_IC_CaptureCallback)
    i.HAL_TIM_IC_ConfigChannel               0x08001a40   Section        0  stm32f4xx_hal_tim.o(i.HAL_TIM_IC_ConfigChannel)
    i.HAL_TIM_IC_Init                        0x08001b5e   Section        0  stm32f4xx_hal_tim.o(i.HAL_TIM_IC_Init)
    i.HAL_TIM_IC_MspInit                     0x08001b94   Section        0  stm32f4xx_hal_tim.o(i.HAL_TIM_IC_MspInit)
    i.HAL_TIM_IC_Start_IT                    0x08001b96   Section        0  stm32f4xx_hal_tim.o(i.HAL_TIM_IC_Start_IT)
    i.HAL_TIM_IRQHandler                     0x08001be2   Section        0  stm32f4xx_hal_tim.o(i.HAL_TIM_IRQHandler)
    i.HAL_TIM_MspPostInit                    0x08001d48   Section        0  stm32f4xx_hal_msp.o(i.HAL_TIM_MspPostInit)
    i.HAL_TIM_OC_DelayElapsedCallback        0x08001d98   Section        0  stm32f4xx_hal_tim.o(i.HAL_TIM_OC_DelayElapsedCallback)
    i.HAL_TIM_PWM_ConfigChannel              0x08001d9a   Section        0  stm32f4xx_hal_tim.o(i.HAL_TIM_PWM_ConfigChannel)
    i.HAL_TIM_PWM_Init                       0x08001e6a   Section        0  stm32f4xx_hal_tim.o(i.HAL_TIM_PWM_Init)
    i.HAL_TIM_PWM_MspInit                    0x08001ea0   Section        0  stm32f4xx_hal_tim.o(i.HAL_TIM_PWM_MspInit)
    i.HAL_TIM_PWM_PulseFinishedCallback      0x08001ea2   Section        0  stm32f4xx_hal_tim.o(i.HAL_TIM_PWM_PulseFinishedCallback)
    i.HAL_TIM_PWM_Start                      0x08001ea4   Section        0  stm32f4xx_hal_tim.o(i.HAL_TIM_PWM_Start)
    i.HAL_TIM_PeriodElapsedCallback          0x08001edc   Section        0  main.o(i.HAL_TIM_PeriodElapsedCallback)
    i.HAL_TIM_TriggerCallback                0x08002020   Section        0  stm32f4xx_hal_tim.o(i.HAL_TIM_TriggerCallback)
    i.HardFault_Handler                      0x08002022   Section        0  stm32f4xx_it.o(i.HardFault_Handler)
    i.I2C_IsAcknowledgeFailed                0x08002024   Section        0  stm32f4xx_hal_i2c.o(i.I2C_IsAcknowledgeFailed)
    I2C_IsAcknowledgeFailed                  0x08002025   Thumb Code    40  stm32f4xx_hal_i2c.o(i.I2C_IsAcknowledgeFailed)
    i.I2C_MasterRequestRead                  0x0800204c   Section        0  stm32f4xx_hal_i2c.o(i.I2C_MasterRequestRead)
    I2C_MasterRequestRead                    0x0800204d   Thumb Code   222  stm32f4xx_hal_i2c.o(i.I2C_MasterRequestRead)
    i.I2C_MasterRequestWrite                 0x0800212c   Section        0  stm32f4xx_hal_i2c.o(i.I2C_MasterRequestWrite)
    I2C_MasterRequestWrite                   0x0800212d   Thumb Code   142  stm32f4xx_hal_i2c.o(i.I2C_MasterRequestWrite)
    i.I2C_WaitOnBTFFlagUntilTimeout          0x080021c0   Section        0  stm32f4xx_hal_i2c.o(i.I2C_WaitOnBTFFlagUntilTimeout)
    I2C_WaitOnBTFFlagUntilTimeout            0x080021c1   Thumb Code    78  stm32f4xx_hal_i2c.o(i.I2C_WaitOnBTFFlagUntilTimeout)
    i.I2C_WaitOnFlagUntilTimeout             0x0800220e   Section        0  stm32f4xx_hal_i2c.o(i.I2C_WaitOnFlagUntilTimeout)
    I2C_WaitOnFlagUntilTimeout               0x0800220f   Thumb Code    96  stm32f4xx_hal_i2c.o(i.I2C_WaitOnFlagUntilTimeout)
    i.I2C_WaitOnMasterAddressFlagUntilTimeout 0x08002270   Section        0  stm32f4xx_hal_i2c.o(i.I2C_WaitOnMasterAddressFlagUntilTimeout)
    I2C_WaitOnMasterAddressFlagUntilTimeout  0x08002271   Thumb Code   136  stm32f4xx_hal_i2c.o(i.I2C_WaitOnMasterAddressFlagUntilTimeout)
    i.I2C_WaitOnRXNEFlagUntilTimeout         0x080022f8   Section        0  stm32f4xx_hal_i2c.o(i.I2C_WaitOnRXNEFlagUntilTimeout)
    I2C_WaitOnRXNEFlagUntilTimeout           0x080022f9   Thumb Code    98  stm32f4xx_hal_i2c.o(i.I2C_WaitOnRXNEFlagUntilTimeout)
    i.I2C_WaitOnTXEFlagUntilTimeout          0x0800235a   Section        0  stm32f4xx_hal_i2c.o(i.I2C_WaitOnTXEFlagUntilTimeout)
    I2C_WaitOnTXEFlagUntilTimeout            0x0800235b   Thumb Code    78  stm32f4xx_hal_i2c.o(i.I2C_WaitOnTXEFlagUntilTimeout)
    i.IMU_AHRSupdate                         0x080023a8   Section        0  imu.o(i.IMU_AHRSupdate)
    i.IMU_GetQuater                          0x08002728   Section        0  imu.o(i.IMU_GetQuater)
    i.IMU_GetYawPitchRoll                    0x080027d4   Section        0  imu.o(i.IMU_GetYawPitchRoll)
    i.InitGyrOffset                          0x08002938   Section        0  mpu9255.o(i.InitGyrOffset)
    i.MPU9255_Get_Data                       0x080029b4   Section        0  mpu9255.o(i.MPU9255_Get_Data)
    i.MPU9255_Init                           0x08002b04   Section        0  mpu9255.o(i.MPU9255_Init)
    i.MX_GPIO_Init                           0x08002cf4   Section        0  main.o(i.MX_GPIO_Init)
    MX_GPIO_Init                             0x08002cf5   Thumb Code   134  main.o(i.MX_GPIO_Init)
    i.MX_TIM1_Init                           0x08002d84   Section        0  main.o(i.MX_TIM1_Init)
    MX_TIM1_Init                             0x08002d85   Thumb Code   142  main.o(i.MX_TIM1_Init)
    i.MX_TIM2_Init                           0x08002e1c   Section        0  main.o(i.MX_TIM2_Init)
    MX_TIM2_Init                             0x08002e1d   Thumb Code   144  main.o(i.MX_TIM2_Init)
    i.MX_TIM3_Init                           0x08002eb0   Section        0  main.o(i.MX_TIM3_Init)
    MX_TIM3_Init                             0x08002eb1   Thumb Code    72  main.o(i.MX_TIM3_Init)
    i.MemManage_Handler                      0x08002f00   Section        0  stm32f4xx_it.o(i.MemManage_Handler)
    i.NMI_Handler                            0x08002f02   Section        0  stm32f4xx_it.o(i.NMI_Handler)
    i.NVIC_SetPriority                       0x08002f04   Section        0  stm32f4xx_hal_cortex.o(i.NVIC_SetPriority)
    NVIC_SetPriority                         0x08002f05   Thumb Code    32  stm32f4xx_hal_cortex.o(i.NVIC_SetPriority)
    i.PID_Controller_Angles                  0x08002f24   Section        0  main.o(i.PID_Controller_Angles)
    i.PID_Controller_Omega                   0x080031a0   Section        0  main.o(i.PID_Controller_Omega)
    i.PendSV_Handler                         0x08003478   Section        0  stm32f4xx_it.o(i.PendSV_Handler)
    i.Reset_PID                              0x0800347c   Section        0  main.o(i.Reset_PID)
    i.SVC_Handler                            0x080034a8   Section        0  stm32f4xx_it.o(i.SVC_Handler)
    i.SysTick_Handler                        0x080034aa   Section        0  stm32f4xx_it.o(i.SysTick_Handler)
    i.SystemClock_Config                     0x080034b0   Section        0  main.o(i.SystemClock_Config)
    i.SystemInit                             0x08003530   Section        0  system_stm32f4xx.o(i.SystemInit)
    i.TIM1_CC_IRQHandler                     0x08003584   Section        0  stm32f4xx_it.o(i.TIM1_CC_IRQHandler)
    i.TIM3_IRQHandler                        0x08003590   Section        0  stm32f4xx_it.o(i.TIM3_IRQHandler)
    i.TIM_Base_SetConfig                     0x0800359c   Section        0  stm32f4xx_hal_tim.o(i.TIM_Base_SetConfig)
    i.TIM_CCxChannelCmd                      0x0800365c   Section        0  stm32f4xx_hal_tim.o(i.TIM_CCxChannelCmd)
    i.TIM_ETR_SetConfig                      0x08003672   Section        0  stm32f4xx_hal_tim.o(i.TIM_ETR_SetConfig)
    TIM_ETR_SetConfig                        0x08003673   Thumb Code    20  stm32f4xx_hal_tim.o(i.TIM_ETR_SetConfig)
    i.TIM_ITRx_SetConfig                     0x08003686   Section        0  stm32f4xx_hal_tim.o(i.TIM_ITRx_SetConfig)
    TIM_ITRx_SetConfig                       0x08003687   Thumb Code    16  stm32f4xx_hal_tim.o(i.TIM_ITRx_SetConfig)
    i.TIM_OC1_SetConfig                      0x08003698   Section        0  stm32f4xx_hal_tim.o(i.TIM_OC1_SetConfig)
    TIM_OC1_SetConfig                        0x08003699   Thumb Code    80  stm32f4xx_hal_tim.o(i.TIM_OC1_SetConfig)
    i.TIM_OC2_SetConfig                      0x080036f0   Section        0  stm32f4xx_hal_tim.o(i.TIM_OC2_SetConfig)
    i.TIM_OC3_SetConfig                      0x08003754   Section        0  stm32f4xx_hal_tim.o(i.TIM_OC3_SetConfig)
    TIM_OC3_SetConfig                        0x08003755   Thumb Code    88  stm32f4xx_hal_tim.o(i.TIM_OC3_SetConfig)
    i.TIM_OC4_SetConfig                      0x080037b4   Section        0  stm32f4xx_hal_tim.o(i.TIM_OC4_SetConfig)
    TIM_OC4_SetConfig                        0x080037b5   Thumb Code    70  stm32f4xx_hal_tim.o(i.TIM_OC4_SetConfig)
    i.TIM_TI1_ConfigInputStage               0x08003804   Section        0  stm32f4xx_hal_tim.o(i.TIM_TI1_ConfigInputStage)
    TIM_TI1_ConfigInputStage                 0x08003805   Thumb Code    34  stm32f4xx_hal_tim.o(i.TIM_TI1_ConfigInputStage)
    i.TIM_TI1_SetConfig                      0x08003828   Section        0  stm32f4xx_hal_tim.o(i.TIM_TI1_SetConfig)
    i.TIM_TI2_ConfigInputStage               0x080038ac   Section        0  stm32f4xx_hal_tim.o(i.TIM_TI2_ConfigInputStage)
    TIM_TI2_ConfigInputStage                 0x080038ad   Thumb Code    36  stm32f4xx_hal_tim.o(i.TIM_TI2_ConfigInputStage)
    i.TIM_TI2_SetConfig                      0x080038d0   Section        0  stm32f4xx_hal_tim.o(i.TIM_TI2_SetConfig)
    TIM_TI2_SetConfig                        0x080038d1   Thumb Code    54  stm32f4xx_hal_tim.o(i.TIM_TI2_SetConfig)
    i.UsageFault_Handler                     0x08003906   Section        0  stm32f4xx_it.o(i.UsageFault_Handler)
    i.__ARM_fpclassify                       0x08003908   Section        0  fpclassify.o(i.__ARM_fpclassify)
    i.__hardfp_asin                          0x08003938   Section        0  asin.o(i.__hardfp_asin)
    i.__hardfp_atan                          0x08003c98   Section        0  atan.o(i.__hardfp_atan)
    i.__hardfp_atan2                         0x08003f70   Section        0  atan2.o(i.__hardfp_atan2)
    i.__hardfp_sqrt                          0x08004160   Section        0  sqrt.o(i.__hardfp_sqrt)
    i.__kernel_poly                          0x080041da   Section        0  poly.o(i.__kernel_poly)
    i.__mathlib_dbl_infnan                   0x080042d2   Section        0  dunder.o(i.__mathlib_dbl_infnan)
    i.__mathlib_dbl_infnan2                  0x080042e6   Section        0  dunder.o(i.__mathlib_dbl_infnan2)
    i.__mathlib_dbl_invalid                  0x08004300   Section        0  dunder.o(i.__mathlib_dbl_invalid)
    i.__mathlib_dbl_underflow                0x08004320   Section        0  dunder.o(i.__mathlib_dbl_underflow)
    i.__scatterload_copy                     0x08004340   Section       14  handlers.o(i.__scatterload_copy)
    i.__scatterload_null                     0x0800434e   Section        2  handlers.o(i.__scatterload_null)
    i.__scatterload_zeroinit                 0x08004350   Section       14  handlers.o(i.__scatterload_zeroinit)
    i.__set_errno                            0x08004360   Section        0  errno.o(i.__set_errno)
    i.atan                                   0x0800436c   Section        0  atan.o(i.atan)
    i.fabs                                   0x0800437c   Section        0  fabs.o(i.fabs)
    i.invSqrt                                0x08004394   Section        0  imu.o(i.invSqrt)
    i.main                                   0x080043c0   Section        0  main.o(i.main)
    i.readAK8963Registers                    0x08004494   Section        0  mpu9255.o(i.readAK8963Registers)
    i.readRegisterMPU9250                    0x080044cc   Section        0  mpu9255.o(i.readRegisterMPU9250)
    i.sqrt                                   0x08004500   Section        0  sqrt.o(i.sqrt)
    i.writeAK8963Register                    0x0800456e   Section        0  mpu9255.o(i.writeAK8963Register)
    i.writeRegisterMPU9250                   0x08004598   Section        0  mpu9255.o(i.writeRegisterMPU9250)
    .constdata                               0x080045b8   Section       16  system_stm32f4xx.o(.constdata)
    .constdata                               0x080045c8   Section        8  system_stm32f4xx.o(.constdata)
    .constdata                               0x080045d0   Section       80  asin.o(.constdata)
    pS                                       0x080045d0   Data          48  asin.o(.constdata)
    qS                                       0x08004600   Data          32  asin.o(.constdata)
    .constdata                               0x08004620   Section      152  atan.o(.constdata)
    atanhi                                   0x08004620   Data          32  atan.o(.constdata)
    atanlo                                   0x08004640   Data          32  atan.o(.constdata)
    aTodd                                    0x08004660   Data          40  atan.o(.constdata)
    aTeven                                   0x08004688   Data          48  atan.o(.constdata)
    .constdata                               0x080046b8   Section        8  qnan.o(.constdata)
    .data                                    0x20000000   Section       32  imu.o(.data)
    .data                                    0x20000020   Section       91  mpu9255.o(.data)
    .data                                    0x20000080   Section      272  main.o(.data)
    .data                                    0x20000190   Section        4  system_stm32f4xx.o(.data)
    .data                                    0x20000194   Section       12  stm32f4xx_hal.o(.data)
    .data                                    0x200001a0   Section        4  errno.o(.data)
    _errno                                   0x200001a0   Data           4  errno.o(.data)
    .bss                                     0x200001a4   Section     1848  mpu9255.o(.bss)
    .bss                                     0x200008dc   Section      264  main.o(.bss)
    STACK                                    0x200009e8   Section     1024  startup_stm32f407xx.o(STACK)

    Global Symbols

    Symbol Name                              Value     Ov Type        Size  Object(Section)

    BuildAttributes$$THM_ISAv4$E$P$D$K$B$S$7EM$VFPi3$EXTD16$VFPS$VFMA$PE$A:L22UL41UL21$X:L11$S22US41US21$IEEE1$IW$USESV6$~STKCKD$USESV7$~SHL$OTIME$ROPI$IEEEX$EBA8$MICROLIB$REQ8$PRES8$EABIv2 0x00000000   Number         0  anon$$obj.o ABSOLUTE
    __ARM_use_no_argv                        0x00000000   Number         0  main.o ABSOLUTE
    __cpp_initialize__aeabi_                  - Undefined Weak Reference
    __cxa_finalize                            - Undefined Weak Reference
    _clock_init                               - Undefined Weak Reference
    _microlib_exit                            - Undefined Weak Reference
    __Vectors_Size                           0x00000188   Number         0  startup_stm32f407xx.o ABSOLUTE
    __Vectors                                0x08000000   Data           4  startup_stm32f407xx.o(RESET)
    __Vectors_End                            0x08000188   Data           0  startup_stm32f407xx.o(RESET)
    __main                                   0x08000189   Thumb Code     0  entry.o(.ARM.Collect$$$$00000000)
    _main_stk                                0x08000189   Thumb Code     0  entry2.o(.ARM.Collect$$$$00000001)
    _main_scatterload                        0x0800018d   Thumb Code     0  entry5.o(.ARM.Collect$$$$00000004)
    __main_after_scatterload                 0x08000191   Thumb Code     0  entry5.o(.ARM.Collect$$$$00000004)
    _main_clock                              0x08000191   Thumb Code     0  entry7b.o(.ARM.Collect$$$$00000008)
    _main_cpp_init                           0x08000191   Thumb Code     0  entry8b.o(.ARM.Collect$$$$0000000A)
    _main_init                               0x08000191   Thumb Code     0  entry9a.o(.ARM.Collect$$$$0000000B)
    __rt_final_cpp                           0x08000199   Thumb Code     0  entry10a.o(.ARM.Collect$$$$0000000D)
    __rt_final_exit                          0x08000199   Thumb Code     0  entry11a.o(.ARM.Collect$$$$0000000F)
    Reset_Handler                            0x0800019d   Thumb Code     8  startup_stm32f407xx.o(.text)
    ADC_IRQHandler                           0x080001b7   Thumb Code     0  startup_stm32f407xx.o(.text)
    CAN1_RX0_IRQHandler                      0x080001b7   Thumb Code     0  startup_stm32f407xx.o(.text)
    CAN1_RX1_IRQHandler                      0x080001b7   Thumb Code     0  startup_stm32f407xx.o(.text)
    CAN1_SCE_IRQHandler                      0x080001b7   Thumb Code     0  startup_stm32f407xx.o(.text)
    CAN1_TX_IRQHandler                       0x080001b7   Thumb Code     0  startup_stm32f407xx.o(.text)
    CAN2_RX0_IRQHandler                      0x080001b7   Thumb Code     0  startup_stm32f407xx.o(.text)
    CAN2_RX1_IRQHandler                      0x080001b7   Thumb Code     0  startup_stm32f407xx.o(.text)
    CAN2_SCE_IRQHandler                      0x080001b7   Thumb Code     0  startup_stm32f407xx.o(.text)
    CAN2_TX_IRQHandler                       0x080001b7   Thumb Code     0  startup_stm32f407xx.o(.text)
    DCMI_IRQHandler                          0x080001b7   Thumb Code     0  startup_stm32f407xx.o(.text)
    DMA1_Stream0_IRQHandler                  0x080001b7   Thumb Code     0  startup_stm32f407xx.o(.text)
    DMA1_Stream1_IRQHandler                  0x080001b7   Thumb Code     0  startup_stm32f407xx.o(.text)
    DMA1_Stream2_IRQHandler                  0x080001b7   Thumb Code     0  startup_stm32f407xx.o(.text)
    DMA1_Stream3_IRQHandler                  0x080001b7   Thumb Code     0  startup_stm32f407xx.o(.text)
    DMA1_Stream4_IRQHandler                  0x080001b7   Thumb Code     0  startup_stm32f407xx.o(.text)
    DMA1_Stream5_IRQHandler                  0x080001b7   Thumb Code     0  startup_stm32f407xx.o(.text)
    DMA1_Stream6_IRQHandler                  0x080001b7   Thumb Code     0  startup_stm32f407xx.o(.text)
    DMA1_Stream7_IRQHandler                  0x080001b7   Thumb Code     0  startup_stm32f407xx.o(.text)
    DMA2_Stream0_IRQHandler                  0x080001b7   Thumb Code     0  startup_stm32f407xx.o(.text)
    DMA2_Stream1_IRQHandler                  0x080001b7   Thumb Code     0  startup_stm32f407xx.o(.text)
    DMA2_Stream2_IRQHandler                  0x080001b7   Thumb Code     0  startup_stm32f407xx.o(.text)
    DMA2_Stream3_IRQHandler                  0x080001b7   Thumb Code     0  startup_stm32f407xx.o(.text)
    DMA2_Stream4_IRQHandler                  0x080001b7   Thumb Code     0  startup_stm32f407xx.o(.text)
    DMA2_Stream5_IRQHandler                  0x080001b7   Thumb Code     0  startup_stm32f407xx.o(.text)
    DMA2_Stream6_IRQHandler                  0x080001b7   Thumb Code     0  startup_stm32f407xx.o(.text)
    DMA2_Stream7_IRQHandler                  0x080001b7   Thumb Code     0  startup_stm32f407xx.o(.text)
    ETH_IRQHandler                           0x080001b7   Thumb Code     0  startup_stm32f407xx.o(.text)
    ETH_WKUP_IRQHandler                      0x080001b7   Thumb Code     0  startup_stm32f407xx.o(.text)
    EXTI0_IRQHandler                         0x080001b7   Thumb Code     0  startup_stm32f407xx.o(.text)
    EXTI15_10_IRQHandler                     0x080001b7   Thumb Code     0  startup_stm32f407xx.o(.text)
    EXTI1_IRQHandler                         0x080001b7   Thumb Code     0  startup_stm32f407xx.o(.text)
    EXTI2_IRQHandler                         0x080001b7   Thumb Code     0  startup_stm32f407xx.o(.text)
    EXTI3_IRQHandler                         0x080001b7   Thumb Code     0  startup_stm32f407xx.o(.text)
    EXTI4_IRQHandler                         0x080001b7   Thumb Code     0  startup_stm32f407xx.o(.text)
    EXTI9_5_IRQHandler                       0x080001b7   Thumb Code     0  startup_stm32f407xx.o(.text)
    FLASH_IRQHandler                         0x080001b7   Thumb Code     0  startup_stm32f407xx.o(.text)
    FMC_IRQHandler                           0x080001b7   Thumb Code     0  startup_stm32f407xx.o(.text)
    FPU_IRQHandler                           0x080001b7   Thumb Code     0  startup_stm32f407xx.o(.text)
    HASH_RNG_IRQHandler                      0x080001b7   Thumb Code     0  startup_stm32f407xx.o(.text)
    I2C1_ER_IRQHandler                       0x080001b7   Thumb Code     0  startup_stm32f407xx.o(.text)
    I2C1_EV_IRQHandler                       0x080001b7   Thumb Code     0  startup_stm32f407xx.o(.text)
    I2C2_ER_IRQHandler                       0x080001b7   Thumb Code     0  startup_stm32f407xx.o(.text)
    I2C2_EV_IRQHandler                       0x080001b7   Thumb Code     0  startup_stm32f407xx.o(.text)
    I2C3_ER_IRQHandler                       0x080001b7   Thumb Code     0  startup_stm32f407xx.o(.text)
    I2C3_EV_IRQHandler                       0x080001b7   Thumb Code     0  startup_stm32f407xx.o(.text)
    OTG_FS_IRQHandler                        0x080001b7   Thumb Code     0  startup_stm32f407xx.o(.text)
    OTG_FS_WKUP_IRQHandler                   0x080001b7   Thumb Code     0  startup_stm32f407xx.o(.text)
    OTG_HS_EP1_IN_IRQHandler                 0x080001b7   Thumb Code     0  startup_stm32f407xx.o(.text)
    OTG_HS_EP1_OUT_IRQHandler                0x080001b7   Thumb Code     0  startup_stm32f407xx.o(.text)
    OTG_HS_IRQHandler                        0x080001b7   Thumb Code     0  startup_stm32f407xx.o(.text)
    OTG_HS_WKUP_IRQHandler                   0x080001b7   Thumb Code     0  startup_stm32f407xx.o(.text)
    PVD_IRQHandler                           0x080001b7   Thumb Code     0  startup_stm32f407xx.o(.text)
    RCC_IRQHandler                           0x080001b7   Thumb Code     0  startup_stm32f407xx.o(.text)
    RTC_Alarm_IRQHandler                     0x080001b7   Thumb Code     0  startup_stm32f407xx.o(.text)
    RTC_WKUP_IRQHandler                      0x080001b7   Thumb Code     0  startup_stm32f407xx.o(.text)
    SDIO_IRQHandler                          0x080001b7   Thumb Code     0  startup_stm32f407xx.o(.text)
    SPI1_IRQHandler                          0x080001b7   Thumb Code     0  startup_stm32f407xx.o(.text)
    SPI2_IRQHandler                          0x080001b7   Thumb Code     0  startup_stm32f407xx.o(.text)
    SPI3_IRQHandler                          0x080001b7   Thumb Code     0  startup_stm32f407xx.o(.text)
    TAMP_STAMP_IRQHandler                    0x080001b7   Thumb Code     0  startup_stm32f407xx.o(.text)
    TIM1_BRK_TIM9_IRQHandler                 0x080001b7   Thumb Code     0  startup_stm32f407xx.o(.text)
    TIM1_TRG_COM_TIM11_IRQHandler            0x080001b7   Thumb Code     0  startup_stm32f407xx.o(.text)
    TIM1_UP_TIM10_IRQHandler                 0x080001b7   Thumb Code     0  startup_stm32f407xx.o(.text)
    TIM2_IRQHandler                          0x080001b7   Thumb Code     0  startup_stm32f407xx.o(.text)
    TIM4_IRQHandler                          0x080001b7   Thumb Code     0  startup_stm32f407xx.o(.text)
    TIM5_IRQHandler                          0x080001b7   Thumb Code     0  startup_stm32f407xx.o(.text)
    TIM6_DAC_IRQHandler                      0x080001b7   Thumb Code     0  startup_stm32f407xx.o(.text)
    TIM7_IRQHandler                          0x080001b7   Thumb Code     0  startup_stm32f407xx.o(.text)
    TIM8_BRK_TIM12_IRQHandler                0x080001b7   Thumb Code     0  startup_stm32f407xx.o(.text)
    TIM8_CC_IRQHandler                       0x080001b7   Thumb Code     0  startup_stm32f407xx.o(.text)
    TIM8_TRG_COM_TIM14_IRQHandler            0x080001b7   Thumb Code     0  startup_stm32f407xx.o(.text)
    TIM8_UP_TIM13_IRQHandler                 0x080001b7   Thumb Code     0  startup_stm32f407xx.o(.text)
    UART4_IRQHandler                         0x080001b7   Thumb Code     0  startup_stm32f407xx.o(.text)
    UART5_IRQHandler                         0x080001b7   Thumb Code     0  startup_stm32f407xx.o(.text)
    USART1_IRQHandler                        0x080001b7   Thumb Code     0  startup_stm32f407xx.o(.text)
    USART2_IRQHandler                        0x080001b7   Thumb Code     0  startup_stm32f407xx.o(.text)
    USART3_IRQHandler                        0x080001b7   Thumb Code     0  startup_stm32f407xx.o(.text)
    USART6_IRQHandler                        0x080001b7   Thumb Code     0  startup_stm32f407xx.o(.text)
    WWDG_IRQHandler                          0x080001b7   Thumb Code     0  startup_stm32f407xx.o(.text)
    __aeabi_uldivmod                         0x080001c1   Thumb Code    98  uldiv.o(.text)
    __aeabi_memset                           0x08000223   Thumb Code    14  memseta.o(.text)
    __aeabi_memset4                          0x08000223   Thumb Code     0  memseta.o(.text)
    __aeabi_memset8                          0x08000223   Thumb Code     0  memseta.o(.text)
    __aeabi_memclr                           0x08000231   Thumb Code     4  memseta.o(.text)
    __aeabi_memclr4                          0x08000231   Thumb Code     0  memseta.o(.text)
    __aeabi_memclr8                          0x08000231   Thumb Code     0  memseta.o(.text)
    _memset$wrapper                          0x08000235   Thumb Code    18  memseta.o(.text)
    __aeabi_dadd                             0x08000247   Thumb Code   322  dadd.o(.text)
    __aeabi_dsub                             0x08000389   Thumb Code     6  dadd.o(.text)
    __aeabi_drsub                            0x0800038f   Thumb Code     6  dadd.o(.text)
    __aeabi_dmul                             0x08000395   Thumb Code   228  dmul.o(.text)
    __aeabi_ddiv                             0x08000479   Thumb Code   222  ddiv.o(.text)
    __aeabi_i2d                              0x08000557   Thumb Code    34  dflti.o(.text)
    __aeabi_f2d                              0x08000579   Thumb Code    38  f2d.o(.text)
    __aeabi_d2f                              0x0800059f   Thumb Code    56  d2f.o(.text)
    __aeabi_llsl                             0x080005d7   Thumb Code    30  llshl.o(.text)
    _ll_shift_l                              0x080005d7   Thumb Code     0  llshl.o(.text)
    __aeabi_llsr                             0x080005f5   Thumb Code    32  llushr.o(.text)
    _ll_ushift_r                             0x080005f5   Thumb Code     0  llushr.o(.text)
    __aeabi_lasr                             0x08000615   Thumb Code    36  llsshr.o(.text)
    _ll_sshift_r                             0x08000615   Thumb Code     0  llsshr.o(.text)
    __I$use$fp                               0x08000639   Thumb Code     0  iusefp.o(.text)
    _float_round                             0x08000639   Thumb Code    18  fepilogue.o(.text)
    _float_epilogue                          0x0800064b   Thumb Code    92  fepilogue.o(.text)
    _double_round                            0x080006a7   Thumb Code    30  depilogue.o(.text)
    _double_epilogue                         0x080006c5   Thumb Code   156  depilogue.o(.text)
    _dsqrt                                   0x08000761   Thumb Code   162  dsqrt.o(.text)
    __scatterload                            0x08000805   Thumb Code    28  init.o(.text)
    __scatterload_rt2                        0x08000805   Thumb Code     0  init.o(.text)
    __decompress                             0x08000829   Thumb Code     0  __dczerorl2.o(.text)
    __decompress1                            0x08000829   Thumb Code    86  __dczerorl2.o(.text)
    Average_Filter_2                         0x08000881   Thumb Code   478  mpu9255.o(i.Average_Filter_2)
    BusFault_Handler                         0x08000a75   Thumb Code     2  stm32f4xx_it.o(i.BusFault_Handler)
    DebugMon_Handler                         0x08000a77   Thumb Code     2  stm32f4xx_it.o(i.DebugMon_Handler)
    HAL_Delay                                0x08000a79   Thumb Code    32  stm32f4xx_hal.o(i.HAL_Delay)
    HAL_GPIO_Init                            0x08000a9d   Thumb Code   388  stm32f4xx_hal_gpio.o(i.HAL_GPIO_Init)
    HAL_GPIO_ReadPin                         0x08000c4d   Thumb Code    10  stm32f4xx_hal_gpio.o(i.HAL_GPIO_ReadPin)
    HAL_GPIO_WritePin                        0x08000c57   Thumb Code    10  stm32f4xx_hal_gpio.o(i.HAL_GPIO_WritePin)
    HAL_GetTick                              0x08000c61   Thumb Code     6  stm32f4xx_hal.o(i.HAL_GetTick)
    HAL_I2C_Init                             0x08000c6d   Thumb Code   254  stm32f4xx_hal_i2c.o(i.HAL_I2C_Init)
    HAL_I2C_Master_Receive                   0x08000d75   Thumb Code   474  stm32f4xx_hal_i2c.o(i.HAL_I2C_Master_Receive)
    HAL_I2C_Master_Transmit                  0x08000f5d   Thumb Code   304  stm32f4xx_hal_i2c.o(i.HAL_I2C_Master_Transmit)
    HAL_I2C_MspInit                          0x08001095   Thumb Code    92  stm32f4xx_hal_msp.o(i.HAL_I2C_MspInit)
    HAL_IncTick                              0x080010fd   Thumb Code    12  stm32f4xx_hal.o(i.HAL_IncTick)
    HAL_Init                                 0x0800110d   Thumb Code    48  stm32f4xx_hal.o(i.HAL_Init)
    HAL_InitTick                             0x08001141   Thumb Code    54  stm32f4xx_hal.o(i.HAL_InitTick)
    HAL_MspInit                              0x08001181   Thumb Code    42  stm32f4xx_hal_msp.o(i.HAL_MspInit)
    HAL_NVIC_EnableIRQ                       0x080011b1   Thumb Code    22  stm32f4xx_hal_cortex.o(i.HAL_NVIC_EnableIRQ)
    HAL_NVIC_SetPriority                     0x080011c9   Thumb Code    60  stm32f4xx_hal_cortex.o(i.HAL_NVIC_SetPriority)
    HAL_NVIC_SetPriorityGrouping             0x08001209   Thumb Code    26  stm32f4xx_hal_cortex.o(i.HAL_NVIC_SetPriorityGrouping)
    HAL_RCC_ClockConfig                      0x0800122d   Thumb Code   286  stm32f4xx_hal_rcc.o(i.HAL_RCC_ClockConfig)
    HAL_RCC_GetPCLK1Freq                     0x0800135d   Thumb Code    20  stm32f4xx_hal_rcc.o(i.HAL_RCC_GetPCLK1Freq)
    HAL_RCC_GetSysClockFreq                  0x0800137d   Thumb Code    88  stm32f4xx_hal_rcc.o(i.HAL_RCC_GetSysClockFreq)
    HAL_RCC_OscConfig                        0x080013dd   Thumb Code   770  stm32f4xx_hal_rcc.o(i.HAL_RCC_OscConfig)
    HAL_SYSTICK_Config                       0x080016f9   Thumb Code    40  stm32f4xx_hal_cortex.o(i.HAL_SYSTICK_Config)
    HAL_TIMEx_BreakCallback                  0x08001721   Thumb Code     2  stm32f4xx_hal_tim_ex.o(i.HAL_TIMEx_BreakCallback)
    HAL_TIMEx_CommutationCallback            0x08001723   Thumb Code     2  stm32f4xx_hal_tim_ex.o(i.HAL_TIMEx_CommutationCallback)
    HAL_TIMEx_MasterConfigSynchronization    0x08001725   Thumb Code    80  stm32f4xx_hal_tim_ex.o(i.HAL_TIMEx_MasterConfigSynchronization)
    HAL_TIM_Base_Init                        0x08001775   Thumb Code    54  stm32f4xx_hal_tim.o(i.HAL_TIM_Base_Init)
    HAL_TIM_Base_MspInit                     0x080017ad   Thumb Code   172  stm32f4xx_hal_msp.o(i.HAL_TIM_Base_MspInit)
    HAL_TIM_Base_Start_IT                    0x08001869   Thumb Code    24  stm32f4xx_hal_tim.o(i.HAL_TIM_Base_Start_IT)
    HAL_TIM_ConfigClockSource                0x08001881   Thumb Code   242  stm32f4xx_hal_tim.o(i.HAL_TIM_ConfigClockSource)
    HAL_TIM_IC_CaptureCallback               0x08001975   Thumb Code   188  main.o(i.HAL_TIM_IC_CaptureCallback)
    HAL_TIM_IC_ConfigChannel                 0x08001a41   Thumb Code   286  stm32f4xx_hal_tim.o(i.HAL_TIM_IC_ConfigChannel)
    HAL_TIM_IC_Init                          0x08001b5f   Thumb Code    54  stm32f4xx_hal_tim.o(i.HAL_TIM_IC_Init)
    HAL_TIM_IC_MspInit                       0x08001b95   Thumb Code     2  stm32f4xx_hal_tim.o(i.HAL_TIM_IC_MspInit)
    HAL_TIM_IC_Start_IT                      0x08001b97   Thumb Code    76  stm32f4xx_hal_tim.o(i.HAL_TIM_IC_Start_IT)
    HAL_TIM_IRQHandler                       0x08001be3   Thumb Code   358  stm32f4xx_hal_tim.o(i.HAL_TIM_IRQHandler)
    HAL_TIM_MspPostInit                      0x08001d49   Thumb Code    70  stm32f4xx_hal_msp.o(i.HAL_TIM_MspPostInit)
    HAL_TIM_OC_DelayElapsedCallback          0x08001d99   Thumb Code     2  stm32f4xx_hal_tim.o(i.HAL_TIM_OC_DelayElapsedCallback)
    HAL_TIM_PWM_ConfigChannel                0x08001d9b   Thumb Code   208  stm32f4xx_hal_tim.o(i.HAL_TIM_PWM_ConfigChannel)
    HAL_TIM_PWM_Init                         0x08001e6b   Thumb Code    54  stm32f4xx_hal_tim.o(i.HAL_TIM_PWM_Init)
    HAL_TIM_PWM_MspInit                      0x08001ea1   Thumb Code     2  stm32f4xx_hal_tim.o(i.HAL_TIM_PWM_MspInit)
    HAL_TIM_PWM_PulseFinishedCallback        0x08001ea3   Thumb Code     2  stm32f4xx_hal_tim.o(i.HAL_TIM_PWM_PulseFinishedCallback)
    HAL_TIM_PWM_Start                        0x08001ea5   Thumb Code    48  stm32f4xx_hal_tim.o(i.HAL_TIM_PWM_Start)
    HAL_TIM_PeriodElapsedCallback            0x08001edd   Thumb Code   306  main.o(i.HAL_TIM_PeriodElapsedCallback)
    HAL_TIM_TriggerCallback                  0x08002021   Thumb Code     2  stm32f4xx_hal_tim.o(i.HAL_TIM_TriggerCallback)
    HardFault_Handler                        0x08002023   Thumb Code     2  stm32f4xx_it.o(i.HardFault_Handler)
    IMU_AHRSupdate                           0x080023a9   Thumb Code   882  imu.o(i.IMU_AHRSupdate)
    IMU_GetQuater                            0x08002729   Thumb Code   152  imu.o(i.IMU_GetQuater)
    IMU_GetYawPitchRoll                      0x080027d5   Thumb Code   344  imu.o(i.IMU_GetYawPitchRoll)
    InitGyrOffset                            0x08002939   Thumb Code   114  mpu9255.o(i.InitGyrOffset)
    MPU9255_Get_Data                         0x080029b5   Thumb Code   304  mpu9255.o(i.MPU9255_Get_Data)
    MPU9255_Init                             0x08002b05   Thumb Code   484  mpu9255.o(i.MPU9255_Init)
    MemManage_Handler                        0x08002f01   Thumb Code     2  stm32f4xx_it.o(i.MemManage_Handler)
    NMI_Handler                              0x08002f03   Thumb Code     2  stm32f4xx_it.o(i.NMI_Handler)
    PID_Controller_Angles                    0x08002f25   Thumb Code   616  main.o(i.PID_Controller_Angles)
    PID_Controller_Omega                     0x080031a1   Thumb Code   714  main.o(i.PID_Controller_Omega)
    PendSV_Handler                           0x08003479   Thumb Code     2  stm32f4xx_it.o(i.PendSV_Handler)
    Reset_PID                                0x0800347d   Thumb Code    36  main.o(i.Reset_PID)
    SVC_Handler                              0x080034a9   Thumb Code     2  stm32f4xx_it.o(i.SVC_Handler)
    SysTick_Handler                          0x080034ab   Thumb Code     4  stm32f4xx_it.o(i.SysTick_Handler)
    SystemClock_Config                       0x080034b1   Thumb Code   118  main.o(i.SystemClock_Config)
    SystemInit                               0x08003531   Thumb Code    66  system_stm32f4xx.o(i.SystemInit)
    TIM1_CC_IRQHandler                       0x08003585   Thumb Code     6  stm32f4xx_it.o(i.TIM1_CC_IRQHandler)
    TIM3_IRQHandler                          0x08003591   Thumb Code     6  stm32f4xx_it.o(i.TIM3_IRQHandler)
    TIM_Base_SetConfig                       0x0800359d   Thumb Code   148  stm32f4xx_hal_tim.o(i.TIM_Base_SetConfig)
    TIM_CCxChannelCmd                        0x0800365d   Thumb Code    22  stm32f4xx_hal_tim.o(i.TIM_CCxChannelCmd)
    TIM_OC2_SetConfig                        0x080036f1   Thumb Code    90  stm32f4xx_hal_tim.o(i.TIM_OC2_SetConfig)
    TIM_TI1_SetConfig                        0x08003829   Thumb Code   104  stm32f4xx_hal_tim.o(i.TIM_TI1_SetConfig)
    UsageFault_Handler                       0x08003907   Thumb Code     2  stm32f4xx_it.o(i.UsageFault_Handler)
    __ARM_fpclassify                         0x08003909   Thumb Code    48  fpclassify.o(i.__ARM_fpclassify)
    __hardfp_asin                            0x08003939   Thumb Code   770  asin.o(i.__hardfp_asin)
    __hardfp_atan                            0x08003c99   Thumb Code   622  atan.o(i.__hardfp_atan)
    __hardfp_atan2                           0x08003f71   Thumb Code   432  atan2.o(i.__hardfp_atan2)
    __hardfp_sqrt                            0x08004161   Thumb Code   122  sqrt.o(i.__hardfp_sqrt)
    __kernel_poly                            0x080041db   Thumb Code   248  poly.o(i.__kernel_poly)
    __mathlib_dbl_infnan                     0x080042d3   Thumb Code    20  dunder.o(i.__mathlib_dbl_infnan)
    __mathlib_dbl_infnan2                    0x080042e7   Thumb Code    20  dunder.o(i.__mathlib_dbl_infnan2)
    __mathlib_dbl_invalid                    0x08004301   Thumb Code    24  dunder.o(i.__mathlib_dbl_invalid)
    __mathlib_dbl_underflow                  0x08004321   Thumb Code    24  dunder.o(i.__mathlib_dbl_underflow)
    __scatterload_copy                       0x08004341   Thumb Code    14  handlers.o(i.__scatterload_copy)
    __scatterload_null                       0x0800434f   Thumb Code     2  handlers.o(i.__scatterload_null)
    __scatterload_zeroinit                   0x08004351   Thumb Code    14  handlers.o(i.__scatterload_zeroinit)
    __set_errno                              0x08004361   Thumb Code     6  errno.o(i.__set_errno)
    atan                                     0x0800436d   Thumb Code    16  atan.o(i.atan)
    fabs                                     0x0800437d   Thumb Code    24  fabs.o(i.fabs)
    invSqrt                                  0x08004395   Thumb Code    40  imu.o(i.invSqrt)
    main                                     0x080043c1   Thumb Code   196  main.o(i.main)
    readAK8963Registers                      0x08004495   Thumb Code    54  mpu9255.o(i.readAK8963Registers)
    readRegisterMPU9250                      0x080044cd   Thumb Code    42  mpu9255.o(i.readRegisterMPU9250)
    sqrt                                     0x08004501   Thumb Code   110  sqrt.o(i.sqrt)
    writeAK8963Register                      0x0800456f   Thumb Code    42  mpu9255.o(i.writeAK8963Register)
    writeRegisterMPU9250                     0x08004599   Thumb Code    24  mpu9255.o(i.writeRegisterMPU9250)
    AHBPrescTable                            0x080045b8   Data          16  system_stm32f4xx.o(.constdata)
    APBPrescTable                            0x080045c8   Data           8  system_stm32f4xx.o(.constdata)
    __mathlib_zero                           0x080046b8   Data           8  qnan.o(.constdata)
    Region$$Table$$Base                      0x080046c0   Number         0  anon$$obj.o(Region$$Table)
    Region$$Table$$Limit                     0x080046e0   Number         0  anon$$obj.o(Region$$Table)
    q0                                       0x20000000   Data           4  imu.o(.data)
    GYRO_FACTOR                              0x20000004   Data           4  imu.o(.data)
    roll                                     0x20000008   Data           4  imu.o(.data)
    pitch                                    0x2000000c   Data           4  imu.o(.data)
    yaw                                      0x20000010   Data           4  imu.o(.data)
    q1                                       0x20000014   Data           4  imu.o(.data)
    q2                                       0x20000018   Data           4  imu.o(.data)
    q3                                       0x2000001c   Data           4  imu.o(.data)
    re                                       0x20000020   Data           1  mpu9255.o(.data)
    re_mag                                   0x20000021   Data           1  mpu9255.o(.data)
    average_filter_counter                   0x20000022   Data           1  mpu9255.o(.data)
    buffer                                   0x20000023   Data           3  mpu9255.o(.data)
    sum_ax                                   0x20000028   Data           4  mpu9255.o(.data)
    sum_ay                                   0x2000002c   Data           4  mpu9255.o(.data)
    sum_az                                   0x20000030   Data           4  mpu9255.o(.data)
    sum_gx                                   0x20000034   Data           4  mpu9255.o(.data)
    sum_gy                                   0x20000038   Data           4  mpu9255.o(.data)
    sum_gz                                   0x2000003c   Data           4  mpu9255.o(.data)
    sum_mx                                   0x20000040   Data           4  mpu9255.o(.data)
    sum_my                                   0x20000044   Data           4  mpu9255.o(.data)
    sum_mz                                   0x20000048   Data           4  mpu9255.o(.data)
    mpu_buf                                  0x2000004c   Data           4  mpu9255.o(.data)
    gyro_offset                              0x20000050   Data           6  mpu9255.o(.data)
    gyro                                     0x20000056   Data           6  mpu9255.o(.data)
    accel                                    0x2000005c   Data           6  mpu9255.o(.data)
    accel_raw                                0x20000062   Data           6  mpu9255.o(.data)
    mag                                      0x20000068   Data           6  mpu9255.o(.data)
    mag_raw                                  0x2000006e   Data           6  mpu9255.o(.data)
    buffer2                                  0x20000074   Data           7  mpu9255.o(.data)
    pid_roll_setpoint_base                   0x20000080   Data           2  main.o(.data)
    pid_pitch_setpoint_base                  0x20000082   Data           2  main.o(.data)
    esc1                                     0x20000084   Data           2  main.o(.data)
    esc2                                     0x20000086   Data           2  main.o(.data)
    esc3                                     0x20000088   Data           2  main.o(.data)
    esc4                                     0x2000008a   Data           2  main.o(.data)
    ga                                       0x2000008c   Data           4  main.o(.data)
    channel_3                                0x20000090   Data           4  main.o(.data)
    channel_5                                0x20000094   Data           4  main.o(.data)
    channel_1                                0x20000098   Data           4  main.o(.data)
    channel_2                                0x2000009c   Data           4  main.o(.data)
    pid_roll_setpoint                        0x200000a0   Data           4  main.o(.data)
    pid_pitch_setpoint                       0x200000a4   Data           4  main.o(.data)
    pid_output_roll                          0x200000a8   Data           4  main.o(.data)
    pid_error_temp_roll                      0x200000ac   Data           4  main.o(.data)
    pid_i_mem_roll                           0x200000b0   Data           4  main.o(.data)
    pid_last_roll_d_error                    0x200000b4   Data           4  main.o(.data)
    pid_max_roll                             0x200000b8   Data           4  main.o(.data)
    pid_output_roll_omega                    0x200000bc   Data           4  main.o(.data)
    pid_error_temp_roll_omega                0x200000c0   Data           4  main.o(.data)
    pid_i_mem_roll_omega                     0x200000c4   Data           4  main.o(.data)
    pid_last_roll_d_error_omega              0x200000c8   Data           4  main.o(.data)
    pid_max_roll_omega                       0x200000cc   Data           4  main.o(.data)
    pid_output_pitch                         0x200000d0   Data           4  main.o(.data)
    pid_error_temp_pitch                     0x200000d4   Data           4  main.o(.data)
    pid_i_mem_pitch                          0x200000d8   Data           4  main.o(.data)
    pid_last_pitch_d_error                   0x200000dc   Data           4  main.o(.data)
    pid_max_pitch                            0x200000e0   Data           4  main.o(.data)
    pid_output_pitch_omega                   0x200000e4   Data           4  main.o(.data)
    pid_error_temp_pitch_omega               0x200000e8   Data           4  main.o(.data)
    pid_i_mem_pitch_omega                    0x200000ec   Data           4  main.o(.data)
    pid_last_pitch_d_error_omega             0x200000f0   Data           4  main.o(.data)
    pid_max_pitch_omega                      0x200000f4   Data           4  main.o(.data)
    pid_output_yaw_omega                     0x200000f8   Data           4  main.o(.data)
    pid_error_temp_yaw_omega                 0x200000fc   Data           4  main.o(.data)
    pid_i_mem_yaw_omega                      0x20000100   Data           4  main.o(.data)
    pid_last_yaw_d_error_omega               0x20000104   Data           4  main.o(.data)
    pid_max_yaw_omega                        0x20000108   Data           4  main.o(.data)
    pre_sign_output_roll                     0x2000010c   Data           4  main.o(.data)
    pre_sign_output_pitch                    0x20000110   Data           4  main.o(.data)
    sign_output_roll                         0x20000114   Data           4  main.o(.data)
    sign_output_pitch                        0x20000118   Data           4  main.o(.data)
    kp_roll                                  0x20000120   Data           8  main.o(.data)
    ki_roll                                  0x20000128   Data           8  main.o(.data)
    kd_roll                                  0x20000130   Data           8  main.o(.data)
    kp_roll_omega                            0x20000138   Data           8  main.o(.data)
    ki_roll_omega                            0x20000140   Data           8  main.o(.data)
    kd_roll_omega                            0x20000148   Data           8  main.o(.data)
    ki_pitch                                 0x20000150   Data           8  main.o(.data)
    kd_pitch                                 0x20000158   Data           8  main.o(.data)
    kp_pitch_omega                           0x20000160   Data           8  main.o(.data)
    ki_pitch_omega                           0x20000168   Data           8  main.o(.data)
    kd_pitch_omega                           0x20000170   Data           8  main.o(.data)
    kp_yaw_omega                             0x20000178   Data           8  main.o(.data)
    ki_yaw_omega                             0x20000180   Data           8  main.o(.data)
    kd_yaw_omega                             0x20000188   Data           8  main.o(.data)
    SystemCoreClock                          0x20000190   Data           4  system_stm32f4xx.o(.data)
    uwTickFreq                               0x20000194   Data           1  stm32f4xx_hal.o(.data)
    uwTickPrio                               0x20000198   Data           4  stm32f4xx_hal.o(.data)
    uwTick                                   0x2000019c   Data           4  stm32f4xx_hal.o(.data)
    magn_filter_x                            0x200001a4   Data         200  mpu9255.o(.bss)
    magn_filter_y                            0x2000026c   Data         200  mpu9255.o(.bss)
    magn_filter_z                            0x20000334   Data         200  mpu9255.o(.bss)
    accel_filter_x                           0x200003fc   Data         200  mpu9255.o(.bss)
    accel_filter_y                           0x200004c4   Data         200  mpu9255.o(.bss)
    accel_filter_z                           0x2000058c   Data         200  mpu9255.o(.bss)
    gyro_filter_x                            0x20000654   Data         200  mpu9255.o(.bss)
    gyro_filter_y                            0x2000071c   Data         200  mpu9255.o(.bss)
    gyro_filter_z                            0x200007e4   Data         200  mpu9255.o(.bss)
    mpu_rx                                   0x200008ac   Data          21  mpu9255.o(.bss)
    gyro_that                                0x200008c4   Data          12  mpu9255.o(.bss)
    accel_that                               0x200008d0   Data          12  mpu9255.o(.bss)
    hi2c1                                    0x200008dc   Data          84  main.o(.bss)
    htim1                                    0x20000930   Data          60  main.o(.bss)
    htim2                                    0x2000096c   Data          60  main.o(.bss)
    htim3                                    0x200009a8   Data          60  main.o(.bss)
    __initial_sp                             0x20000de8   Data           0  startup_stm32f407xx.o(STACK)



==============================================================================

Memory Map of the image

  Image Entry point : 0x08000189

  Load Region LR_IROM1 (Base: 0x08000000, Size: 0x00004884, Max: 0x00100000, ABSOLUTE, COMPRESSED[0x00004728])

    Execution Region ER_IROM1 (Exec base: 0x08000000, Load base: 0x08000000, Size: 0x000046e0, Max: 0x00100000, ABSOLUTE)

    Exec Addr    Load Addr    Size         Type   Attr      Idx    E Section Name        Object

    0x08000000   0x08000000   0x00000188   Data   RO            3    RESET               startup_stm32f407xx.o
    0x08000188   0x08000188   0x00000000   Code   RO         2947  * .ARM.Collect$$$$00000000  mc_w.l(entry.o)
    0x08000188   0x08000188   0x00000004   Code   RO         3005    .ARM.Collect$$$$00000001  mc_w.l(entry2.o)
    0x0800018c   0x0800018c   0x00000004   Code   RO         3008    .ARM.Collect$$$$00000004  mc_w.l(entry5.o)
    0x08000190   0x08000190   0x00000000   Code   RO         3010    .ARM.Collect$$$$00000008  mc_w.l(entry7b.o)
    0x08000190   0x08000190   0x00000000   Code   RO         3012    .ARM.Collect$$$$0000000A  mc_w.l(entry8b.o)
    0x08000190   0x08000190   0x00000008   Code   RO         3013    .ARM.Collect$$$$0000000B  mc_w.l(entry9a.o)
    0x08000198   0x08000198   0x00000000   Code   RO         3015    .ARM.Collect$$$$0000000D  mc_w.l(entry10a.o)
    0x08000198   0x08000198   0x00000000   Code   RO         3017    .ARM.Collect$$$$0000000F  mc_w.l(entry11a.o)
    0x08000198   0x08000198   0x00000004   Code   RO         3006    .ARM.Collect$$$$00002712  mc_w.l(entry2.o)
    0x0800019c   0x0800019c   0x00000024   Code   RO            4    .text               startup_stm32f407xx.o
    0x080001c0   0x080001c0   0x00000062   Code   RO         2950    .text               mc_w.l(uldiv.o)
    0x08000222   0x08000222   0x00000024   Code   RO         2952    .text               mc_w.l(memseta.o)
    0x08000246   0x08000246   0x0000014e   Code   RO         2954    .text               mf_w.l(dadd.o)
    0x08000394   0x08000394   0x000000e4   Code   RO         2956    .text               mf_w.l(dmul.o)
    0x08000478   0x08000478   0x000000de   Code   RO         2958    .text               mf_w.l(ddiv.o)
    0x08000556   0x08000556   0x00000022   Code   RO         2960    .text               mf_w.l(dflti.o)
    0x08000578   0x08000578   0x00000026   Code   RO         2962    .text               mf_w.l(f2d.o)
    0x0800059e   0x0800059e   0x00000038   Code   RO         2964    .text               mf_w.l(d2f.o)
    0x080005d6   0x080005d6   0x0000001e   Code   RO         3019    .text               mc_w.l(llshl.o)
    0x080005f4   0x080005f4   0x00000020   Code   RO         3021    .text               mc_w.l(llushr.o)
    0x08000614   0x08000614   0x00000024   Code   RO         3023    .text               mc_w.l(llsshr.o)
    0x08000638   0x08000638   0x00000000   Code   RO         3032    .text               mc_w.l(iusefp.o)
    0x08000638   0x08000638   0x0000006e   Code   RO         3033    .text               mf_w.l(fepilogue.o)
    0x080006a6   0x080006a6   0x000000ba   Code   RO         3035    .text               mf_w.l(depilogue.o)
    0x08000760   0x08000760   0x000000a2   Code   RO         3039    .text               mf_w.l(dsqrt.o)
    0x08000802   0x08000802   0x00000002   PAD
    0x08000804   0x08000804   0x00000024   Code   RO         3043    .text               mc_w.l(init.o)
    0x08000828   0x08000828   0x00000056   Code   RO         3053    .text               mc_w.l(__dczerorl2.o)
    0x0800087e   0x0800087e   0x00000002   PAD
    0x08000880   0x08000880   0x000001f4   Code   RO          179    i.Average_Filter_2  mpu9255.o
    0x08000a74   0x08000a74   0x00000002   Code   RO          401    i.BusFault_Handler  stm32f4xx_it.o
    0x08000a76   0x08000a76   0x00000002   Code   RO          402    i.DebugMon_Handler  stm32f4xx_it.o
    0x08000a78   0x08000a78   0x00000024   Code   RO         1878    i.HAL_Delay         stm32f4xx_hal.o
    0x08000a9c   0x08000a9c   0x000001b0   Code   RO         1352    i.HAL_GPIO_Init     stm32f4xx_hal_gpio.o
    0x08000c4c   0x08000c4c   0x0000000a   Code   RO         1354    i.HAL_GPIO_ReadPin  stm32f4xx_hal_gpio.o
    0x08000c56   0x08000c56   0x0000000a   Code   RO         1356    i.HAL_GPIO_WritePin  stm32f4xx_hal_gpio.o
    0x08000c60   0x08000c60   0x0000000c   Code   RO         1884    i.HAL_GetTick       stm32f4xx_hal.o
    0x08000c6c   0x08000c6c   0x00000108   Code   RO          592    i.HAL_I2C_Init      stm32f4xx_hal_i2c.o
    0x08000d74   0x08000d74   0x000001e8   Code   RO          598    i.HAL_I2C_Master_Receive  stm32f4xx_hal_i2c.o
    0x08000f5c   0x08000f5c   0x00000138   Code   RO          603    i.HAL_I2C_Master_Transmit  stm32f4xx_hal_i2c.o
    0x08001094   0x08001094   0x00000068   Code   RO          490    i.HAL_I2C_MspInit   stm32f4xx_hal_msp.o
    0x080010fc   0x080010fc   0x00000010   Code   RO         1888    i.HAL_IncTick       stm32f4xx_hal.o
    0x0800110c   0x0800110c   0x00000034   Code   RO         1889    i.HAL_Init          stm32f4xx_hal.o
    0x08001140   0x08001140   0x00000040   Code   RO         1890    i.HAL_InitTick      stm32f4xx_hal.o
    0x08001180   0x08001180   0x00000030   Code   RO          491    i.HAL_MspInit       stm32f4xx_hal_msp.o
    0x080011b0   0x080011b0   0x00000016   Code   RO         1741    i.HAL_NVIC_EnableIRQ  stm32f4xx_hal_cortex.o
    0x080011c6   0x080011c6   0x00000002   PAD
    0x080011c8   0x080011c8   0x00000040   Code   RO         1747    i.HAL_NVIC_SetPriority  stm32f4xx_hal_cortex.o
    0x08001208   0x08001208   0x00000024   Code   RO         1748    i.HAL_NVIC_SetPriorityGrouping  stm32f4xx_hal_cortex.o
    0x0800122c   0x0800122c   0x00000130   Code   RO          998    i.HAL_RCC_ClockConfig  stm32f4xx_hal_rcc.o
    0x0800135c   0x0800135c   0x00000020   Code   RO         1005    i.HAL_RCC_GetPCLK1Freq  stm32f4xx_hal_rcc.o
    0x0800137c   0x0800137c   0x00000060   Code   RO         1007    i.HAL_RCC_GetSysClockFreq  stm32f4xx_hal_rcc.o
    0x080013dc   0x080013dc   0x0000031c   Code   RO         1010    i.HAL_RCC_OscConfig  stm32f4xx_hal_rcc.o
    0x080016f8   0x080016f8   0x00000028   Code   RO         1752    i.HAL_SYSTICK_Config  stm32f4xx_hal_cortex.o
    0x08001720   0x08001720   0x00000002   Code   RO         2673    i.HAL_TIMEx_BreakCallback  stm32f4xx_hal_tim_ex.o
    0x08001722   0x08001722   0x00000002   Code   RO         2674    i.HAL_TIMEx_CommutationCallback  stm32f4xx_hal_tim_ex.o
    0x08001724   0x08001724   0x00000050   Code   RO         2690    i.HAL_TIMEx_MasterConfigSynchronization  stm32f4xx_hal_tim_ex.o
    0x08001774   0x08001774   0x00000036   Code   RO         2044    i.HAL_TIM_Base_Init  stm32f4xx_hal_tim.o
    0x080017aa   0x080017aa   0x00000002   PAD
    0x080017ac   0x080017ac   0x000000bc   Code   RO          493    i.HAL_TIM_Base_MspInit  stm32f4xx_hal_msp.o
    0x08001868   0x08001868   0x00000018   Code   RO         2049    i.HAL_TIM_Base_Start_IT  stm32f4xx_hal_tim.o
    0x08001880   0x08001880   0x000000f2   Code   RO         2053    i.HAL_TIM_ConfigClockSource  stm32f4xx_hal_tim.o
    0x08001972   0x08001972   0x00000002   PAD
    0x08001974   0x08001974   0x000000cc   Code   RO          281    i.HAL_TIM_IC_CaptureCallback  main.o
    0x08001a40   0x08001a40   0x0000011e   Code   RO         2074    i.HAL_TIM_IC_ConfigChannel  stm32f4xx_hal_tim.o
    0x08001b5e   0x08001b5e   0x00000036   Code   RO         2077    i.HAL_TIM_IC_Init   stm32f4xx_hal_tim.o
    0x08001b94   0x08001b94   0x00000002   Code   RO         2079    i.HAL_TIM_IC_MspInit  stm32f4xx_hal_tim.o
    0x08001b96   0x08001b96   0x0000004c   Code   RO         2082    i.HAL_TIM_IC_Start_IT  stm32f4xx_hal_tim.o
    0x08001be2   0x08001be2   0x00000166   Code   RO         2086    i.HAL_TIM_IRQHandler  stm32f4xx_hal_tim.o
    0x08001d48   0x08001d48   0x00000050   Code   RO          494    i.HAL_TIM_MspPostInit  stm32f4xx_hal_msp.o
    0x08001d98   0x08001d98   0x00000002   Code   RO         2089    i.HAL_TIM_OC_DelayElapsedCallback  stm32f4xx_hal_tim.o
    0x08001d9a   0x08001d9a   0x000000d0   Code   RO         2110    i.HAL_TIM_PWM_ConfigChannel  stm32f4xx_hal_tim.o
    0x08001e6a   0x08001e6a   0x00000036   Code   RO         2113    i.HAL_TIM_PWM_Init  stm32f4xx_hal_tim.o
    0x08001ea0   0x08001ea0   0x00000002   Code   RO         2115    i.HAL_TIM_PWM_MspInit  stm32f4xx_hal_tim.o
    0x08001ea2   0x08001ea2   0x00000002   Code   RO         2116    i.HAL_TIM_PWM_PulseFinishedCallback  stm32f4xx_hal_tim.o
    0x08001ea4   0x08001ea4   0x00000038   Code   RO         2117    i.HAL_TIM_PWM_Start  stm32f4xx_hal_tim.o
    0x08001edc   0x08001edc   0x00000144   Code   RO          282    i.HAL_TIM_PeriodElapsedCallback  main.o
    0x08002020   0x08002020   0x00000002   Code   RO         2127    i.HAL_TIM_TriggerCallback  stm32f4xx_hal_tim.o
    0x08002022   0x08002022   0x00000002   Code   RO          403    i.HardFault_Handler  stm32f4xx_it.o
    0x08002024   0x08002024   0x00000028   Code   RO          630    i.I2C_IsAcknowledgeFailed  stm32f4xx_hal_i2c.o
    0x0800204c   0x0800204c   0x000000de   Code   RO          633    i.I2C_MasterRequestRead  stm32f4xx_hal_i2c.o
    0x0800212a   0x0800212a   0x00000002   PAD
    0x0800212c   0x0800212c   0x00000094   Code   RO          634    i.I2C_MasterRequestWrite  stm32f4xx_hal_i2c.o
    0x080021c0   0x080021c0   0x0000004e   Code   RO          643    i.I2C_WaitOnBTFFlagUntilTimeout  stm32f4xx_hal_i2c.o
    0x0800220e   0x0800220e   0x00000060   Code   RO          644    i.I2C_WaitOnFlagUntilTimeout  stm32f4xx_hal_i2c.o
    0x0800226e   0x0800226e   0x00000002   PAD
    0x08002270   0x08002270   0x00000088   Code   RO          645    i.I2C_WaitOnMasterAddressFlagUntilTimeout  stm32f4xx_hal_i2c.o
    0x080022f8   0x080022f8   0x00000062   Code   RO          646    i.I2C_WaitOnRXNEFlagUntilTimeout  stm32f4xx_hal_i2c.o
    0x0800235a   0x0800235a   0x0000004e   Code   RO          647    i.I2C_WaitOnTXEFlagUntilTimeout  stm32f4xx_hal_i2c.o
    0x080023a8   0x080023a8   0x00000380   Code   RO           13    i.IMU_AHRSupdate    imu.o
    0x08002728   0x08002728   0x000000ac   Code   RO           14    i.IMU_GetQuater     imu.o
    0x080027d4   0x080027d4   0x00000164   Code   RO           15    i.IMU_GetYawPitchRoll  imu.o
    0x08002938   0x08002938   0x0000007c   Code   RO          180    i.InitGyrOffset     mpu9255.o
    0x080029b4   0x080029b4   0x00000150   Code   RO          182    i.MPU9255_Get_Data  mpu9255.o
    0x08002b04   0x08002b04   0x000001f0   Code   RO          183    i.MPU9255_Init      mpu9255.o
    0x08002cf4   0x08002cf4   0x00000090   Code   RO          283    i.MX_GPIO_Init      main.o
    0x08002d84   0x08002d84   0x00000098   Code   RO          284    i.MX_TIM1_Init      main.o
    0x08002e1c   0x08002e1c   0x00000094   Code   RO          285    i.MX_TIM2_Init      main.o
    0x08002eb0   0x08002eb0   0x00000050   Code   RO          286    i.MX_TIM3_Init      main.o
    0x08002f00   0x08002f00   0x00000002   Code   RO          404    i.MemManage_Handler  stm32f4xx_it.o
    0x08002f02   0x08002f02   0x00000002   Code   RO          405    i.NMI_Handler       stm32f4xx_it.o
    0x08002f04   0x08002f04   0x00000020   Code   RO         1754    i.NVIC_SetPriority  stm32f4xx_hal_cortex.o
    0x08002f24   0x08002f24   0x0000027c   Code   RO          287    i.PID_Controller_Angles  main.o
    0x080031a0   0x080031a0   0x000002d8   Code   RO          288    i.PID_Controller_Omega  main.o
    0x08003478   0x08003478   0x00000002   Code   RO          406    i.PendSV_Handler    stm32f4xx_it.o
    0x0800347a   0x0800347a   0x00000002   PAD
    0x0800347c   0x0800347c   0x0000002c   Code   RO          289    i.Reset_PID         main.o
    0x080034a8   0x080034a8   0x00000002   Code   RO          407    i.SVC_Handler       stm32f4xx_it.o
    0x080034aa   0x080034aa   0x00000004   Code   RO          408    i.SysTick_Handler   stm32f4xx_it.o
    0x080034ae   0x080034ae   0x00000002   PAD
    0x080034b0   0x080034b0   0x00000080   Code   RO          290    i.SystemClock_Config  main.o
    0x08003530   0x08003530   0x00000054   Code   RO          544    i.SystemInit        system_stm32f4xx.o
    0x08003584   0x08003584   0x0000000c   Code   RO          409    i.TIM1_CC_IRQHandler  stm32f4xx_it.o
    0x08003590   0x08003590   0x0000000c   Code   RO          410    i.TIM3_IRQHandler   stm32f4xx_it.o
    0x0800359c   0x0800359c   0x000000c0   Code   RO         2128    i.TIM_Base_SetConfig  stm32f4xx_hal_tim.o
    0x0800365c   0x0800365c   0x00000016   Code   RO         2129    i.TIM_CCxChannelCmd  stm32f4xx_hal_tim.o
    0x08003672   0x08003672   0x00000014   Code   RO         2135    i.TIM_ETR_SetConfig  stm32f4xx_hal_tim.o
    0x08003686   0x08003686   0x00000010   Code   RO         2136    i.TIM_ITRx_SetConfig  stm32f4xx_hal_tim.o
    0x08003696   0x08003696   0x00000002   PAD
    0x08003698   0x08003698   0x00000058   Code   RO         2137    i.TIM_OC1_SetConfig  stm32f4xx_hal_tim.o
    0x080036f0   0x080036f0   0x00000064   Code   RO         2138    i.TIM_OC2_SetConfig  stm32f4xx_hal_tim.o
    0x08003754   0x08003754   0x00000060   Code   RO         2139    i.TIM_OC3_SetConfig  stm32f4xx_hal_tim.o
    0x080037b4   0x080037b4   0x00000050   Code   RO         2140    i.TIM_OC4_SetConfig  stm32f4xx_hal_tim.o
    0x08003804   0x08003804   0x00000022   Code   RO         2142    i.TIM_TI1_ConfigInputStage  stm32f4xx_hal_tim.o
    0x08003826   0x08003826   0x00000002   PAD
    0x08003828   0x08003828   0x00000084   Code   RO         2143    i.TIM_TI1_SetConfig  stm32f4xx_hal_tim.o
    0x080038ac   0x080038ac   0x00000024   Code   RO         2144    i.TIM_TI2_ConfigInputStage  stm32f4xx_hal_tim.o
    0x080038d0   0x080038d0   0x00000036   Code   RO         2145    i.TIM_TI2_SetConfig  stm32f4xx_hal_tim.o
    0x08003906   0x08003906   0x00000002   Code   RO          411    i.UsageFault_Handler  stm32f4xx_it.o
    0x08003908   0x08003908   0x00000030   Code   RO         3000    i.__ARM_fpclassify  m_wm.l(fpclassify.o)
    0x08003938   0x08003938   0x00000360   Code   RO         2909    i.__hardfp_asin     m_wm.l(asin.o)
    0x08003c98   0x08003c98   0x000002d8   Code   RO         2966    i.__hardfp_atan     m_wm.l(atan.o)
    0x08003f70   0x08003f70   0x000001f0   Code   RO         2923    i.__hardfp_atan2    m_wm.l(atan2.o)
    0x08004160   0x08004160   0x0000007a   Code   RO         2935    i.__hardfp_sqrt     m_wm.l(sqrt.o)
    0x080041da   0x080041da   0x000000f8   Code   RO         3002    i.__kernel_poly     m_wm.l(poly.o)
    0x080042d2   0x080042d2   0x00000014   Code   RO         2981    i.__mathlib_dbl_infnan  m_wm.l(dunder.o)
    0x080042e6   0x080042e6   0x00000014   Code   RO         2982    i.__mathlib_dbl_infnan2  m_wm.l(dunder.o)
    0x080042fa   0x080042fa   0x00000006   PAD
    0x08004300   0x08004300   0x00000020   Code   RO         2983    i.__mathlib_dbl_invalid  m_wm.l(dunder.o)
    0x08004320   0x08004320   0x00000020   Code   RO         2986    i.__mathlib_dbl_underflow  m_wm.l(dunder.o)
    0x08004340   0x08004340   0x0000000e   Code   RO         3047    i.__scatterload_copy  mc_w.l(handlers.o)
    0x0800434e   0x0800434e   0x00000002   Code   RO         3048    i.__scatterload_null  mc_w.l(handlers.o)
    0x08004350   0x08004350   0x0000000e   Code   RO         3049    i.__scatterload_zeroinit  mc_w.l(handlers.o)
    0x0800435e   0x0800435e   0x00000002   PAD
    0x08004360   0x08004360   0x0000000c   Code   RO         3027    i.__set_errno       mc_w.l(errno.o)
    0x0800436c   0x0800436c   0x00000010   Code   RO         2968    i.atan              m_wm.l(atan.o)
    0x0800437c   0x0800437c   0x00000018   Code   RO         2996    i.fabs              m_wm.l(fabs.o)
    0x08004394   0x08004394   0x0000002c   Code   RO           17    i.invSqrt           imu.o
    0x080043c0   0x080043c0   0x000000d4   Code   RO          291    i.main              main.o
    0x08004494   0x08004494   0x00000036   Code   RO          184    i.readAK8963Registers  mpu9255.o
    0x080044ca   0x080044ca   0x00000002   PAD
    0x080044cc   0x080044cc   0x00000034   Code   RO          185    i.readRegisterMPU9250  mpu9255.o
    0x08004500   0x08004500   0x0000006e   Code   RO         2937    i.sqrt              m_wm.l(sqrt.o)
    0x0800456e   0x0800456e   0x0000002a   Code   RO          186    i.writeAK8963Register  mpu9255.o
    0x08004598   0x08004598   0x00000020   Code   RO          187    i.writeRegisterMPU9250  mpu9255.o
    0x080045b8   0x080045b8   0x00000010   Data   RO          545    .constdata          system_stm32f4xx.o
    0x080045c8   0x080045c8   0x00000008   Data   RO          546    .constdata          system_stm32f4xx.o
    0x080045d0   0x080045d0   0x00000050   Data   RO         2912    .constdata          m_wm.l(asin.o)
    0x08004620   0x08004620   0x00000098   Data   RO         2969    .constdata          m_wm.l(atan.o)
    0x080046b8   0x080046b8   0x00000008   Data   RO         3004    .constdata          m_wm.l(qnan.o)
    0x080046c0   0x080046c0   0x00000020   Data   RO         3045    Region$$Table       anon$$obj.o


    Execution Region RW_IRAM1 (Exec base: 0x20000000, Load base: 0x080046e0, Size: 0x00000de8, Max: 0x00020000, ABSOLUTE, COMPRESSED[0x00000048])

    Exec Addr    Load Addr    Size         Type   Attr      Idx    E Section Name        Object

    0x20000000   COMPRESSED   0x00000020   Data   RW           18    .data               imu.o
    0x20000020   COMPRESSED   0x0000005b   Data   RW          191    .data               mpu9255.o
    0x2000007b   COMPRESSED   0x00000005   PAD
    0x20000080   COMPRESSED   0x00000110   Data   RW          295    .data               main.o
    0x20000190   COMPRESSED   0x00000004   Data   RW          547    .data               system_stm32f4xx.o
    0x20000194   COMPRESSED   0x0000000c   Data   RW         1896    .data               stm32f4xx_hal.o
    0x200001a0   COMPRESSED   0x00000004   Data   RW         3028    .data               mc_w.l(errno.o)
    0x200001a4        -       0x00000738   Zero   RW          188    .bss                mpu9255.o
    0x200008dc        -       0x00000108   Zero   RW          292    .bss                main.o
    0x200009e4   COMPRESSED   0x00000004   PAD
    0x200009e8        -       0x00000400   Zero   RW            1    STACK               startup_stm32f407xx.o


==============================================================================

Image component sizes


      Code (inc. data)   RO Data    RW Data    ZI Data      Debug   Object Name

      1468         50          0         32          0     680064   imu.o
      2800        134          0        272        264      12162   main.o
      1636         94          0         91       1848       8006   mpu9255.o
        36          8        392          0       1024        828   startup_stm32f407xx.o
       180         28          0         12          0       4521   stm32f4xx_hal.o
       194         14          0          0          0      30359   stm32f4xx_hal_cortex.o
       452         44          0          0          0       3051   stm32f4xx_hal_gpio.o
      1960         38          0          0          0      12446   stm32f4xx_hal_i2c.o
       420         44          0          0          0       3053   stm32f4xx_hal_msp.o
      1228         64          0          0          0       4509   stm32f4xx_hal_rcc.o
      2292        116          0          0          0      20227   stm32f4xx_hal_tim.o
        84          0          0          0          0       2382   stm32f4xx_hal_tim_ex.o
        44         12          0          0          0       4909   stm32f4xx_it.o
        84         18         24          4          0       1135   system_stm32f4xx.o

    ----------------------------------------------------------------------
     12898        664        448        416       3140     787652   Object Totals
         0          0         32          0          0          0   (incl. Generated)
        20          0          0          5          4          0   (incl. Padding)

    ----------------------------------------------------------------------

      Code (inc. data)   RO Data    RW Data    ZI Data      Debug   Library Member Name

       864         94         80          0          0        280   asin.o
       744        106        152          0          0        352   atan.o
       496         64          0          0          0        192   atan2.o
       104         16          0          0          0        496   dunder.o
        24          0          0          0          0        124   fabs.o
        48          0          0          0          0        124   fpclassify.o
       248          0          0          0          0        152   poly.o
         0          0          8          0          0          0   qnan.o
       232          0          0          0          0        296   sqrt.o
        86          0          0          0          0          0   __dczerorl2.o
         0          0          0          0          0          0   entry.o
         0          0          0          0          0          0   entry10a.o
         0          0          0          0          0          0   entry11a.o
         8          4          0          0          0          0   entry2.o
         4          0          0          0          0          0   entry5.o
         0          0          0          0          0          0   entry7b.o
         0          0          0          0          0          0   entry8b.o
         8          4          0          0          0          0   entry9a.o
        12          6          0          4          0         68   errno.o
        30          0          0          0          0          0   handlers.o
        36          8          0          0          0         68   init.o
         0          0          0          0          0          0   iusefp.o
        30          0          0          0          0         68   llshl.o
        36          0          0          0          0         68   llsshr.o
        32          0          0          0          0         68   llushr.o
        36          0          0          0          0        108   memseta.o
        98          0          0          0          0         92   uldiv.o
        56          0          0          0          0         88   d2f.o
       334          0          0          0          0        148   dadd.o
       222          0          0          0          0        100   ddiv.o
       186          0          0          0          0        176   depilogue.o
        34          0          0          0          0         76   dflti.o
       228          0          0          0          0         96   dmul.o
       162          0          0          0          0        100   dsqrt.o
        38          0          0          0          0         68   f2d.o
       110          0          0          0          0        168   fepilogue.o

    ----------------------------------------------------------------------
      4558        302        240          4          0       3576   Library Totals
        12          0          0          0          0          0   (incl. Padding)

    ----------------------------------------------------------------------

      Code (inc. data)   RO Data    RW Data    ZI Data      Debug   Library Name

      2760        280        240          0          0       2016   m_wm.l
       416         22          0          4          0        540   mc_w.l
      1370          0          0          0          0       1020   mf_w.l

    ----------------------------------------------------------------------
      4558        302        240          4          0       3576   Library Totals

    ----------------------------------------------------------------------

==============================================================================


      Code (inc. data)   RO Data    RW Data    ZI Data      Debug   

     17456        966        688        420       3140     780736   Grand Totals
     17456        966        688         72       3140     780736   ELF Image Totals (compressed)
     17456        966        688         72          0          0   ROM Totals

==============================================================================

    Total RO  Size (Code + RO Data)                18144 (  17.72kB)
    Total RW  Size (RW Data + ZI Data)              3560 (   3.48kB)
    Total ROM Size (Code + RO Data + RW Data)      18216 (  17.79kB)

==============================================================================

