Component: ARM Compiler 5.06 update 4 (build 422) Tool: armlink [4d35d2]

==============================================================================

Section Cross References

    startup_stm32f407xx.o(RESET) refers to startup_stm32f407xx.o(STACK) for __initial_sp
    startup_stm32f407xx.o(RESET) refers to startup_stm32f407xx.o(.text) for Reset_Handler
    startup_stm32f407xx.o(RESET) refers to stm32f4xx_it.o(i.NMI_Handler) for NMI_Handler
    startup_stm32f407xx.o(RESET) refers to stm32f4xx_it.o(i.HardFault_Handler) for HardFault_Handler
    startup_stm32f407xx.o(RESET) refers to stm32f4xx_it.o(i.MemManage_Handler) for MemManage_Handler
    startup_stm32f407xx.o(RESET) refers to stm32f4xx_it.o(i.BusFault_Handler) for BusFault_Handler
    startup_stm32f407xx.o(RESET) refers to stm32f4xx_it.o(i.UsageFault_Handler) for UsageFault_Handler
    startup_stm32f407xx.o(RESET) refers to stm32f4xx_it.o(i.SVC_Handler) for SVC_Handler
    startup_stm32f407xx.o(RESET) refers to stm32f4xx_it.o(i.DebugMon_Handler) for DebugMon_Handler
    startup_stm32f407xx.o(RESET) refers to stm32f4xx_it.o(i.PendSV_Handler) for PendSV_Handler
    startup_stm32f407xx.o(RESET) refers to stm32f4xx_it.o(i.SysTick_Handler) for SysTick_Handler
    startup_stm32f407xx.o(RESET) refers to stm32f4xx_it.o(i.TIM1_BRK_TIM9_IRQHandler) for TIM1_BRK_TIM9_IRQHandler
    startup_stm32f407xx.o(RESET) refers to stm32f4xx_it.o(i.TIM1_CC_IRQHandler) for TIM1_CC_IRQHandler
    startup_stm32f407xx.o(RESET) refers to stm32f4xx_it.o(i.TIM3_IRQHandler) for TIM3_IRQHandler
    startup_stm32f407xx.o(.text) refers to system_stm32f4xx.o(i.SystemInit) for SystemInit
    startup_stm32f407xx.o(.text) refers to entry.o(.ARM.Collect$$$$00000000) for __main
    imu.o(i.IMU_AHRSupdate) refers to imu.o(i.invSqrt) for invSqrt
    imu.o(i.IMU_AHRSupdate) refers to f2d.o(.text) for __aeabi_f2d
    imu.o(i.IMU_AHRSupdate) refers to sqrt.o(i.__hardfp_sqrt) for __hardfp_sqrt
    imu.o(i.IMU_AHRSupdate) refers to d2f.o(.text) for __aeabi_d2f
    imu.o(i.IMU_AHRSupdate) refers to imu.o(.data) for .data
    imu.o(i.IMU_GetQuater) refers to imu.o(i.IMU_AHRSupdate) for IMU_AHRSupdate
    imu.o(i.IMU_GetQuater) refers to mpu9255.o(.data) for gyro
    imu.o(i.IMU_GetQuater) refers to imu.o(.data) for .data
    imu.o(i.IMU_GetYawPitchRoll) refers to imu.o(i.IMU_GetQuater) for IMU_GetQuater
    imu.o(i.IMU_GetYawPitchRoll) refers to f2d.o(.text) for __aeabi_f2d
    imu.o(i.IMU_GetYawPitchRoll) refers to asin.o(i.__hardfp_asin) for __hardfp_asin
    imu.o(i.IMU_GetYawPitchRoll) refers to dmul.o(.text) for __aeabi_dmul
    imu.o(i.IMU_GetYawPitchRoll) refers to d2f.o(.text) for __aeabi_d2f
    imu.o(i.IMU_GetYawPitchRoll) refers to atan2.o(i.__hardfp_atan2) for __hardfp_atan2
    imu.o(i.IMU_GetYawPitchRoll) refers to imu.o(.data) for .data
    imu.o(i.IMU_Init) refers to imu.o(.data) for .data
    mpu9255.o(i.Average_Filter) refers to dflti.o(.text) for __aeabi_i2d
    mpu9255.o(i.Average_Filter) refers to dmul.o(.text) for __aeabi_dmul
    mpu9255.o(i.Average_Filter) refers to d2f.o(.text) for __aeabi_d2f
    mpu9255.o(i.Average_Filter) refers to mpu9255.o(.data) for .data
    mpu9255.o(i.Average_Filter) refers to mpu9255.o(.bss) for .bss
    mpu9255.o(i.Average_Filter_2) refers to dflti.o(.text) for __aeabi_i2d
    mpu9255.o(i.Average_Filter_2) refers to dmul.o(.text) for __aeabi_dmul
    mpu9255.o(i.Average_Filter_2) refers to d2f.o(.text) for __aeabi_d2f
    mpu9255.o(i.Average_Filter_2) refers to mpu9255.o(.data) for .data
    mpu9255.o(i.Average_Filter_2) refers to mpu9255.o(.bss) for .bss
    mpu9255.o(i.InitGyrOffset) refers to mpu9255.o(i.readRegisterMPU9250) for readRegisterMPU9250
    mpu9255.o(i.InitGyrOffset) refers to stm32f4xx_hal.o(i.HAL_Delay) for HAL_Delay
    mpu9255.o(i.InitGyrOffset) refers to mpu9255.o(i.MPU9255_Get_Data) for MPU9255_Get_Data
    mpu9255.o(i.InitGyrOffset) refers to imu.o(i.IMU_GetYawPitchRoll) for IMU_GetYawPitchRoll
    mpu9255.o(i.InitGyrOffset) refers to mpu9255.o(.bss) for .bss
    mpu9255.o(i.InitGyrOffset) refers to mpu9255.o(.data) for .data
    mpu9255.o(i.MPU9255_Get_Data) refers to mpu9255.o(i.readRegisterMPU9250) for readRegisterMPU9250
    mpu9255.o(i.MPU9255_Get_Data) refers to mpu9255.o(i.Average_Filter_2) for Average_Filter_2
    mpu9255.o(i.MPU9255_Get_Data) refers to mpu9255.o(i.LPF) for LPF
    mpu9255.o(i.MPU9255_Get_Data) refers to dflti.o(.text) for __aeabi_i2d
    mpu9255.o(i.MPU9255_Get_Data) refers to ddiv.o(.text) for __aeabi_ddiv
    mpu9255.o(i.MPU9255_Get_Data) refers to d2f.o(.text) for __aeabi_d2f
    mpu9255.o(i.MPU9255_Get_Data) refers to mpu9255.o(.bss) for .bss
    mpu9255.o(i.MPU9255_Get_Data) refers to mpu9255.o(.data) for .data
    mpu9255.o(i.MPU9255_Init) refers to mpu9255.o(i.writeRegisterMPU9250) for writeRegisterMPU9250
    mpu9255.o(i.MPU9255_Init) refers to stm32f4xx_hal_i2c.o(i.HAL_I2C_Master_Transmit) for HAL_I2C_Master_Transmit
[...]
    ../clib/microlib/init/entry.s            0x00000000   Number         0  entry7a.o ABSOLUTE
    ../clib/microlib/init/entry.s            0x00000000   Number         0  entry5.o ABSOLUTE
    ../clib/microlib/init/entry.s            0x00000000   Number         0  entry2.o ABSOLUTE
    ../clib/microlib/longlong.c              0x00000000   Number         0  llshl.o ABSOLUTE
    ../clib/microlib/longlong.c              0x00000000   Number         0  llsshr.o ABSOLUTE
    ../clib/microlib/longlong.c              0x00000000   Number         0  llushr.o ABSOLUTE
    ../clib/microlib/string/memcpy.c         0x00000000   Number         0  memcpya.o ABSOLUTE
    ../clib/microlib/string/memcpy.c         0x00000000   Number         0  memcpyb.o ABSOLUTE
    ../clib/microlib/string/memset.c         0x00000000   Number         0  memseta.o ABSOLUTE
    ../clib/microlib/stubs.s                 0x00000000   Number         0  iusefp.o ABSOLUTE
    ../fplib/microlib/d2f.c                  0x00000000   Number         0  d2f.o ABSOLUTE
    ../fplib/microlib/f2d.c                  0x00000000   Number         0  f2d.o ABSOLUTE
    ../fplib/microlib/fpadd.c                0x00000000   Number         0  dadd.o ABSOLUTE
    ../fplib/microlib/fpdiv.c                0x00000000   Number         0  ddiv.o ABSOLUTE
    ../fplib/microlib/fpepilogue.c           0x00000000   Number         0  fepilogue.o ABSOLUTE
    ../fplib/microlib/fpepilogue.c           0x00000000   Number         0  depilogue.o ABSOLUTE
    ../fplib/microlib/fpflt.c                0x00000000   Number         0  dflti.o ABSOLUTE
    ../fplib/microlib/fpmul.c                0x00000000   Number         0  dmul.o ABSOLUTE
    ../fplib/microlib/fpneg.c                0x00000000   Number         0  dneg.o ABSOLUTE
    ../fplib/microlib/fpsqrt.c               0x00000000   Number         0  dsqrt.o ABSOLUTE
    ../mathlib/asin.c                        0x00000000   Number         0  asin.o ABSOLUTE
    ../mathlib/asin.c                        0x00000000   Number         0  asin_x.o ABSOLUTE
    ../mathlib/atan.c                        0x00000000   Number         0  atan.o ABSOLUTE
    ../mathlib/atan.c                        0x00000000   Number         0  atan_x.o ABSOLUTE
    ../mathlib/atan2.c                       0x00000000   Number         0  atan2.o ABSOLUTE
    ../mathlib/atan2.c                       0x00000000   Number         0  atan2_x.o ABSOLUTE
    ../mathlib/dunder.c                      0x00000000   Number         0  dunder.o ABSOLUTE
    ../mathlib/fabs.c                        0x00000000   Number         0  fabs.o ABSOLUTE
    ../mathlib/fpclassify.c                  0x00000000   Number         0  fpclassify.o ABSOLUTE
    ../mathlib/poly.c                        0x00000000   Number         0  poly.o ABSOLUTE
    ../mathlib/qnan.c                        0x00000000   Number         0  qnan.o ABSOLUTE
    ../mathlib/sqrt.c                        0x00000000   Number         0  sqrt.o ABSOLUTE
    ../mathlib/sqrt.c                        0x00000000   Number         0  sqrt_x.o ABSOLUTE
    ..\Drivers\STM32F4xx_HAL_Driver\Src\stm32f4xx_hal.c 0x00000000   Number         0  stm32f4xx_hal.o ABSOLUTE
    ..\Drivers\STM32F4xx_HAL_Driver\Src\stm32f4xx_hal_cortex.c 0x00000000   Number         0  stm32f4xx_hal_cortex.o ABSOLUTE
    ..\Drivers\STM32F4xx_HAL_Driver\Src\stm32f4xx_hal_dma.c 0x00000000   Number         0  stm32f4xx_hal_dma.o ABSOLUTE
    ..\Drivers\STM32F4xx_HAL_Driver\Src\stm32f4xx_hal_dma_ex.c 0x00000000   Number         0  stm32f4xx_hal_dma_ex.o ABSOLUTE
    ..\Drivers\STM32F4xx_HAL_Driver\Src\stm32f4xx_hal_exti.c 0x00000000   Number         0  stm32f4xx_hal_exti.o ABSOLUTE
    ..\Drivers\STM32F4xx_HAL_Driver\Src\stm32f4xx_hal_flash.c 0x00000000   Number         0  stm32f4xx_hal_flash.o ABSOLUTE
    ..\Drivers\STM32F4xx_HAL_Driver\Src\stm32f4xx_hal_flash_ex.c 0x00000000   Number         0  stm32f4xx_hal_flash_ex.o ABSOLUTE
    ..\Drivers\STM32F4xx_HAL_Driver\Src\stm32f4xx_hal_flash_ramfunc.c 0x00000000   Number         0  stm32f4xx_hal_flash_ramfunc.o ABSOLUTE
    ..\Drivers\STM32F4xx_HAL_Driver\Src\stm32f4xx_hal_gpio.c 0x00000000   Number         0  stm32f4xx_hal_gpio.o ABSOLUTE
    ..\Drivers\STM32F4xx_HAL_Driver\Src\stm32f4xx_hal_i2c.c 0x00000000   Number         0  stm32f4xx_hal_i2c.o ABSOLUTE
    ..\Drivers\STM32F4xx_HAL_Driver\Src\stm32f4xx_hal_i2c_ex.c 0x00000000   Number         0  stm32f4xx_hal_i2c_ex.o ABSOLUTE
    ..\Drivers\STM32F4xx_HAL_Driver\Src\stm32f4xx_hal_pwr.c 0x00000000   Number         0  stm32f4xx_hal_pwr.o ABSOLUTE
    ..\Drivers\STM32F4xx_HAL_Driver\Src\stm32f4xx_hal_pwr_ex.c 0x00000000   Number         0  stm32f4xx_hal_pwr_ex.o ABSOLUTE
    ..\Drivers\STM32F4xx_HAL_Driver\Src\stm32f4xx_hal_rcc.c 0x00000000   Number         0  stm32f4xx_hal_rcc.o ABSOLUTE
    ..\Drivers\STM32F4xx_HAL_Driver\Src\stm32f4xx_hal_rcc_ex.c 0x00000000   Number         0  stm32f4xx_hal_rcc_ex.o ABSOLUTE
    ..\Drivers\STM32F4xx_HAL_Driver\Src\stm32f4xx_hal_spi.c 0x00000000   Number         0  stm32f4xx_hal_spi.o ABSOLUTE
    ..\Drivers\STM32F4xx_HAL_Driver\Src\stm32f4xx_hal_tim.c 0x00000000   Number         0  stm32f4xx_hal_tim.o ABSOLUTE
    ..\Drivers\STM32F4xx_HAL_Driver\Src\stm32f4xx_hal_tim_ex.c 0x00000000   Number         0  stm32f4xx_hal_tim_ex.o ABSOLUTE
    ..\Inc\adns3080.c                        0x00000000   Number         0  adns3080.o ABSOLUTE
    ..\Src\IMU.c                             0x00000000   Number         0  imu.o ABSOLUTE
    ..\Src\dwt_stm32_delay.c                 0x00000000   Number         0  dwt_stm32_delay.o ABSOLUTE
    ..\Src\main.c                            0x00000000   Number         0  main.o ABSOLUTE
    ..\Src\mpu9255.c                         0x00000000   Number         0  mpu9255.o ABSOLUTE
    ..\Src\stm32f4xx_hal_msp.c               0x00000000   Number         0  stm32f4xx_hal_msp.o ABSOLUTE
    ..\Src\stm32f4xx_it.c                    0x00000000   Number         0  stm32f4xx_it.o ABSOLUTE
    ..\Src\system_stm32f4xx.c                0x00000000   Number         0  system_stm32f4xx.o ABSOLUTE
    ..\\Inc\\adns3080.c                      0x00000000   Number         0  adns3080.o ABSOLUTE
    ..\\Src\\IMU.c                           0x00000000   Number         0  imu.o ABSOLUTE
    ..\\Src\\dwt_stm32_delay.c               0x00000000   Number         0  dwt_stm32_delay.o ABSOLUTE
    ..\\Src\\mpu9255.c                       0x00000000   Number         0  mpu9255.o ABSOLUTE
    cdcmple.s                                0x00000000   Number         0  cdcmple.o ABSOLUTE
    dc.s                                     0x00000000   Number         0  dc.o ABSOLUTE
    handlers.s                               0x00000000   Number         0  handlers.o ABSOLUTE
    init.s                                   0x00000000   Number         0  init.o ABSOLUTE
    startup_stm32f407xx.s                    0x00000000   Number         0  startup_stm32f407xx.o ABSOLUTE
    RESET                                    0x08000000   Section      392  startup_stm32f407xx.o(RESET)
    .ARM.Collect$$$$00000000                 0x08000188   Section        0  entry.o(.ARM.Collect$$$$00000000)
    .ARM.Collect$$$$00000001                 0x08000188   Section        4  entry2.o(.ARM.Collect$$$$00000001)
    .ARM.Collect$$$$00000004                 0x0800018c   Section        4  entry5.o(.ARM.Collect$$$$00000004)
    .ARM.Collect$$$$00000008                 0x08000190   Section        0  entry7b.o(.ARM.Collect$$$$00000008)
    .ARM.Collect$$$$0000000A                 0x08000190   Section        0  entry8b.o(.ARM.Collect$$$$0000000A)
    .ARM.Collect$$$$0000000B                 0x08000190   Section        8  entry9a.o(.ARM.Collect$$$$0000000B)
    .ARM.Collect$$$$0000000D                 0x08000198   Section        0  entry10a.o(.ARM.Collect$$$$0000000D)
    .ARM.Collect$$$$0000000F                 0x08000198   Section        0  entry11a.o(.ARM.Collect$$$$0000000F)
    .ARM.Collect$$$$00002712                 0x08000198   Section        4  entry2.o(.ARM.Collect$$$$00002712)
    __lit__00000000                          0x08000198   Data           4  entry2.o(.ARM.Collect$$$$00002712)
    .text                                    0x0800019c   Section       36  startup_stm32f407xx.o(.text)
    $v0                                      0x0800019c   Number         0  startup_stm32f407xx.o(.text)
    .text                                    0x080001c0   Section        0  uldiv.o(.text)
    .text                                    0x08000222   Section        0  memcpya.o(.text)
    .text                                    0x08000246   Section        0  memseta.o(.text)
    .text                                    0x0800026a   Section        0  dadd.o(.text)
    .text                                    0x080003b8   Section        0  dmul.o(.text)
    .text                                    0x0800049c   Section        0  ddiv.o(.text)
    .text                                    0x0800057a   Section        0  dflti.o(.text)
    .text                                    0x0800059c   Section        0  f2d.o(.text)
    .text                                    0x080005c2   Section        0  d2f.o(.text)
    .text                                    0x080005fa   Section        0  llshl.o(.text)
    .text                                    0x08000618   Section        0  llushr.o(.text)
    .text                                    0x08000638   Section        0  llsshr.o(.text)
    .text                                    0x0800065c   Section        0  iusefp.o(.text)
    .text                                    0x0800065c   Section        0  fepilogue.o(.text)
    .text                                    0x080006ca   Section        0  depilogue.o(.text)
    .text                                    0x08000784   Section        0  dsqrt.o(.text)
    .text                                    0x08000828   Section       36  init.o(.text)
    .text                                    0x0800084c   Section        0  __dczerorl2.o(.text)
    i.Average_Filter_2                       0x080008a4   Section        0  mpu9255.o(i.Average_Filter_2)
    i.BusFault_Handler                       0x08000a98   Section        0  stm32f4xx_it.o(i.BusFault_Handler)
    i.DWT_Delay_Init                         0x08000a9c   Section        0  dwt_stm32_delay.o(i.DWT_Delay_Init)
    i.DWT_Delay_ms                           0x08000ae0   Section        0  dwt_stm32_delay.o(i.DWT_Delay_ms)
    i.DWT_Delay_us                           0x08000b20   Section        0  adns3080.o(i.DWT_Delay_us)
    DWT_Delay_us                             0x08000b21   Thumb Code    34  adns3080.o(i.DWT_Delay_us)
    i.DWT_Delay_us                           0x08000b4c   Section        0  main.o(i.DWT_Delay_us)
    DWT_Delay_us                             0x08000b4d   Thumb Code    34  main.o(i.DWT_Delay_us)
    i.DebugMon_Handler                       0x08000b78   Section        0  stm32f4xx_it.o(i.DebugMon_Handler)
    i.Error_Handler                          0x08000b7c   Section        0  main.o(i.Error_Handler)
    i.HAL_Delay                              0x08000b8c   Section        0  stm32f4xx_hal.o(i.HAL_Delay)
    i.HAL_GPIO_Init                          0x08000bb0   Section        0  stm32f4xx_hal_gpio.o(i.HAL_GPIO_Init)
    i.HAL_GPIO_ReadPin                       0x08000d68   Section        0  stm32f4xx_hal_gpio.o(i.HAL_GPIO_ReadPin)
    i.HAL_GPIO_TogglePin                     0x08000d72   Section        0  stm32f4xx_hal_gpio.o(i.HAL_GPIO_TogglePin)
    i.HAL_GPIO_WritePin                      0x08000d80   Section        0  stm32f4xx_hal_gpio.o(i.HAL_GPIO_WritePin)
    i.HAL_GetTick                            0x08000d8c   Section        0  stm32f4xx_hal.o(i.HAL_GetTick)
    i.HAL_I2C_Init                           0x08000d98   Section        0  stm32f4xx_hal_i2c.o(i.HAL_I2C_Init)
    i.HAL_I2C_Master_Receive                 0x08000f20   Section        0  stm32f4xx_hal_i2c.o(i.HAL_I2C_Master_Receive)
    i.HAL_I2C_Master_Transmit                0x08001100   Section        0  stm32f4xx_hal_i2c.o(i.HAL_I2C_Master_Transmit)
    i.HAL_I2C_MspInit                        0x0800122c   Section        0  stm32f4xx_hal_msp.o(i.HAL_I2C_MspInit)
    i.HAL_IncTick                            0x08001294   Section        0  stm32f4xx_hal.o(i.HAL_IncTick)
    i.HAL_Init                               0x080012a4   Section        0  stm32f4xx_hal.o(i.HAL_Init)
    i.HAL_InitTick                           0x080012d8   Section        0  stm32f4xx_hal.o(i.HAL_InitTick)
    i.HAL_MspInit                            0x08001318   Section        0  stm32f4xx_hal_msp.o(i.HAL_MspInit)
    i.HAL_NVIC_EnableIRQ                     0x08001348   Section        0  stm32f4xx_hal_cortex.o(i.HAL_NVIC_EnableIRQ)
    i.HAL_NVIC_SetPriority                   0x08001364   Section        0  stm32f4xx_hal_cortex.o(i.HAL_NVIC_SetPriority)
    i.HAL_NVIC_SetPriorityGrouping           0x080013a4   Section        0  stm32f4xx_hal_cortex.o(i.HAL_NVIC_SetPriorityGrouping)
    i.HAL_RCC_ClockConfig                    0x080013c8   Section        0  stm32f4xx_hal_rcc.o(i.HAL_RCC_ClockConfig)
    i.HAL_RCC_GetHCLKFreq                    0x080014fc   Section        0  stm32f4xx_hal_rcc.o(i.HAL_RCC_GetHCLKFreq)
    i.HAL_RCC_GetPCLK1Freq                   0x08001508   Section        0  stm32f4xx_hal_rcc.o(i.HAL_RCC_GetPCLK1Freq)
    i.HAL_RCC_GetSysClockFreq                0x08001528   Section        0  stm32f4xx_hal_rcc.o(i.HAL_RCC_GetSysClockFreq)
    i.HAL_RCC_OscConfig                      0x08001588   Section        0  stm32f4xx_hal_rcc.o(i.HAL_RCC_OscConfig)
    i.HAL_SPI_Init                           0x080018e4   Section        0  stm32f4xx_hal_spi.o(i.HAL_SPI_Init)
    i.HAL_SPI_MspInit                        0x08001964   Section        0  stm32f4xx_hal_msp.o(i.HAL_SPI_MspInit)
    i.HAL_SPI_Receive                        0x080019cc   Section        0  stm32f4xx_hal_spi.o(i.HAL_SPI_Receive)
    i.HAL_SPI_Transmit                       0x08001b1c   Section        0  stm32f4xx_hal_spi.o(i.HAL_SPI_Transmit)
    i.HAL_SPI_TransmitReceive                0x08001c78   Section        0  stm32f4xx_hal_spi.o(i.HAL_SPI_TransmitReceive)
    i.HAL_SYSTICK_Config                     0x08001e5a   Section        0  stm32f4xx_hal_cortex.o(i.HAL_SYSTICK_Config)
    i.HAL_TIMEx_BreakCallback                0x08001e82   Section        0  stm32f4xx_hal_tim_ex.o(i.HAL_TIMEx_BreakCallback)
    i.HAL_TIMEx_CommutCallback               0x08001e84   Section        0  stm32f4xx_hal_tim_ex.o(i.HAL_TIMEx_CommutCallback)
    i.HAL_TIMEx_MasterConfigSynchronization  0x08001e88   Section        0  stm32f4xx_hal_tim_ex.o(i.HAL_TIMEx_MasterConfigSynchronization)
    i.HAL_TIM_Base_Init                      0x08001f18   Section        0  stm32f4xx_hal_tim.o(i.HAL_TIM_Base_Init)
    i.HAL_TIM_Base_MspInit                   0x08001f50   Section        0  stm32f4xx_hal_msp.o(i.HAL_TIM_Base_MspInit)
    i.HAL_TIM_Base_Start_IT                  0x08002068   Section        0  stm32f4xx_hal_tim.o(i.HAL_TIM_Base_Start_IT)
    i.HAL_TIM_ConfigClockSource              0x0800208a   Section        0  stm32f4xx_hal_tim.o(i.HAL_TIM_ConfigClockSource)
    i.HAL_TIM_IC_CaptureCallback             0x08002160   Section        0  main.o(i.HAL_TIM_IC_CaptureCallback)
    i.HAL_TIM_IC_ConfigChannel               0x0800225c   Section        0  stm32f4xx_hal_tim.o(i.HAL_TIM_IC_ConfigChannel)
    i.HAL_TIM_IC_Init                        0x0800237a   Section        0  stm32f4xx_hal_tim.o(i.HAL_TIM_IC_Init)
    i.HAL_TIM_IC_MspInit                     0x080023b0   Section        0  stm32f4xx_hal_msp.o(i.HAL_TIM_IC_MspInit)
    i.HAL_TIM_IC_Start_IT                    0x08002418   Section        0  stm32f4xx_hal_tim.o(i.HAL_TIM_IC_Start_IT)
    i.HAL_TIM_IRQHandler                     0x0800246e   Section        0  stm32f4xx_hal_tim.o(i.HAL_TIM_IRQHandler)
    i.HAL_TIM_MspPostInit                    0x080025d4   Section        0  stm32f4xx_hal_msp.o(i.HAL_TIM_MspPostInit)
    i.HAL_TIM_OC_DelayElapsedCallback        0x08002624   Section        0  stm32f4xx_hal_tim.o(i.HAL_TIM_OC_DelayElapsedCallback)
    i.HAL_TIM_PWM_ConfigChannel              0x08002626   Section        0  stm32f4xx_hal_tim.o(i.HAL_TIM_PWM_ConfigChannel)
    i.HAL_TIM_PWM_Init                       0x080026f6   Section        0  stm32f4xx_hal_tim.o(i.HAL_TIM_PWM_Init)
    i.HAL_TIM_PWM_MspInit                    0x0800272c   Section        0  stm32f4xx_hal_tim.o(i.HAL_TIM_PWM_MspInit)
    i.HAL_TIM_PWM_PulseFinishedCallback      0x0800272e   Section        0  stm32f4xx_hal_tim.o(i.HAL_TIM_PWM_PulseFinishedCallback)
    i.HAL_TIM_PWM_Start                      0x08002730   Section        0  stm32f4xx_hal_tim.o(i.HAL_TIM_PWM_Start)
    i.HAL_TIM_PeriodElapsedCallback          0x08002774   Section        0  main.o(i.HAL_TIM_PeriodElapsedCallback)
    i.HAL_TIM_TriggerCallback                0x080029a0   Section        0  stm32f4xx_hal_tim.o(i.HAL_TIM_TriggerCallback)
    i.HardFault_Handler                      0x080029a2   Section        0  stm32f4xx_it.o(i.HardFault_Handler)
    i.I2C_IsAcknowledgeFailed                0x080029a4   Section        0  stm32f4xx_hal_i2c.o(i.I2C_IsAcknowledgeFailed)
    I2C_IsAcknowledgeFailed                  0x080029a5   Thumb Code    46  stm32f4xx_hal_i2c.o(i.I2C_IsAcknowledgeFailed)
    i.I2C_MasterRequestRead                  0x080029d4   Section        0  stm32f4xx_hal_i2c.o(i.I2C_MasterRequestRead)
    I2C_MasterRequestRead                    0x080029d5   Thumb Code   230  stm32f4xx_hal_i2c.o(i.I2C_MasterRequestRead)
    i.I2C_MasterRequestWrite                 0x08002ac0   Section        0  stm32f4xx_hal_i2c.o(i.I2C_MasterRequestWrite)
    I2C_MasterRequestWrite                   0x08002ac1   Thumb Code   150  stm32f4xx_hal_i2c.o(i.I2C_MasterRequestWrite)
    i.I2C_WaitOnBTFFlagUntilTimeout          0x08002b5c   Section        0  stm32f4xx_hal_i2c.o(i.I2C_WaitOnBTFFlagUntilTimeout)
    I2C_WaitOnBTFFlagUntilTimeout            0x08002b5d   Thumb Code    76  stm32f4xx_hal_i2c.o(i.I2C_WaitOnBTFFlagUntilTimeout)
    i.I2C_WaitOnFlagUntilTimeout             0x08002ba8   Section        0  stm32f4xx_hal_i2c.o(i.I2C_WaitOnFlagUntilTimeout)
    I2C_WaitOnFlagUntilTimeout               0x08002ba9   Thumb Code   104  stm32f4xx_hal_i2c.o(i.I2C_WaitOnFlagUntilTimeout)
    i.I2C_WaitOnMasterAddressFlagUntilTimeout 0x08002c10   Section        0  stm32f4xx_hal_i2c.o(i.I2C_WaitOnMasterAddressFlagUntilTimeout)
    I2C_WaitOnMasterAddressFlagUntilTimeout  0x08002c11   Thumb Code   150  stm32f4xx_hal_i2c.o(i.I2C_WaitOnMasterAddressFlagUntilTimeout)
    i.I2C_WaitOnRXNEFlagUntilTimeout         0x08002ca6   Section        0  stm32f4xx_hal_i2c.o(i.I2C_WaitOnRXNEFlagUntilTimeout)
    I2C_WaitOnRXNEFlagUntilTimeout           0x08002ca7   Thumb Code   102  stm32f4xx_hal_i2c.o(i.I2C_WaitOnRXNEFlagUntilTimeout)
    i.I2C_WaitOnTXEFlagUntilTimeout          0x08002d0c   Section        0  stm32f4xx_hal_i2c.o(i.I2C_WaitOnTXEFlagUntilTimeout)
    I2C_WaitOnTXEFlagUntilTimeout            0x08002d0d   Thumb Code    76  stm32f4xx_hal_i2c.o(i.I2C_WaitOnTXEFlagUntilTimeout)
    i.IMU_AHRSupdate                         0x08002d58   Section        0  imu.o(i.IMU_AHRSupdate)
    i.IMU_GetQuater                          0x080030d8   Section        0  imu.o(i.IMU_GetQuater)
    i.IMU_GetYawPitchRoll                    0x08003184   Section        0  imu.o(i.IMU_GetYawPitchRoll)
    i.Init_button_and_led                    0x080032e8   Section        0  main.o(i.Init_button_and_led)
    i.LPF                                    0x08003350   Section        0  mpu9255.o(i.LPF)
    i.MPU9255_Get_Data                       0x08003384   Section        0  mpu9255.o(i.MPU9255_Get_Data)
    i.MX_GPIO_Init                           0x080034f8   Section        0  main.o(i.MX_GPIO_Init)
    MX_GPIO_Init                             0x080034f9   Thumb Code   268  main.o(i.MX_GPIO_Init)
    i.MX_I2C1_Init                           0x08003618   Section        0  main.o(i.MX_I2C1_Init)
    MX_I2C1_Init                             0x08003619   Thumb Code    50  main.o(i.MX_I2C1_Init)
    i.MX_SPI1_Init                           0x08003658   Section        0  main.o(i.MX_SPI1_Init)
    MX_SPI1_Init                             0x08003659   Thumb Code    64  main.o(i.MX_SPI1_Init)
    i.MX_TIM1_Init                           0x080036a0   Section        0  main.o(i.MX_TIM1_Init)
    MX_TIM1_Init                             0x080036a1   Thumb Code   210  main.o(i.MX_TIM1_Init)
    i.MX_TIM2_Init                           0x0800377c   Section        0  main.o(i.MX_TIM2_Init)
    MX_TIM2_Init                             0x0800377d   Thumb Code   194  main.o(i.MX_TIM2_Init)
    i.MX_TIM3_Init                           0x08003844   Section        0  main.o(i.MX_TIM3_Init)
    MX_TIM3_Init                             0x08003845   Thumb Code    94  main.o(i.MX_TIM3_Init)
    i.MX_TIM8_Init                           0x080038ac   Section        0  main.o(i.MX_TIM8_Init)
    MX_TIM8_Init                             0x080038ad   Thumb Code    96  main.o(i.MX_TIM8_Init)
    i.MX_TIM9_Init                           0x08003914   Section        0  main.o(i.MX_TIM9_Init)
    MX_TIM9_Init                             0x08003915   Thumb Code   122  main.o(i.MX_TIM9_Init)
    i.MemManage_Handler                      0x08003998   Section        0  stm32f4xx_it.o(i.MemManage_Handler)
    i.NMI_Handler                            0x0800399a   Section        0  stm32f4xx_it.o(i.NMI_Handler)
    i.PID_Controller_Altitude                0x0800399c   Section        0  main.o(i.PID_Controller_Altitude)
    i.PID_Controller_Angles                  0x08003a48   Section        0  main.o(i.PID_Controller_Angles)
    i.PID_Controller_Omega                   0x08003d50   Section        0  main.o(i.PID_Controller_Omega)
    i.PendSV_Handler                         0x08004028   Section        0  stm32f4xx_it.o(i.PendSV_Handler)
    i.Reset_PID                              0x0800402c   Section        0  main.o(i.Reset_PID)
    i.SPI_EndRxTransaction                   0x08004058   Section        0  stm32f4xx_hal_spi.o(i.SPI_EndRxTransaction)
    SPI_EndRxTransaction                     0x08004059   Thumb Code    92  stm32f4xx_hal_spi.o(i.SPI_EndRxTransaction)
    i.SPI_EndRxTxTransaction                 0x080040b4   Section        0  stm32f4xx_hal_spi.o(i.SPI_EndRxTxTransaction)
    SPI_EndRxTxTransaction                   0x080040b5   Thumb Code    80  stm32f4xx_hal_spi.o(i.SPI_EndRxTxTransaction)
    i.SPI_WaitFlagStateUntilTimeout          0x0800410c   Section        0  stm32f4xx_hal_spi.o(i.SPI_WaitFlagStateUntilTimeout)
    SPI_WaitFlagStateUntilTimeout            0x0800410d   Thumb Code   148  stm32f4xx_hal_spi.o(i.SPI_WaitFlagStateUntilTimeout)
    i.SVC_Handler                            0x080041a0   Section        0  stm32f4xx_it.o(i.SVC_Handler)
    i.SysTick_Handler                        0x080041a2   Section        0  stm32f4xx_it.o(i.SysTick_Handler)
    i.SystemClock_Config                     0x080041a8   Section        0  main.o(i.SystemClock_Config)
    i.SystemInit                             0x08004238   Section        0  system_stm32f4xx.o(i.SystemInit)
    i.TIM1_BRK_TIM9_IRQHandler               0x0800428c   Section        0  stm32f4xx_it.o(i.TIM1_BRK_TIM9_IRQHandler)
    i.TIM1_CC_IRQHandler                     0x080042a8   Section        0  stm32f4xx_it.o(i.TIM1_CC_IRQHandler)
    i.TIM3_IRQHandler                        0x080042b4   Section        0  stm32f4xx_it.o(i.TIM3_IRQHandler)
    i.TIM_Base_SetConfig                     0x080042c0   Section        0  stm32f4xx_hal_tim.o(i.TIM_Base_SetConfig)
    i.TIM_CCxChannelCmd                      0x08004388   Section        0  stm32f4xx_hal_tim.o(i.TIM_CCxChannelCmd)
    i.TIM_ETR_SetConfig                      0x080043a2   Section        0  stm32f4xx_hal_tim.o(i.TIM_ETR_SetConfig)
    i.TIM_ITRx_SetConfig                     0x080043b6   Section        0  stm32f4xx_hal_tim.o(i.TIM_ITRx_SetConfig)
    TIM_ITRx_SetConfig                       0x080043b7   Thumb Code    16  stm32f4xx_hal_tim.o(i.TIM_ITRx_SetConfig)
    i.TIM_OC1_SetConfig                      0x080043c8   Section        0  stm32f4xx_hal_tim.o(i.TIM_OC1_SetConfig)
    TIM_OC1_SetConfig                        0x080043c9   Thumb Code    88  stm32f4xx_hal_tim.o(i.TIM_OC1_SetConfig)
    i.TIM_OC2_SetConfig                      0x08004428   Section        0  stm32f4xx_hal_tim.o(i.TIM_OC2_SetConfig)
    i.TIM_OC3_SetConfig                      0x08004494   Section        0  stm32f4xx_hal_tim.o(i.TIM_OC3_SetConfig)
    TIM_OC3_SetConfig                        0x08004495   Thumb Code    96  stm32f4xx_hal_tim.o(i.TIM_OC3_SetConfig)
    i.TIM_OC4_SetConfig                      0x080044fc   Section        0  stm32f4xx_hal_tim.o(i.TIM_OC4_SetConfig)
    TIM_OC4_SetConfig                        0x080044fd   Thumb Code    70  stm32f4xx_hal_tim.o(i.TIM_OC4_SetConfig)
    i.TIM_TI1_ConfigInputStage               0x0800454c   Section        0  stm32f4xx_hal_tim.o(i.TIM_TI1_ConfigInputStage)
    TIM_TI1_ConfigInputStage                 0x0800454d   Thumb Code    34  stm32f4xx_hal_tim.o(i.TIM_TI1_ConfigInputStage)
    i.TIM_TI1_SetConfig                      0x08004570   Section        0  stm32f4xx_hal_tim.o(i.TIM_TI1_SetConfig)
    i.TIM_TI2_ConfigInputStage               0x080045f0   Section        0  stm32f4xx_hal_tim.o(i.TIM_TI2_ConfigInputStage)
    TIM_TI2_ConfigInputStage                 0x080045f1   Thumb Code    36  stm32f4xx_hal_tim.o(i.TIM_TI2_ConfigInputStage)
    i.TIM_TI2_SetConfig                      0x08004614   Section        0  stm32f4xx_hal_tim.o(i.TIM_TI2_SetConfig)
    TIM_TI2_SetConfig                        0x08004615   Thumb Code    54  stm32f4xx_hal_tim.o(i.TIM_TI2_SetConfig)
    i.UsageFault_Handler                     0x0800464a   Section        0  stm32f4xx_it.o(i.UsageFault_Handler)
    i.__ARM_fpclassify                       0x0800464c   Section        0  fpclassify.o(i.__ARM_fpclassify)
    i.__NVIC_SetPriority                     0x0800467c   Section        0  stm32f4xx_hal_cortex.o(i.__NVIC_SetPriority)
    __NVIC_SetPriority                       0x0800467d   Thumb Code    32  stm32f4xx_hal_cortex.o(i.__NVIC_SetPriority)
    i.__hardfp_asin                          0x080046a0   Section        0  asin.o(i.__hardfp_asin)
    i.__hardfp_atan                          0x08004a00   Section        0  atan.o(i.__hardfp_atan)
    i.__hardfp_atan2                         0x08004cd8   Section        0  atan2.o(i.__hardfp_atan2)
    i.__hardfp_sqrt                          0x08004ec8   Section        0  sqrt.o(i.__hardfp_sqrt)
    i.__kernel_poly                          0x08004f42   Section        0  poly.o(i.__kernel_poly)
    i.__mathlib_dbl_infnan                   0x0800503a   Section        0  dunder.o(i.__mathlib_dbl_infnan)
    i.__mathlib_dbl_infnan2                  0x0800504e   Section        0  dunder.o(i.__mathlib_dbl_infnan2)
    i.__mathlib_dbl_invalid                  0x08005068   Section        0  dunder.o(i.__mathlib_dbl_invalid)
    i.__mathlib_dbl_underflow                0x08005088   Section        0  dunder.o(i.__mathlib_dbl_underflow)
    i.__scatterload_copy                     0x080050a8   Section       14  handlers.o(i.__scatterload_copy)
    i.__scatterload_null                     0x080050b6   Section        2  handlers.o(i.__scatterload_null)
    i.__scatterload_zeroinit                 0x080050b8   Section       14  handlers.o(i.__scatterload_zeroinit)
    i.__set_errno                            0x080050c8   Section        0  errno.o(i.__set_errno)
    i.adns_get_data                          0x080050d4   Section        0  adns3080.o(i.adns_get_data)
    i.adns_init                              0x080051f8   Section        0  adns3080.o(i.adns_init)
    i.atan                                   0x080052e8   Section        0  atan.o(i.atan)
    i.fabs                                   0x080052f8   Section        0  fabs.o(i.fabs)
    i.get_position_x                         0x08005310   Section        0  adns3080.o(i.get_position_x)
    i.get_position_y                         0x08005324   Section        0  adns3080.o(i.get_position_y)
    i.invSqrt                                0x08005338   Section        0  imu.o(i.invSqrt)
    i.main                                   0x08005364   Section        0  main.o(i.main)
    i.readRegisterMPU9250                    0x080054e0   Section        0  mpu9255.o(i.readRegisterMPU9250)
    i.sqrt                                   0x08005514   Section        0  sqrt.o(i.sqrt)
    .constdata                               0x08005582   Section       16  system_stm32f4xx.o(.constdata)
    .constdata                               0x08005592   Section        8  system_stm32f4xx.o(.constdata)
    .constdata                               0x080055a0   Section       80  asin.o(.constdata)
    pS                                       0x080055a0   Data          48  asin.o(.constdata)
    qS                                       0x080055d0   Data          32  asin.o(.constdata)
    .constdata                               0x080055f0   Section      152  atan.o(.constdata)
    atanhi                                   0x080055f0   Data          32  atan.o(.constdata)
    atanlo                                   0x08005610   Data          32  atan.o(.constdata)
    aTodd                                    0x08005630   Data          40  atan.o(.constdata)
    aTeven                                   0x08005658   Data          48  atan.o(.constdata)
    .constdata                               0x08005688   Section        8  qnan.o(.constdata)
    .data                                    0x20000000   Section       32  imu.o(.data)
    .data                                    0x20000020   Section      103  mpu9255.o(.data)
    .data                                    0x20000088   Section       12  adns3080.o(.data)
    .data                                    0x20000098   Section      384  main.o(.data)
    .data                                    0x20000218   Section        4  system_stm32f4xx.o(.data)
    .data                                    0x2000021c   Section       12  stm32f4xx_hal.o(.data)
    .data                                    0x20000228   Section        4  errno.o(.data)
    _errno                                   0x20000228   Data           4  errno.o(.data)
    .bss                                     0x2000022c   Section     1848  mpu9255.o(.bss)
    .bss                                     0x20000964   Section      492  main.o(.bss)
    STACK                                    0x20000b50   Section     1024  startup_stm32f407xx.o(STACK)

    Global Symbols

    Symbol Name                              Value     Ov Type        Size  Object(Section)

    BuildAttributes$$THM_ISAv4$E$P$D$K$B$S$7EM$VFPi3$EXTD16$VFPS$VFMA$PE$A:L22UL41UL21$X:L11$S22US41US21$IEEE1$IW$USESV6$~STKCKD$USESV7$~SHL$OTIME$ROPI$IEEEX$EBA8$MICROLIB$REQ8$PRES8$EABIv2 0x00000000   Number         0  anon$$obj.o ABSOLUTE
    __ARM_use_no_argv                        0x00000000   Number         0  main.o ABSOLUTE
    __cpp_initialize__aeabi_                  - Undefined Weak Reference
    __cxa_finalize                            - Undefined Weak Reference
    _clock_init                               - Undefined Weak Reference
    _microlib_exit                            - Undefined Weak Reference
    __Vectors_Size                           0x00000188   Number         0  startup_stm32f407xx.o ABSOLUTE
    __Vectors                                0x08000000   Data           4  startup_stm32f407xx.o(RESET)
    __Vectors_End                            0x08000188   Data           0  startup_stm32f407xx.o(RESET)
    __main                                   0x08000189   Thumb Code     0  entry.o(.ARM.Collect$$$$00000000)
    _main_stk                                0x08000189   Thumb Code     0  entry2.o(.ARM.Collect$$$$00000001)
    _main_scatterload                        0x0800018d   Thumb Code     0  entry5.o(.ARM.Collect$$$$00000004)
    __main_after_scatterload                 0x08000191   Thumb Code     0  entry5.o(.ARM.Collect$$$$00000004)
    _main_clock                              0x08000191   Thumb Code     0  entry7b.o(.ARM.Collect$$$$00000008)
    _main_cpp_init                           0x08000191   Thumb Code     0  entry8b.o(.ARM.Collect$$$$0000000A)
    _main_init                               0x08000191   Thumb Code     0  entry9a.o(.ARM.Collect$$$$0000000B)
    __rt_final_cpp                           0x08000199   Thumb Code     0  entry10a.o(.ARM.Collect$$$$0000000D)
    __rt_final_exit                          0x08000199   Thumb Code     0  entry11a.o(.ARM.Collect$$$$0000000F)
    Reset_Handler                            0x0800019d   Thumb Code     8  startup_stm32f407xx.o(.text)
    ADC_IRQHandler                           0x080001b7   Thumb Code     0  startup_stm32f407xx.o(.text)
    CAN1_RX0_IRQHandler                      0x080001b7   Thumb Code     0  startup_stm32f407xx.o(.text)
    CAN1_RX1_IRQHandler                      0x080001b7   Thumb Code     0  startup_stm32f407xx.o(.text)
    CAN1_SCE_IRQHandler                      0x080001b7   Thumb Code     0  startup_stm32f407xx.o(.text)
    CAN1_TX_IRQHandler                       0x080001b7   Thumb Code     0  startup_stm32f407xx.o(.text)
    CAN2_RX0_IRQHandler                      0x080001b7   Thumb Code     0  startup_stm32f407xx.o(.text)
    CAN2_RX1_IRQHandler                      0x080001b7   Thumb Code     0  startup_stm32f407xx.o(.text)
    CAN2_SCE_IRQHandler                      0x080001b7   Thumb Code     0  startup_stm32f407xx.o(.text)
    CAN2_TX_IRQHandler                       0x080001b7   Thumb Code     0  startup_stm32f407xx.o(.text)
    DCMI_IRQHandler                          0x080001b7   Thumb Code     0  startup_stm32f407xx.o(.text)
    DMA1_Stream0_IRQHandler                  0x080001b7   Thumb Code     0  startup_stm32f407xx.o(.text)
    DMA1_Stream1_IRQHandler                  0x080001b7   Thumb Code     0  startup_stm32f407xx.o(.text)
    DMA1_Stream2_IRQHandler                  0x080001b7   Thumb Code     0  startup_stm32f407xx.o(.text)
    DMA1_Stream3_IRQHandler                  0x080001b7   Thumb Code     0  startup_stm32f407xx.o(.text)
    DMA1_Stream4_IRQHandler                  0x080001b7   Thumb Code     0  startup_stm32f407xx.o(.text)
    DMA1_Stream5_IRQHandler                  0x080001b7   Thumb Code     0  startup_stm32f407xx.o(.text)
    DMA1_Stream6_IRQHandler                  0x080001b7   Thumb Code     0  startup_stm32f407xx.o(.text)
    DMA1_Stream7_IRQHandler                  0x080001b7   Thumb Code     0  startup_stm32f407xx.o(.text)
    DMA2_Stream0_IRQHandler                  0x080001b7   Thumb Code     0  startup_stm32f407xx.o(.text)
    DMA2_Stream1_IRQHandler                  0x080001b7   Thumb Code     0  startup_stm32f407xx.o(.text)
    DMA2_Stream2_IRQHandler                  0x080001b7   Thumb Code     0  startup_stm32f407xx.o(.text)
    DMA2_Stream3_IRQHandler                  0x080001b7   Thumb Code     0  startup_stm32f407xx.o(.text)
    DMA2_Stream4_IRQHandler                  0x080001b7   Thumb Code     0  startup_stm32f407xx.o(.text)
    DMA2_Stream5_IRQHandler                  0x080001b7   Thumb Code     0  startup_stm32f407xx.o(.text)
    DMA2_Stream6_IRQHandler                  0x080001b7   Thumb Code     0  startup_stm32f407xx.o(.text)
    DMA2_Stream7_IRQHandler                  0x080001b7   Thumb Code     0  startup_stm32f407xx.o(.text)
    ETH_IRQHandler                           0x080001b7   Thumb Code     0  startup_stm32f407xx.o(.text)
    ETH_WKUP_IRQHandler                      0x080001b7   Thumb Code     0  startup_stm32f407xx.o(.text)
    EXTI0_IRQHandler                         0x080001b7   Thumb Code     0  startup_stm32f407xx.o(.text)
    EXTI15_10_IRQHandler                     0x080001b7   Thumb Code     0  startup_stm32f407xx.o(.text)
    EXTI1_IRQHandler                         0x080001b7   Thumb Code     0  startup_stm32f407xx.o(.text)
    EXTI2_IRQHandler                         0x080001b7   Thumb Code     0  startup_stm32f407xx.o(.text)
    EXTI3_IRQHandler                         0x080001b7   Thumb Code     0  startup_stm32f407xx.o(.text)
    EXTI4_IRQHandler                         0x080001b7   Thumb Code     0  startup_stm32f407xx.o(.text)
    EXTI9_5_IRQHandler                       0x080001b7   Thumb Code     0  startup_stm32f407xx.o(.text)
    FLASH_IRQHandler                         0x080001b7   Thumb Code     0  startup_stm32f407xx.o(.text)
    FMC_IRQHandler                           0x080001b7   Thumb Code     0  startup_stm32f407xx.o(.text)
    FPU_IRQHandler                           0x080001b7   Thumb Code     0  startup_stm32f407xx.o(.text)
    HASH_RNG_IRQHandler                      0x080001b7   Thumb Code     0  startup_stm32f407xx.o(.text)
    I2C1_ER_IRQHandler                       0x080001b7   Thumb Code     0  startup_stm32f407xx.o(.text)
    I2C1_EV_IRQHandler                       0x080001b7   Thumb Code     0  startup_stm32f407xx.o(.text)
    I2C2_ER_IRQHandler                       0x080001b7   Thumb Code     0  startup_stm32f407xx.o(.text)
    I2C2_EV_IRQHandler                       0x080001b7   Thumb Code     0  startup_stm32f407xx.o(.text)
    I2C3_ER_IRQHandler                       0x080001b7   Thumb Code     0  startup_stm32f407xx.o(.text)
    I2C3_EV_IRQHandler                       0x080001b7   Thumb Code     0  startup_stm32f407xx.o(.text)
    OTG_FS_IRQHandler                        0x080001b7   Thumb Code     0  startup_stm32f407xx.o(.text)
    OTG_FS_WKUP_IRQHandler                   0x080001b7   Thumb Code     0  startup_stm32f407xx.o(.text)
    OTG_HS_EP1_IN_IRQHandler                 0x080001b7   Thumb Code     0  startup_stm32f407xx.o(.text)
    OTG_HS_EP1_OUT_IRQHandler                0x080001b7   Thumb Code     0  startup_stm32f407xx.o(.text)
    OTG_HS_IRQHandler                        0x080001b7   Thumb Code     0  startup_stm32f407xx.o(.text)
    OTG_HS_WKUP_IRQHandler                   0x080001b7   Thumb Code     0  startup_stm32f407xx.o(.text)
    PVD_IRQHandler                           0x080001b7   Thumb Code     0  startup_stm32f407xx.o(.text)
    RCC_IRQHandler                           0x080001b7   Thumb Code     0  startup_stm32f407xx.o(.text)
    RTC_Alarm_IRQHandler                     0x080001b7   Thumb Code     0  startup_stm32f407xx.o(.text)
    RTC_WKUP_IRQHandler                      0x080001b7   Thumb Code     0  startup_stm32f407xx.o(.text)
    SDIO_IRQHandler                          0x080001b7   Thumb Code     0  startup_stm32f407xx.o(.text)
    SPI1_IRQHandler                          0x080001b7   Thumb Code     0  startup_stm32f407xx.o(.text)
    SPI2_IRQHandler                          0x080001b7   Thumb Code     0  startup_stm32f407xx.o(.text)
    SPI3_IRQHandler                          0x080001b7   Thumb Code     0  startup_stm32f407xx.o(.text)
    TAMP_STAMP_IRQHandler                    0x080001b7   Thumb Code     0  startup_stm32f407xx.o(.text)
    TIM1_TRG_COM_TIM11_IRQHandler            0x080001b7   Thumb Code     0  startup_stm32f407xx.o(.text)
    TIM1_UP_TIM10_IRQHandler                 0x080001b7   Thumb Code     0  startup_stm32f407xx.o(.text)
    TIM2_IRQHandler                          0x080001b7   Thumb Code     0  startup_stm32f407xx.o(.text)
    TIM4_IRQHandler                          0x080001b7   Thumb Code     0  startup_stm32f407xx.o(.text)
    TIM5_IRQHandler                          0x080001b7   Thumb Code     0  startup_stm32f407xx.o(.text)
    TIM6_DAC_IRQHandler                      0x080001b7   Thumb Code     0  startup_stm32f407xx.o(.text)
    TIM7_IRQHandler                          0x080001b7   Thumb Code     0  startup_stm32f407xx.o(.text)
    TIM8_BRK_TIM12_IRQHandler                0x080001b7   Thumb Code     0  startup_stm32f407xx.o(.text)
    TIM8_CC_IRQHandler                       0x080001b7   Thumb Code     0  startup_stm32f407xx.o(.text)
    TIM8_TRG_COM_TIM14_IRQHandler            0x080001b7   Thumb Code     0  startup_stm32f407xx.o(.text)
    TIM8_UP_TIM13_IRQHandler                 0x080001b7   Thumb Code     0  startup_stm32f407xx.o(.text)
    UART4_IRQHandler                         0x080001b7   Thumb Code     0  startup_stm32f407xx.o(.text)
    UART5_IRQHandler                         0x080001b7   Thumb Code     0  startup_stm32f407xx.o(.text)
    USART1_IRQHandler                        0x080001b7   Thumb Code     0  startup_stm32f407xx.o(.text)
    USART2_IRQHandler                        0x080001b7   Thumb Code     0  startup_stm32f407xx.o(.text)
    USART3_IRQHandler                        0x080001b7   Thumb Code     0  startup_stm32f407xx.o(.text)
    USART6_IRQHandler                        0x080001b7   Thumb Code     0  startup_stm32f407xx.o(.text)
    WWDG_IRQHandler                          0x080001b7   Thumb Code     0  startup_stm32f407xx.o(.text)
    __aeabi_uldivmod                         0x080001c1   Thumb Code    98  uldiv.o(.text)
    __aeabi_memcpy                           0x08000223   Thumb Code    36  memcpya.o(.text)
    __aeabi_memcpy4                          0x08000223   Thumb Code     0  memcpya.o(.text)
    __aeabi_memcpy8                          0x08000223   Thumb Code     0  memcpya.o(.text)
    __aeabi_memset                           0x08000247   Thumb Code    14  memseta.o(.text)
    __aeabi_memset4                          0x08000247   Thumb Code     0  memseta.o(.text)
    __aeabi_memset8                          0x08000247   Thumb Code     0  memseta.o(.text)
    __aeabi_memclr                           0x08000255   Thumb Code     4  memseta.o(.text)
    __aeabi_memclr4                          0x08000255   Thumb Code     0  memseta.o(.text)
    __aeabi_memclr8                          0x08000255   Thumb Code     0  memseta.o(.text)
    _memset$wrapper                          0x08000259   Thumb Code    18  memseta.o(.text)
    __aeabi_dadd                             0x0800026b   Thumb Code   322  dadd.o(.text)
    __aeabi_dsub                             0x080003ad   Thumb Code     6  dadd.o(.text)
    __aeabi_drsub                            0x080003b3   Thumb Code     6  dadd.o(.text)
    __aeabi_dmul                             0x080003b9   Thumb Code   228  dmul.o(.text)
    __aeabi_ddiv                             0x0800049d   Thumb Code   222  ddiv.o(.text)
    __aeabi_i2d                              0x0800057b   Thumb Code    34  dflti.o(.text)
    __aeabi_f2d                              0x0800059d   Thumb Code    38  f2d.o(.text)
    __aeabi_d2f                              0x080005c3   Thumb Code    56  d2f.o(.text)
    __aeabi_llsl                             0x080005fb   Thumb Code    30  llshl.o(.text)
    _ll_shift_l                              0x080005fb   Thumb Code     0  llshl.o(.text)
    __aeabi_llsr                             0x08000619   Thumb Code    32  llushr.o(.text)
    _ll_ushift_r                             0x08000619   Thumb Code     0  llushr.o(.text)
    __aeabi_lasr                             0x08000639   Thumb Code    36  llsshr.o(.text)
    _ll_sshift_r                             0x08000639   Thumb Code     0  llsshr.o(.text)
    __I$use$fp                               0x0800065d   Thumb Code     0  iusefp.o(.text)
    _float_round                             0x0800065d   Thumb Code    18  fepilogue.o(.text)
    _float_epilogue                          0x0800066f   Thumb Code    92  fepilogue.o(.text)
    _double_round                            0x080006cb   Thumb Code    30  depilogue.o(.text)
    _double_epilogue                         0x080006e9   Thumb Code   156  depilogue.o(.text)
    _dsqrt                                   0x08000785   Thumb Code   162  dsqrt.o(.text)
    __scatterload                            0x08000829   Thumb Code    28  init.o(.text)
    __scatterload_rt2                        0x08000829   Thumb Code     0  init.o(.text)
    __decompress                             0x0800084d   Thumb Code     0  __dczerorl2.o(.text)
    __decompress1                            0x0800084d   Thumb Code    86  __dczerorl2.o(.text)
    Average_Filter_2                         0x080008a5   Thumb Code   478  mpu9255.o(i.Average_Filter_2)
    BusFault_Handler                         0x08000a99   Thumb Code     2  stm32f4xx_it.o(i.BusFault_Handler)
    DWT_Delay_Init                           0x08000a9d   Thumb Code    58  dwt_stm32_delay.o(i.DWT_Delay_Init)
    DWT_Delay_ms                             0x08000ae1   Thumb Code    54  dwt_stm32_delay.o(i.DWT_Delay_ms)
    DebugMon_Handler                         0x08000b79   Thumb Code     2  stm32f4xx_it.o(i.DebugMon_Handler)
    Error_Handler                            0x08000b7d   Thumb Code    10  main.o(i.Error_Handler)
    HAL_Delay                                0x08000b8d   Thumb Code    32  stm32f4xx_hal.o(i.HAL_Delay)
    HAL_GPIO_Init                            0x08000bb1   Thumb Code   394  stm32f4xx_hal_gpio.o(i.HAL_GPIO_Init)
    HAL_GPIO_ReadPin                         0x08000d69   Thumb Code    10  stm32f4xx_hal_gpio.o(i.HAL_GPIO_ReadPin)
    HAL_GPIO_TogglePin                       0x08000d73   Thumb Code    14  stm32f4xx_hal_gpio.o(i.HAL_GPIO_TogglePin)
    HAL_GPIO_WritePin                        0x08000d81   Thumb Code    10  stm32f4xx_hal_gpio.o(i.HAL_GPIO_WritePin)
    HAL_GetTick                              0x08000d8d   Thumb Code     6  stm32f4xx_hal.o(i.HAL_GetTick)
    HAL_I2C_Init                             0x08000d99   Thumb Code   376  stm32f4xx_hal_i2c.o(i.HAL_I2C_Init)
    HAL_I2C_Master_Receive                   0x08000f21   Thumb Code   468  stm32f4xx_hal_i2c.o(i.HAL_I2C_Master_Receive)
    HAL_I2C_Master_Transmit                  0x08001101   Thumb Code   290  stm32f4xx_hal_i2c.o(i.HAL_I2C_Master_Transmit)
    HAL_I2C_MspInit                          0x0800122d   Thumb Code    92  stm32f4xx_hal_msp.o(i.HAL_I2C_MspInit)
    HAL_IncTick                              0x08001295   Thumb Code    12  stm32f4xx_hal.o(i.HAL_IncTick)
    HAL_Init                                 0x080012a5   Thumb Code    48  stm32f4xx_hal.o(i.HAL_Init)
    HAL_InitTick                             0x080012d9   Thumb Code    54  stm32f4xx_hal.o(i.HAL_InitTick)
    HAL_MspInit                              0x08001319   Thumb Code    42  stm32f4xx_hal_msp.o(i.HAL_MspInit)
    HAL_NVIC_EnableIRQ                       0x08001349   Thumb Code    26  stm32f4xx_hal_cortex.o(i.HAL_NVIC_EnableIRQ)
    HAL_NVIC_SetPriority                     0x08001365   Thumb Code    60  stm32f4xx_hal_cortex.o(i.HAL_NVIC_SetPriority)
    HAL_NVIC_SetPriorityGrouping             0x080013a5   Thumb Code    26  stm32f4xx_hal_cortex.o(i.HAL_NVIC_SetPriorityGrouping)
    HAL_RCC_ClockConfig                      0x080013c9   Thumb Code   288  stm32f4xx_hal_rcc.o(i.HAL_RCC_ClockConfig)
    HAL_RCC_GetHCLKFreq                      0x080014fd   Thumb Code     6  stm32f4xx_hal_rcc.o(i.HAL_RCC_GetHCLKFreq)
    HAL_RCC_GetPCLK1Freq                     0x08001509   Thumb Code    20  stm32f4xx_hal_rcc.o(i.HAL_RCC_GetPCLK1Freq)
    HAL_RCC_GetSysClockFreq                  0x08001529   Thumb Code    88  stm32f4xx_hal_rcc.o(i.HAL_RCC_GetSysClockFreq)
    HAL_RCC_OscConfig                        0x08001589   Thumb Code   840  stm32f4xx_hal_rcc.o(i.HAL_RCC_OscConfig)
    HAL_SPI_Init                             0x080018e5   Thumb Code   128  stm32f4xx_hal_spi.o(i.HAL_SPI_Init)
    HAL_SPI_MspInit                          0x08001965   Thumb Code    92  stm32f4xx_hal_msp.o(i.HAL_SPI_MspInit)
    HAL_SPI_Receive                          0x080019cd   Thumb Code   336  stm32f4xx_hal_spi.o(i.HAL_SPI_Receive)
    HAL_SPI_Transmit                         0x08001b1d   Thumb Code   348  stm32f4xx_hal_spi.o(i.HAL_SPI_Transmit)
    HAL_SPI_TransmitReceive                  0x08001c79   Thumb Code   482  stm32f4xx_hal_spi.o(i.HAL_SPI_TransmitReceive)
    HAL_SYSTICK_Config                       0x08001e5b   Thumb Code    40  stm32f4xx_hal_cortex.o(i.HAL_SYSTICK_Config)
    HAL_TIMEx_BreakCallback                  0x08001e83   Thumb Code     2  stm32f4xx_hal_tim_ex.o(i.HAL_TIMEx_BreakCallback)
    HAL_TIMEx_CommutCallback                 0x08001e85   Thumb Code     2  stm32f4xx_hal_tim_ex.o(i.HAL_TIMEx_CommutCallback)
    HAL_TIMEx_MasterConfigSynchronization    0x08001e89   Thumb Code   116  stm32f4xx_hal_tim_ex.o(i.HAL_TIMEx_MasterConfigSynchronization)
    HAL_TIM_Base_Init                        0x08001f19   Thumb Code    54  stm32f4xx_hal_tim.o(i.HAL_TIM_Base_Init)
    HAL_TIM_Base_MspInit                     0x08001f51   Thumb Code   260  stm32f4xx_hal_msp.o(i.HAL_TIM_Base_MspInit)
    HAL_TIM_Base_Start_IT                    0x08002069   Thumb Code    34  stm32f4xx_hal_tim.o(i.HAL_TIM_Base_Start_IT)
    HAL_TIM_ConfigClockSource                0x0800208b   Thumb Code   214  stm32f4xx_hal_tim.o(i.HAL_TIM_ConfigClockSource)
    HAL_TIM_IC_CaptureCallback               0x08002161   Thumb Code   226  main.o(i.HAL_TIM_IC_CaptureCallback)
    HAL_TIM_IC_ConfigChannel                 0x0800225d   Thumb Code   286  stm32f4xx_hal_tim.o(i.HAL_TIM_IC_ConfigChannel)
    HAL_TIM_IC_Init                          0x0800237b   Thumb Code    54  stm32f4xx_hal_tim.o(i.HAL_TIM_IC_Init)
    HAL_TIM_IC_MspInit                       0x080023b1   Thumb Code    90  stm32f4xx_hal_msp.o(i.HAL_TIM_IC_MspInit)
    HAL_TIM_IC_Start_IT                      0x08002419   Thumb Code    86  stm32f4xx_hal_tim.o(i.HAL_TIM_IC_Start_IT)
    HAL_TIM_IRQHandler                       0x0800246f   Thumb Code   358  stm32f4xx_hal_tim.o(i.HAL_TIM_IRQHandler)
    HAL_TIM_MspPostInit                      0x080025d5   Thumb Code    70  stm32f4xx_hal_msp.o(i.HAL_TIM_MspPostInit)
    HAL_TIM_OC_DelayElapsedCallback          0x08002625   Thumb Code     2  stm32f4xx_hal_tim.o(i.HAL_TIM_OC_DelayElapsedCallback)
    HAL_TIM_PWM_ConfigChannel                0x08002627   Thumb Code   208  stm32f4xx_hal_tim.o(i.HAL_TIM_PWM_ConfigChannel)
    HAL_TIM_PWM_Init                         0x080026f7   Thumb Code    54  stm32f4xx_hal_tim.o(i.HAL_TIM_PWM_Init)
    HAL_TIM_PWM_MspInit                      0x0800272d   Thumb Code     2  stm32f4xx_hal_tim.o(i.HAL_TIM_PWM_MspInit)
    HAL_TIM_PWM_PulseFinishedCallback        0x0800272f   Thumb Code     2  stm32f4xx_hal_tim.o(i.HAL_TIM_PWM_PulseFinishedCallback)
    HAL_TIM_PWM_Start                        0x08002731   Thumb Code    58  stm32f4xx_hal_tim.o(i.HAL_TIM_PWM_Start)
    HAL_TIM_PeriodElapsedCallback            0x08002775   Thumb Code   530  main.o(i.HAL_TIM_PeriodElapsedCallback)
    HAL_TIM_TriggerCallback                  0x080029a1   Thumb Code     2  stm32f4xx_hal_tim.o(i.HAL_TIM_TriggerCallback)
    HardFault_Handler                        0x080029a3   Thumb Code     2  stm32f4xx_it.o(i.HardFault_Handler)
    IMU_AHRSupdate                           0x08002d59   Thumb Code   882  imu.o(i.IMU_AHRSupdate)
    IMU_GetQuater                            0x080030d9   Thumb Code   152  imu.o(i.IMU_GetQuater)
    IMU_GetYawPitchRoll                      0x08003185   Thumb Code   344  imu.o(i.IMU_GetYawPitchRoll)
    Init_button_and_led                      0x080032e9   Thumb Code    94  main.o(i.Init_button_and_led)
    LPF                                      0x08003351   Thumb Code    46  mpu9255.o(i.LPF)
    MPU9255_Get_Data                         0x08003385   Thumb Code   350  mpu9255.o(i.MPU9255_Get_Data)
    MemManage_Handler                        0x08003999   Thumb Code     2  stm32f4xx_it.o(i.MemManage_Handler)
    NMI_Handler                              0x0800399b   Thumb Code     2  stm32f4xx_it.o(i.NMI_Handler)
    PID_Controller_Altitude                  0x0800399d   Thumb Code   156  main.o(i.PID_Controller_Altitude)
    PID_Controller_Angles                    0x08003a49   Thumb Code   754  main.o(i.PID_Controller_Angles)
    PID_Controller_Omega                     0x08003d51   Thumb Code   720  main.o(i.PID_Controller_Omega)
    PendSV_Handler                           0x08004029   Thumb Code     2  stm32f4xx_it.o(i.PendSV_Handler)
    Reset_PID                                0x0800402d   Thumb Code    36  main.o(i.Reset_PID)
    SVC_Handler                              0x080041a1   Thumb Code     2  stm32f4xx_it.o(i.SVC_Handler)
    SysTick_Handler                          0x080041a3   Thumb Code     4  stm32f4xx_it.o(i.SysTick_Handler)
    SystemClock_Config                       0x080041a9   Thumb Code   134  main.o(i.SystemClock_Config)
    SystemInit                               0x08004239   Thumb Code    66  system_stm32f4xx.o(i.SystemInit)
    TIM1_BRK_TIM9_IRQHandler                 0x0800428d   Thumb Code    18  stm32f4xx_it.o(i.TIM1_BRK_TIM9_IRQHandler)
    TIM1_CC_IRQHandler                       0x080042a9   Thumb Code     6  stm32f4xx_it.o(i.TIM1_CC_IRQHandler)
    TIM3_IRQHandler                          0x080042b5   Thumb Code     6  stm32f4xx_it.o(i.TIM3_IRQHandler)
    TIM_Base_SetConfig                       0x080042c1   Thumb Code   156  stm32f4xx_hal_tim.o(i.TIM_Base_SetConfig)
    TIM_CCxChannelCmd                        0x08004389   Thumb Code    26  stm32f4xx_hal_tim.o(i.TIM_CCxChannelCmd)
    TIM_ETR_SetConfig                        0x080043a3   Thumb Code    20  stm32f4xx_hal_tim.o(i.TIM_ETR_SetConfig)
    TIM_OC2_SetConfig                        0x08004429   Thumb Code    98  stm32f4xx_hal_tim.o(i.TIM_OC2_SetConfig)
    TIM_TI1_SetConfig                        0x08004571   Thumb Code   100  stm32f4xx_hal_tim.o(i.TIM_TI1_SetConfig)
    UsageFault_Handler                       0x0800464b   Thumb Code     2  stm32f4xx_it.o(i.UsageFault_Handler)
    __ARM_fpclassify                         0x0800464d   Thumb Code    48  fpclassify.o(i.__ARM_fpclassify)
    __hardfp_asin                            0x080046a1   Thumb Code   770  asin.o(i.__hardfp_asin)
    __hardfp_atan                            0x08004a01   Thumb Code   622  atan.o(i.__hardfp_atan)
    __hardfp_atan2                           0x08004cd9   Thumb Code   432  atan2.o(i.__hardfp_atan2)
    __hardfp_sqrt                            0x08004ec9   Thumb Code   122  sqrt.o(i.__hardfp_sqrt)
    __kernel_poly                            0x08004f43   Thumb Code   248  poly.o(i.__kernel_poly)
    __mathlib_dbl_infnan                     0x0800503b   Thumb Code    20  dunder.o(i.__mathlib_dbl_infnan)
    __mathlib_dbl_infnan2                    0x0800504f   Thumb Code    20  dunder.o(i.__mathlib_dbl_infnan2)
    __mathlib_dbl_invalid                    0x08005069   Thumb Code    24  dunder.o(i.__mathlib_dbl_invalid)
    __mathlib_dbl_underflow                  0x08005089   Thumb Code    24  dunder.o(i.__mathlib_dbl_underflow)
    __scatterload_copy                       0x080050a9   Thumb Code    14  handlers.o(i.__scatterload_copy)
    __scatterload_null                       0x080050b7   Thumb Code     2  handlers.o(i.__scatterload_null)
    __scatterload_zeroinit                   0x080050b9   Thumb Code    14  handlers.o(i.__scatterload_zeroinit)
    __set_errno                              0x080050c9   Thumb Code     6  errno.o(i.__set_errno)
    adns_get_data                            0x080050d5   Thumb Code   278  adns3080.o(i.adns_get_data)
    adns_init                                0x080051f9   Thumb Code   228  adns3080.o(i.adns_init)
    atan                                     0x080052e9   Thumb Code    16  atan.o(i.atan)
    fabs                                     0x080052f9   Thumb Code    24  fabs.o(i.fabs)
    get_position_x                           0x08005311   Thumb Code    14  adns3080.o(i.get_position_x)
    get_position_y                           0x08005325   Thumb Code    14  adns3080.o(i.get_position_y)
    invSqrt                                  0x08005339   Thumb Code    40  imu.o(i.invSqrt)
    main                                     0x08005365   Thumb Code   358  main.o(i.main)
    readRegisterMPU9250                      0x080054e1   Thumb Code    42  mpu9255.o(i.readRegisterMPU9250)
    sqrt                                     0x08005515   Thumb Code   110  sqrt.o(i.sqrt)
    AHBPrescTable                            0x08005582   Data          16  system_stm32f4xx.o(.constdata)
    APBPrescTable                            0x08005592   Data           8  system_stm32f4xx.o(.constdata)
    __mathlib_zero                           0x08005688   Data           8  qnan.o(.constdata)
    Region$$Table$$Base                      0x08005690   Number         0  anon$$obj.o(Region$$Table)
    Region$$Table$$Limit                     0x080056b0   Number         0  anon$$obj.o(Region$$Table)
    q0                                       0x20000000   Data           4  imu.o(.data)
    GYRO_FACTOR                              0x20000004   Data           4  imu.o(.data)
    roll                                     0x20000008   Data           4  imu.o(.data)
    pitch                                    0x2000000c   Data           4  imu.o(.data)
    yaw                                      0x20000010   Data           4  imu.o(.data)
    q1                                       0x20000014   Data           4  imu.o(.data)
    q2                                       0x20000018   Data           4  imu.o(.data)
    q3                                       0x2000001c   Data           4  imu.o(.data)
    re                                       0x20000020   Data           1  mpu9255.o(.data)
    re_mag                                   0x20000021   Data           1  mpu9255.o(.data)
    average_filter_counter                   0x20000022   Data           1  mpu9255.o(.data)
    buffer                                   0x20000023   Data           3  mpu9255.o(.data)
    sum_ax                                   0x20000028   Data           4  mpu9255.o(.data)
    sum_ay                                   0x2000002c   Data           4  mpu9255.o(.data)
    sum_az                                   0x20000030   Data           4  mpu9255.o(.data)
    sum_gx                                   0x20000034   Data           4  mpu9255.o(.data)
    sum_gy                                   0x20000038   Data           4  mpu9255.o(.data)
    sum_gz                                   0x2000003c   Data           4  mpu9255.o(.data)
    sum_mx                                   0x20000040   Data           4  mpu9255.o(.data)
    sum_my                                   0x20000044   Data           4  mpu9255.o(.data)
    sum_mz                                   0x20000048   Data           4  mpu9255.o(.data)
    mpu_buf                                  0x2000004c   Data           4  mpu9255.o(.data)
    gyro_raw_pre                             0x20000050   Data           6  mpu9255.o(.data)
    gyro_offset                              0x20000056   Data           6  mpu9255.o(.data)
    gyro                                     0x2000005c   Data           6  mpu9255.o(.data)
    gyro_raw                                 0x20000062   Data           6  mpu9255.o(.data)
    accel                                    0x20000068   Data           6  mpu9255.o(.data)
    accel_raw                                0x2000006e   Data           6  mpu9255.o(.data)
    mag                                      0x20000074   Data           6  mpu9255.o(.data)
    mag_raw                                  0x2000007a   Data           6  mpu9255.o(.data)
    buffer2                                  0x20000080   Data           7  mpu9255.o(.data)
    dx                                       0x20000088   Data           1  adns3080.o(.data)
    dy                                       0x20000089   Data           1  adns3080.o(.data)
    position_x                               0x2000008c   Data           4  adns3080.o(.data)
    position_y                               0x20000090   Data           4  adns3080.o(.data)
    position_counter                         0x20000098   Data           1  main.o(.data)
    esc1                                     0x2000009a   Data           2  main.o(.data)
    esc2                                     0x2000009c   Data           2  main.o(.data)
    esc3                                     0x2000009e   Data           2  main.o(.data)
    esc4                                     0x200000a0   Data           2  main.o(.data)
    pid_roll_setpoint_base                   0x200000a2   Data           2  main.o(.data)
    pid_pitch_setpoint_base                  0x200000a4   Data           2  main.o(.data)
    inner_controller_counter                 0x200000a6   Data           2  main.o(.data)
    outer_controller_counter                 0x200000a8   Data           2  main.o(.data)
    outer_outer_controller_counter           0x200000aa   Data           2  main.o(.data)
    count                                    0x200000ac   Data           4  main.o(.data)
    ga                                       0x200000b0   Data           4  main.o(.data)
    start                                    0x200000b4   Data           4  main.o(.data)
    channel_1                                0x200000b8   Data           4  main.o(.data)
    channel_2                                0x200000bc   Data           4  main.o(.data)
    channel_3                                0x200000c0   Data           4  main.o(.data)
    channel_5                                0x200000c4   Data           4  main.o(.data)
    m_position_x                             0x200000c8   Data           4  main.o(.data)
    m_position_y                             0x200000cc   Data           4  main.o(.data)
    distance                                 0x200000d0   Data           4  main.o(.data)
    pid_output_roll                          0x200000d4   Data           4  main.o(.data)
    pid_error_temp_roll                      0x200000d8   Data           4  main.o(.data)
    pid_i_mem_roll                           0x200000dc   Data           4  main.o(.data)
    pid_last_roll_d_error                    0x200000e0   Data           4  main.o(.data)
    pid_max_roll                             0x200000e4   Data           4  main.o(.data)
    pid_output_roll_omega                    0x200000e8   Data           4  main.o(.data)
    pid_error_temp_roll_omega                0x200000ec   Data           4  main.o(.data)
    pid_i_mem_roll_omega                     0x200000f0   Data           4  main.o(.data)
    pid_last_roll_d_error_omega              0x200000f4   Data           4  main.o(.data)
    pid_max_roll_omega_integral              0x200000f8   Data           4  main.o(.data)
    pid_max_roll_omega                       0x200000fc   Data           4  main.o(.data)
    pid_output_pitch                         0x20000100   Data           4  main.o(.data)
    pid_error_temp_pitch                     0x20000104   Data           4  main.o(.data)
    pid_i_mem_pitch                          0x20000108   Data           4  main.o(.data)
    pid_last_pitch_d_error                   0x2000010c   Data           4  main.o(.data)
    pid_max_pitch                            0x20000110   Data           4  main.o(.data)
    pid_output_pitch_omega                   0x20000114   Data           4  main.o(.data)
    pid_error_temp_pitch_omega               0x20000118   Data           4  main.o(.data)
    pid_i_mem_pitch_omega                    0x2000011c   Data           4  main.o(.data)
    pid_last_pitch_d_error_omega             0x20000120   Data           4  main.o(.data)
    pid_max_pitch_omega_integral             0x20000124   Data           4  main.o(.data)
    pid_max_pitch_omega                      0x20000128   Data           4  main.o(.data)
    pid_output_yaw                           0x2000012c   Data           4  main.o(.data)
    pid_error_temp_yaw                       0x20000130   Data           4  main.o(.data)
    pid_i_mem_yaw                            0x20000134   Data           4  main.o(.data)
    pid_last_yaw_d_error                     0x20000138   Data           4  main.o(.data)
    pid_max_yaw                              0x2000013c   Data           4  main.o(.data)
    pid_output_yaw_omega                     0x20000140   Data           4  main.o(.data)
    pid_error_temp_yaw_omega                 0x20000144   Data           4  main.o(.data)
    pid_i_mem_yaw_omega                      0x20000148   Data           4  main.o(.data)
    pid_last_yaw_d_error_omega               0x2000014c   Data           4  main.o(.data)
    pid_max_yaw_omega                        0x20000150   Data           4  main.o(.data)
    pid_max_yaw_omega_integral               0x20000154   Data           4  main.o(.data)
    running_timer                            0x20000158   Data           4  main.o(.data)
    running_timer_counter                    0x2000015c   Data           4  main.o(.data)
    time                                     0x20000160   Data           4  main.o(.data)
    pid_roll_setpoint                        0x20000164   Data           4  main.o(.data)
    pid_pitch_setpoint                       0x20000168   Data           4  main.o(.data)
    altitude_error                           0x2000016c   Data           4  main.o(.data)
    altitude_error_pre                       0x20000170   Data           4  main.o(.data)
    throttle_output                          0x20000174   Data           4  main.o(.data)
    throttle_output_max                      0x20000178   Data           4  main.o(.data)
    kp_altitude                              0x2000017c   Data           4  main.o(.data)
    ki_altitude                              0x20000180   Data           4  main.o(.data)
    kd_altitude                              0x20000184   Data           4  main.o(.data)
    pid_altitude_integral                    0x20000188   Data           4  main.o(.data)
    pid_altitude_integral_max                0x2000018c   Data           4  main.o(.data)
    kp_roll                                  0x20000190   Data           8  main.o(.data)
    ki_roll                                  0x20000198   Data           8  main.o(.data)
    kd_roll                                  0x200001a0   Data           8  main.o(.data)
    kp_roll_omega                            0x200001a8   Data           8  main.o(.data)
    ki_roll_omega                            0x200001b0   Data           8  main.o(.data)
    kd_roll_omega                            0x200001b8   Data           8  main.o(.data)
    ki_pitch                                 0x200001c0   Data           8  main.o(.data)
    kd_pitch                                 0x200001c8   Data           8  main.o(.data)
    kp_pitch_omega                           0x200001d0   Data           8  main.o(.data)
    ki_pitch_omega                           0x200001d8   Data           8  main.o(.data)
    kd_pitch_omega                           0x200001e0   Data           8  main.o(.data)
    kp_yaw                                   0x200001e8   Data           8  main.o(.data)
    ki_yaw                                   0x200001f0   Data           8  main.o(.data)
    kd_yaw                                   0x200001f8   Data           8  main.o(.data)
    kp_yaw_omega                             0x20000200   Data           8  main.o(.data)
    ki_yaw_omega                             0x20000208   Data           8  main.o(.data)
    kd_yaw_omega                             0x20000210   Data           8  main.o(.data)
    SystemCoreClock                          0x20000218   Data           4  system_stm32f4xx.o(.data)
    uwTickFreq                               0x2000021c   Data           1  stm32f4xx_hal.o(.data)
    uwTickPrio                               0x20000220   Data           4  stm32f4xx_hal.o(.data)
    uwTick                                   0x20000224   Data           4  stm32f4xx_hal.o(.data)
    magn_filter_x                            0x2000022c   Data         200  mpu9255.o(.bss)
    magn_filter_y                            0x200002f4   Data         200  mpu9255.o(.bss)
    magn_filter_z                            0x200003bc   Data         200  mpu9255.o(.bss)
    accel_filter_x                           0x20000484   Data         200  mpu9255.o(.bss)
    accel_filter_y                           0x2000054c   Data         200  mpu9255.o(.bss)
    accel_filter_z                           0x20000614   Data         200  mpu9255.o(.bss)
    gyro_filter_x                            0x200006dc   Data         200  mpu9255.o(.bss)
    gyro_filter_y                            0x200007a4   Data         200  mpu9255.o(.bss)
    gyro_filter_z                            0x2000086c   Data         200  mpu9255.o(.bss)
    mpu_rx                                   0x20000934   Data          21  mpu9255.o(.bss)
    gyro_that                                0x2000094c   Data          12  mpu9255.o(.bss)
    accel_that                               0x20000958   Data          12  mpu9255.o(.bss)
    hi2c1                                    0x20000964   Data          84  main.o(.bss)
    hspi1                                    0x200009b8   Data          88  main.o(.bss)
    htim1                                    0x20000a10   Data          64  main.o(.bss)
    htim2                                    0x20000a50   Data          64  main.o(.bss)
    htim3                                    0x20000a90   Data          64  main.o(.bss)
    htim8                                    0x20000ad0   Data          64  main.o(.bss)
    htim9                                    0x20000b10   Data          64  main.o(.bss)
    __initial_sp                             0x20000f50   Data           0  startup_stm32f407xx.o(STACK)



==============================================================================

Memory Map of the image

  Image Entry point : 0x08000189

  Load Region LR_IROM1 (Base: 0x08000000, Size: 0x000058dc, Max: 0x00100000, ABSOLUTE, COMPRESSED[0x00005708])

    Execution Region ER_IROM1 (Base: 0x08000000, Size: 0x000056b0, Max: 0x00100000, ABSOLUTE)

    Base Addr    Size         Type   Attr      Idx    E Section Name        Object

    0x08000000   0x00000188   Data   RO            3    RESET               startup_stm32f407xx.o
    0x08000188   0x00000000   Code   RO         3613  * .ARM.Collect$$$$00000000  mc_w.l(entry.o)
    0x08000188   0x00000004   Code   RO         3675    .ARM.Collect$$$$00000001  mc_w.l(entry2.o)
    0x0800018c   0x00000004   Code   RO         3678    .ARM.Collect$$$$00000004  mc_w.l(entry5.o)
    0x08000190   0x00000000   Code   RO         3680    .ARM.Collect$$$$00000008  mc_w.l(entry7b.o)
    0x08000190   0x00000000   Code   RO         3682    .ARM.Collect$$$$0000000A  mc_w.l(entry8b.o)
    0x08000190   0x00000008   Code   RO         3683    .ARM.Collect$$$$0000000B  mc_w.l(entry9a.o)
    0x08000198   0x00000000   Code   RO         3685    .ARM.Collect$$$$0000000D  mc_w.l(entry10a.o)
    0x08000198   0x00000000   Code   RO         3687    .ARM.Collect$$$$0000000F  mc_w.l(entry11a.o)
    0x08000198   0x00000004   Code   RO         3676    .ARM.Collect$$$$00002712  mc_w.l(entry2.o)
    0x0800019c   0x00000024   Code   RO            4    .text               startup_stm32f407xx.o
    0x080001c0   0x00000062   Code   RO         3616    .text               mc_w.l(uldiv.o)
    0x08000222   0x00000024   Code   RO         3618    .text               mc_w.l(memcpya.o)
    0x08000246   0x00000024   Code   RO         3620    .text               mc_w.l(memseta.o)
    0x0800026a   0x0000014e   Code   RO         3624    .text               mf_w.l(dadd.o)
    0x080003b8   0x000000e4   Code   RO         3626    .text               mf_w.l(dmul.o)
    0x0800049c   0x000000de   Code   RO         3628    .text               mf_w.l(ddiv.o)
    0x0800057a   0x00000022   Code   RO         3630    .text               mf_w.l(dflti.o)
    0x0800059c   0x00000026   Code   RO         3632    .text               mf_w.l(f2d.o)
    0x080005c2   0x00000038   Code   RO         3634    .text               mf_w.l(d2f.o)
    0x080005fa   0x0000001e   Code   RO         3689    .text               mc_w.l(llshl.o)
    0x08000618   0x00000020   Code   RO         3691    .text               mc_w.l(llushr.o)
    0x08000638   0x00000024   Code   RO         3693    .text               mc_w.l(llsshr.o)
    0x0800065c   0x00000000   Code   RO         3702    .text               mc_w.l(iusefp.o)
    0x0800065c   0x0000006e   Code   RO         3703    .text               mf_w.l(fepilogue.o)
    0x080006ca   0x000000ba   Code   RO         3705    .text               mf_w.l(depilogue.o)
    0x08000784   0x000000a2   Code   RO         3709    .text               mf_w.l(dsqrt.o)
    0x08000826   0x00000002   PAD
    0x08000828   0x00000024   Code   RO         3713    .text               mc_w.l(init.o)
    0x0800084c   0x00000056   Code   RO         3723    .text               mc_w.l(__dczerorl2.o)
    0x080008a2   0x00000002   PAD
    0x080008a4   0x000001f4   Code   RO          185    i.Average_Filter_2  mpu9255.o
    0x08000a98   0x00000002   Code   RO          541    i.BusFault_Handler  stm32f4xx_it.o
    0x08000a9a   0x00000002   PAD
    0x08000a9c   0x00000044   Code   RO          284    i.DWT_Delay_Init    dwt_stm32_delay.o
    0x08000ae0   0x00000040   Code   RO          285    i.DWT_Delay_ms      dwt_stm32_delay.o
    0x08000b20   0x0000002c   Code   RO          317    i.DWT_Delay_us      adns3080.o
    0x08000b4c   0x0000002c   Code   RO          376    i.DWT_Delay_us      main.o
    0x08000b78   0x00000002   Code   RO          542    i.DebugMon_Handler  stm32f4xx_it.o
    0x08000b7a   0x00000002   PAD
    0x08000b7c   0x00000010   Code   RO          377    i.Error_Handler     main.o
    0x08000b8c   0x00000024   Code   RO         2077    i.HAL_Delay         stm32f4xx_hal.o
    0x08000bb0   0x000001b8   Code   RO         1551    i.HAL_GPIO_Init     stm32f4xx_hal_gpio.o
    0x08000d68   0x0000000a   Code   RO         1553    i.HAL_GPIO_ReadPin  stm32f4xx_hal_gpio.o
    0x08000d72   0x0000000e   Code   RO         1554    i.HAL_GPIO_TogglePin  stm32f4xx_hal_gpio.o
    0x08000d80   0x0000000a   Code   RO         1555    i.HAL_GPIO_WritePin  stm32f4xx_hal_gpio.o
    0x08000d8a   0x00000002   PAD
    0x08000d8c   0x0000000c   Code   RO         2083    i.HAL_GetTick       stm32f4xx_hal.o
    0x08000d98   0x00000188   Code   RO          762    i.HAL_I2C_Init      stm32f4xx_hal_i2c.o
    0x08000f20   0x000001e0   Code   RO          768    i.HAL_I2C_Master_Receive  stm32f4xx_hal_i2c.o
    0x08001100   0x0000012c   Code   RO          775    i.HAL_I2C_Master_Transmit  stm32f4xx_hal_i2c.o
    0x0800122c   0x00000068   Code   RO          636    i.HAL_I2C_MspInit   stm32f4xx_hal_msp.o
    0x08001294   0x00000010   Code   RO         2089    i.HAL_IncTick       stm32f4xx_hal.o
    0x080012a4   0x00000034   Code   RO         2090    i.HAL_Init          stm32f4xx_hal.o
    0x080012d8   0x00000040   Code   RO         2091    i.HAL_InitTick      stm32f4xx_hal.o
    0x08001318   0x00000030   Code   RO          637    i.HAL_MspInit       stm32f4xx_hal_msp.o
    0x08001348   0x0000001a   Code   RO         1940    i.HAL_NVIC_EnableIRQ  stm32f4xx_hal_cortex.o
    0x08001362   0x00000002   PAD
    0x08001364   0x00000040   Code   RO         1946    i.HAL_NVIC_SetPriority  stm32f4xx_hal_cortex.o
    0x080013a4   0x00000024   Code   RO         1947    i.HAL_NVIC_SetPriorityGrouping  stm32f4xx_hal_cortex.o
    0x080013c8   0x00000134   Code   RO         1197    i.HAL_RCC_ClockConfig  stm32f4xx_hal_rcc.o
    0x080014fc   0x0000000c   Code   RO         1202    i.HAL_RCC_GetHCLKFreq  stm32f4xx_hal_rcc.o
    0x08001508   0x00000020   Code   RO         1204    i.HAL_RCC_GetPCLK1Freq  stm32f4xx_hal_rcc.o
    0x08001528   0x00000060   Code   RO         1206    i.HAL_RCC_GetSysClockFreq  stm32f4xx_hal_rcc.o
    0x08001588   0x0000035c   Code   RO         1209    i.HAL_RCC_OscConfig  stm32f4xx_hal_rcc.o
    0x080018e4   0x00000080   Code   RO         2339    i.HAL_SPI_Init      stm32f4xx_hal_spi.o
    0x08001964   0x00000068   Code   RO          639    i.HAL_SPI_MspInit   stm32f4xx_hal_msp.o
    0x080019cc   0x00000150   Code   RO         2342    i.HAL_SPI_Receive   stm32f4xx_hal_spi.o
    0x08001b1c   0x0000015c   Code   RO         2347    i.HAL_SPI_Transmit  stm32f4xx_hal_spi.o
    0x08001c78   0x000001e2   Code   RO         2348    i.HAL_SPI_TransmitReceive  stm32f4xx_hal_spi.o
    0x08001e5a   0x00000028   Code   RO         1951    i.HAL_SYSTICK_Config  stm32f4xx_hal_cortex.o
    0x08001e82   0x00000002   Code   RO         3327    i.HAL_TIMEx_BreakCallback  stm32f4xx_hal_tim_ex.o
    0x08001e84   0x00000002   Code   RO         3328    i.HAL_TIMEx_CommutCallback  stm32f4xx_hal_tim_ex.o
    0x08001e86   0x00000002   PAD
    0x08001e88   0x00000090   Code   RO         3345    i.HAL_TIMEx_MasterConfigSynchronization  stm32f4xx_hal_tim_ex.o
    0x08001f18   0x00000036   Code   RO         2652    i.HAL_TIM_Base_Init  stm32f4xx_hal_tim.o
    0x08001f4e   0x00000002   PAD
    0x08001f50   0x00000118   Code   RO          641    i.HAL_TIM_Base_MspInit  stm32f4xx_hal_msp.o
    0x08002068   0x00000022   Code   RO         2657    i.HAL_TIM_Base_Start_IT  stm32f4xx_hal_tim.o
    0x0800208a   0x000000d6   Code   RO         2661    i.HAL_TIM_ConfigClockSource  stm32f4xx_hal_tim.o
    0x08002160   0x000000fc   Code   RO          378    i.HAL_TIM_IC_CaptureCallback  main.o
    0x0800225c   0x0000011e   Code   RO         2683    i.HAL_TIM_IC_ConfigChannel  stm32f4xx_hal_tim.o
    0x0800237a   0x00000036   Code   RO         2686    i.HAL_TIM_IC_Init   stm32f4xx_hal_tim.o
    0x080023b0   0x00000068   Code   RO          643    i.HAL_TIM_IC_MspInit  stm32f4xx_hal_msp.o
    0x08002418   0x00000056   Code   RO         2691    i.HAL_TIM_IC_Start_IT  stm32f4xx_hal_tim.o
    0x0800246e   0x00000166   Code   RO         2695    i.HAL_TIM_IRQHandler  stm32f4xx_hal_tim.o
    0x080025d4   0x00000050   Code   RO          644    i.HAL_TIM_MspPostInit  stm32f4xx_hal_msp.o
    0x08002624   0x00000002   Code   RO         2698    i.HAL_TIM_OC_DelayElapsedCallback  stm32f4xx_hal_tim.o
    0x08002626   0x000000d0   Code   RO         2719    i.HAL_TIM_PWM_ConfigChannel  stm32f4xx_hal_tim.o
    0x080026f6   0x00000036   Code   RO         2722    i.HAL_TIM_PWM_Init  stm32f4xx_hal_tim.o
    0x0800272c   0x00000002   Code   RO         2724    i.HAL_TIM_PWM_MspInit  stm32f4xx_hal_tim.o
    0x0800272e   0x00000002   Code   RO         2725    i.HAL_TIM_PWM_PulseFinishedCallback  stm32f4xx_hal_tim.o
    0x08002730   0x00000044   Code   RO         2727    i.HAL_TIM_PWM_Start  stm32f4xx_hal_tim.o
    0x08002774   0x0000022c   Code   RO          379    i.HAL_TIM_PeriodElapsedCallback  main.o
    0x080029a0   0x00000002   Code   RO         2738    i.HAL_TIM_TriggerCallback  stm32f4xx_hal_tim.o
    0x080029a2   0x00000002   Code   RO          543    i.HardFault_Handler  stm32f4xx_it.o
    0x080029a4   0x0000002e   Code   RO          804    i.I2C_IsAcknowledgeFailed  stm32f4xx_hal_i2c.o
    0x080029d2   0x00000002   PAD
    0x080029d4   0x000000ec   Code   RO          807    i.I2C_MasterRequestRead  stm32f4xx_hal_i2c.o
    0x08002ac0   0x0000009c   Code   RO          808    i.I2C_MasterRequestWrite  stm32f4xx_hal_i2c.o
    0x08002b5c   0x0000004c   Code   RO          818    i.I2C_WaitOnBTFFlagUntilTimeout  stm32f4xx_hal_i2c.o
    0x08002ba8   0x00000068   Code   RO          819    i.I2C_WaitOnFlagUntilTimeout  stm32f4xx_hal_i2c.o
    0x08002c10   0x00000096   Code   RO          820    i.I2C_WaitOnMasterAddressFlagUntilTimeout  stm32f4xx_hal_i2c.o
    0x08002ca6   0x00000066   Code   RO          821    i.I2C_WaitOnRXNEFlagUntilTimeout  stm32f4xx_hal_i2c.o
    0x08002d0c   0x0000004c   Code   RO          822    i.I2C_WaitOnTXEFlagUntilTimeout  stm32f4xx_hal_i2c.o
    0x08002d58   0x00000380   Code   RO           13    i.IMU_AHRSupdate    imu.o
    0x080030d8   0x000000ac   Code   RO           14    i.IMU_GetQuater     imu.o
    0x08003184   0x00000164   Code   RO           15    i.IMU_GetYawPitchRoll  imu.o
    0x080032e8   0x00000068   Code   RO          380    i.Init_button_and_led  main.o
    0x08003350   0x00000034   Code   RO          187    i.LPF               mpu9255.o
    0x08003384   0x00000174   Code   RO          188    i.MPU9255_Get_Data  mpu9255.o
    0x080034f8   0x00000120   Code   RO          381    i.MX_GPIO_Init      main.o
    0x08003618   0x00000040   Code   RO          382    i.MX_I2C1_Init      main.o
    0x08003658   0x00000048   Code   RO          383    i.MX_SPI1_Init      main.o
    0x080036a0   0x000000dc   Code   RO          384    i.MX_TIM1_Init      main.o
    0x0800377c   0x000000c8   Code   RO          385    i.MX_TIM2_Init      main.o
    0x08003844   0x00000068   Code   RO          386    i.MX_TIM3_Init      main.o
    0x080038ac   0x00000068   Code   RO          387    i.MX_TIM8_Init      main.o
    0x08003914   0x00000084   Code   RO          388    i.MX_TIM9_Init      main.o
    0x08003998   0x00000002   Code   RO          544    i.MemManage_Handler  stm32f4xx_it.o
    0x0800399a   0x00000002   Code   RO          545    i.NMI_Handler       stm32f4xx_it.o
    0x0800399c   0x000000ac   Code   RO          389    i.PID_Controller_Altitude  main.o
    0x08003a48   0x00000308   Code   RO          390    i.PID_Controller_Angles  main.o
    0x08003d50   0x000002d8   Code   RO          391    i.PID_Controller_Omega  main.o
    0x08004028   0x00000002   Code   RO          546    i.PendSV_Handler    stm32f4xx_it.o
    0x0800402a   0x00000002   PAD
    0x0800402c   0x0000002c   Code   RO          392    i.Reset_PID         main.o
    0x08004058   0x0000005c   Code   RO         2376    i.SPI_EndRxTransaction  stm32f4xx_hal_spi.o
    0x080040b4   0x00000058   Code   RO         2377    i.SPI_EndRxTxTransaction  stm32f4xx_hal_spi.o
    0x0800410c   0x00000094   Code   RO         2382    i.SPI_WaitFlagStateUntilTimeout  stm32f4xx_hal_spi.o
    0x080041a0   0x00000002   Code   RO          547    i.SVC_Handler       stm32f4xx_it.o
    0x080041a2   0x00000004   Code   RO          548    i.SysTick_Handler   stm32f4xx_it.o
    0x080041a6   0x00000002   PAD
    0x080041a8   0x00000090   Code   RO          393    i.SystemClock_Config  main.o
    0x08004238   0x00000054   Code   RO          714    i.SystemInit        system_stm32f4xx.o
    0x0800428c   0x0000001c   Code   RO          549    i.TIM1_BRK_TIM9_IRQHandler  stm32f4xx_it.o
    0x080042a8   0x0000000c   Code   RO          550    i.TIM1_CC_IRQHandler  stm32f4xx_it.o
    0x080042b4   0x0000000c   Code   RO          551    i.TIM3_IRQHandler   stm32f4xx_it.o
    0x080042c0   0x000000c8   Code   RO         2740    i.TIM_Base_SetConfig  stm32f4xx_hal_tim.o
    0x08004388   0x0000001a   Code   RO         2741    i.TIM_CCxChannelCmd  stm32f4xx_hal_tim.o
    0x080043a2   0x00000014   Code   RO         2751    i.TIM_ETR_SetConfig  stm32f4xx_hal_tim.o
    0x080043b6   0x00000010   Code   RO         2752    i.TIM_ITRx_SetConfig  stm32f4xx_hal_tim.o
    0x080043c6   0x00000002   PAD
    0x080043c8   0x00000060   Code   RO         2753    i.TIM_OC1_SetConfig  stm32f4xx_hal_tim.o
    0x08004428   0x0000006c   Code   RO         2754    i.TIM_OC2_SetConfig  stm32f4xx_hal_tim.o
    0x08004494   0x00000068   Code   RO         2755    i.TIM_OC3_SetConfig  stm32f4xx_hal_tim.o
    0x080044fc   0x00000050   Code   RO         2756    i.TIM_OC4_SetConfig  stm32f4xx_hal_tim.o
    0x0800454c   0x00000022   Code   RO         2758    i.TIM_TI1_ConfigInputStage  stm32f4xx_hal_tim.o
    0x0800456e   0x00000002   PAD
    0x08004570   0x00000080   Code   RO         2759    i.TIM_TI1_SetConfig  stm32f4xx_hal_tim.o
    0x080045f0   0x00000024   Code   RO         2760    i.TIM_TI2_ConfigInputStage  stm32f4xx_hal_tim.o
    0x08004614   0x00000036   Code   RO         2761    i.TIM_TI2_SetConfig  stm32f4xx_hal_tim.o
    0x0800464a   0x00000002   Code   RO          552    i.UsageFault_Handler  stm32f4xx_it.o
    0x0800464c   0x00000030   Code   RO         3670    i.__ARM_fpclassify  m_wm.l(fpclassify.o)
    0x0800467c   0x00000020   Code   RO         1953    i.__NVIC_SetPriority  stm32f4xx_hal_cortex.o
    0x0800469c   0x00000004   PAD
    0x080046a0   0x00000360   Code   RO         3575    i.__hardfp_asin     m_wm.l(asin.o)
    0x08004a00   0x000002d8   Code   RO         3636    i.__hardfp_atan     m_wm.l(atan.o)
    0x08004cd8   0x000001f0   Code   RO         3589    i.__hardfp_atan2    m_wm.l(atan2.o)
    0x08004ec8   0x0000007a   Code   RO         3601    i.__hardfp_sqrt     m_wm.l(sqrt.o)
    0x08004f42   0x000000f8   Code   RO         3672    i.__kernel_poly     m_wm.l(poly.o)
    0x0800503a   0x00000014   Code   RO         3651    i.__mathlib_dbl_infnan  m_wm.l(dunder.o)
    0x0800504e   0x00000014   Code   RO         3652    i.__mathlib_dbl_infnan2  m_wm.l(dunder.o)
    0x08005062   0x00000006   PAD
    0x08005068   0x00000020   Code   RO         3653    i.__mathlib_dbl_invalid  m_wm.l(dunder.o)
    0x08005088   0x00000020   Code   RO         3656    i.__mathlib_dbl_underflow  m_wm.l(dunder.o)
    0x080050a8   0x0000000e   Code   RO         3717    i.__scatterload_copy  mc_w.l(handlers.o)
    0x080050b6   0x00000002   Code   RO         3718    i.__scatterload_null  mc_w.l(handlers.o)
    0x080050b8   0x0000000e   Code   RO         3719    i.__scatterload_zeroinit  mc_w.l(handlers.o)
    0x080050c6   0x00000002   PAD
    0x080050c8   0x0000000c   Code   RO         3697    i.__set_errno       mc_w.l(errno.o)
    0x080050d4   0x00000124   Code   RO          318    i.adns_get_data     adns3080.o
    0x080051f8   0x000000f0   Code   RO          319    i.adns_init         adns3080.o
    0x080052e8   0x00000010   Code   RO         3638    i.atan              m_wm.l(atan.o)
    0x080052f8   0x00000018   Code   RO         3666    i.fabs              m_wm.l(fabs.o)
    0x08005310   0x00000014   Code   RO          320    i.get_position_x    adns3080.o
    0x08005324   0x00000014   Code   RO          321    i.get_position_y    adns3080.o
    0x08005338   0x0000002c   Code   RO           17    i.invSqrt           imu.o
    0x08005364   0x0000017c   Code   RO          395    i.main              main.o
    0x080054e0   0x00000034   Code   RO          191    i.readRegisterMPU9250  mpu9255.o
    0x08005514   0x0000006e   Code   RO         3603    i.sqrt              m_wm.l(sqrt.o)
    0x08005582   0x00000010   Data   RO          715    .constdata          system_stm32f4xx.o
    0x08005592   0x00000008   Data   RO          716    .constdata          system_stm32f4xx.o
    0x0800559a   0x00000006   PAD
    0x080055a0   0x00000050   Data   RO         3578    .constdata          m_wm.l(asin.o)
    0x080055f0   0x00000098   Data   RO         3639    .constdata          m_wm.l(atan.o)
    0x08005688   0x00000008   Data   RO         3674    .constdata          m_wm.l(qnan.o)
    0x08005690   0x00000020   Data   RO         3715    Region$$Table       anon$$obj.o


    Execution Region RW_IRAM1 (Base: 0x20000000, Size: 0x00000f50, Max: 0x00020000, ABSOLUTE, COMPRESSED[0x00000058])

    Base Addr    Size         Type   Attr      Idx    E Section Name        Object

    0x20000000   0x00000020   Data   RW           18    .data               imu.o
    0x20000020   0x00000067   Data   RW          197    .data               mpu9255.o
    0x20000087   0x00000001   PAD
    0x20000088   0x0000000c   Data   RW          322    .data               adns3080.o
    0x20000094   0x00000004   PAD
    0x20000098   0x00000180   Data   RW          398    .data               main.o
    0x20000218   0x00000004   Data   RW          717    .data               system_stm32f4xx.o
    0x2000021c   0x0000000c   Data   RW         2097    .data               stm32f4xx_hal.o
    0x20000228   0x00000004   Data   RW         3698    .data               mc_w.l(errno.o)
    0x2000022c   0x00000738   Zero   RW          194    .bss                mpu9255.o
    0x20000964   0x000001ec   Zero   RW          397    .bss                main.o
    0x20000b50   0x00000400   Zero   RW            1    STACK               startup_stm32f407xx.o


==============================================================================

Image component sizes


      Code (inc. data)   RO Data    RW Data    ZI Data      Debug   Object Name

       616         48          0         12          0       3612   adns3080.o
       132         20          0          0          0       1604   dwt_stm32_delay.o
      1468         50          0         32          0     694060   imu.o
      4400        250          0        384        492      18203   main.o
       976         60          0        103       1848       5607   mpu9255.o
        36          8        392          0       1024        828   startup_stm32f407xx.o
       180         28          0         12          0       9349   stm32f4xx_hal.o
       198         14          0          0          0      33903   stm32f4xx_hal_cortex.o
       474         46          0          0          0       3640   stm32f4xx_hal_gpio.o
      2118         50          0          0          0      12418   stm32f4xx_hal_i2c.o
       720         74          0          0          0       4600   stm32f4xx_hal_msp.o
      1308         66          0          0          0       5069   stm32f4xx_hal_rcc.o
      1622          8          0          0          0       8238   stm32f4xx_hal_spi.o
      2326        118          0          0          0      19900   stm32f4xx_hal_tim.o
       148         28          0          0          0       2425   stm32f4xx_hal_tim_ex.o
        72         22          0          0          0       5436   stm32f4xx_it.o
        84         18         24          4          0       1135   system_stm32f4xx.o

    ----------------------------------------------------------------------
     16904        908        454        552       3364     830027   Object Totals
         0          0         32          0          0          0   (incl. Generated)
        26          0          6          5          0          0   (incl. Padding)

    ----------------------------------------------------------------------

      Code (inc. data)   RO Data    RW Data    ZI Data      Debug   Library Member Name

       864         94         80          0          0        280   asin.o
       744        106        152          0          0        352   atan.o
       496         64          0          0          0        192   atan2.o
       104         16          0          0          0        496   dunder.o
        24          0          0          0          0        124   fabs.o
        48          0          0          0          0        124   fpclassify.o
       248          0          0          0          0        152   poly.o
         0          0          8          0          0          0   qnan.o
       232          0          0          0          0        296   sqrt.o
        86          0          0          0          0          0   __dczerorl2.o
         0          0          0          0          0          0   entry.o
         0          0          0          0          0          0   entry10a.o
         0          0          0          0          0          0   entry11a.o
         8          4          0          0          0          0   entry2.o
         4          0          0          0          0          0   entry5.o
         0          0          0          0          0          0   entry7b.o
         0          0          0          0          0          0   entry8b.o
         8          4          0          0          0          0   entry9a.o
        12          6          0          4          0         68   errno.o
        30          0          0          0          0          0   handlers.o
        36          8          0          0          0         68   init.o
         0          0          0          0          0          0   iusefp.o
        30          0          0          0          0         68   llshl.o
        36          0          0          0          0         68   llsshr.o
        32          0          0          0          0         68   llushr.o
        36          0          0          0          0         68   memcpya.o
        36          0          0          0          0        108   memseta.o
        98          0          0          0          0         92   uldiv.o
        56          0          0          0          0         88   d2f.o
       334          0          0          0          0        148   dadd.o
       222          0          0          0          0        100   ddiv.o
       186          0          0          0          0        176   depilogue.o
        34          0          0          0          0         76   dflti.o
       228          0          0          0          0         96   dmul.o
       162          0          0          0          0        100   dsqrt.o
        38          0          0          0          0         68   f2d.o
       110          0          0          0          0        168   fepilogue.o

    ----------------------------------------------------------------------
      4594        302        240          4          0       3644   Library Totals
        12          0          0          0          0          0   (incl. Padding)

    ----------------------------------------------------------------------

      Code (inc. data)   RO Data    RW Data    ZI Data      Debug   Library Name

      2760        280        240          0          0       2016   m_wm.l
       452         22          0          4          0        608   mc_w.l
      1370          0          0          0          0       1020   mf_w.l

    ----------------------------------------------------------------------
      4594        302        240          4          0       3644   Library Totals

    ----------------------------------------------------------------------

==============================================================================


      Code (inc. data)   RO Data    RW Data    ZI Data      Debug   

     21498       1210        694        556       3364     821227   Grand Totals
     21498       1210        694         88       3364     821227   ELF Image Totals (compressed)
     21498       1210        694         88          0          0   ROM Totals

==============================================================================

    Total RO  Size (Code + RO Data)                22192 (  21.67kB)
    Total RW  Size (RW Data + ZI Data)              3920 (   3.83kB)
    Total ROM Size (Code + RO Data + RW Data)      22280 (  21.76kB)

==============================================================================

